###############################################################################
#
# IAR ELF Linker V9.30.1.335/W64 for ARM                  26/Apr/2025  19:24:53
# Copyright 2007-2022 IAR Systems AB.
#
#    Output file  =
#        D:\Documents\Other\Homework\Kolodiy\CoursePaper\source\RtosWrapper\Debug\Exe\iarproject.out
#    Map file     =
#        D:\Documents\Other\Homework\Kolodiy\CoursePaper\source\RtosWrapper\Debug\List\iarproject.map
#    Command line =
#        -f
#        D:\Documents\Other\Homework\Kolodiy\CoursePaper\source\RtosWrapper\Debug\Exe\iarproject.out.rsp
#        (D:\Documents\Other\Homework\Kolodiy\CoursePaper\source\RtosWrapper\Debug\Obj\Application\AdcDmaDataProvider\AdcDmaDataProvider.o
#        D:\Documents\Other\Homework\Kolodiy\CoursePaper\source\RtosWrapper\Debug\Obj\Rtos\FreeRtos\croutine.o
#        D:\Documents\Other\Homework\Kolodiy\CoursePaper\source\RtosWrapper\Debug\Obj\Application\DataRepository\DataRepository.o
#        D:\Documents\Other\Homework\Kolodiy\CoursePaper\source\RtosWrapper\Debug\Obj\Application\DigitalFilter\DigitalFilter.o
#        D:\Documents\Other\Homework\Kolodiy\CoursePaper\source\RtosWrapper\Debug\Obj\Rtos\FreeRtos\event_groups.o
#        D:\Documents\Other\Homework\Kolodiy\CoursePaper\source\RtosWrapper\Debug\Obj\Application\Formatter\Formatter.o
#        D:\Documents\Other\Homework\Kolodiy\CoursePaper\source\RtosWrapper\Debug\Obj\AHardware\IrqController\irqcontroller.o
#        D:\Documents\Other\Homework\Kolodiy\CoursePaper\source\RtosWrapper\Debug\Obj\Rtos\FreeRtos\list.o
#        D:\Documents\Other\Homework\Kolodiy\CoursePaper\source\RtosWrapper\Debug\Obj\main.o
#        D:\Documents\Other\Homework\Kolodiy\CoursePaper\source\RtosWrapper\Debug\Obj\Rtos\FreeRtos\portable\IAR\ARM_CM4F\port.o
#        D:\Documents\Other\Homework\Kolodiy\CoursePaper\source\RtosWrapper\Debug\Obj\Rtos\FreeRtos\portable\IAR\ARM_CM4F\portasm.o
#        D:\Documents\Other\Homework\Kolodiy\CoursePaper\source\RtosWrapper\Debug\Obj\Rtos\FreeRtos\queue.o
#        D:\Documents\Other\Homework\Kolodiy\CoursePaper\source\RtosWrapper\Debug\Obj\startupF411RE.o
#        D:\Documents\Other\Homework\Kolodiy\CoursePaper\source\RtosWrapper\Debug\Obj\Rtos\FreeRtos\tasks.o
#        D:\Documents\Other\Homework\Kolodiy\CoursePaper\source\RtosWrapper\Debug\Obj\Rtos\FreeRtos\timers.o
#        --no_out_extension -o
#        D:\Documents\Other\Homework\Kolodiy\CoursePaper\source\RtosWrapper\Debug\Exe\iarproject.out
#        --map
#        D:\Documents\Other\Homework\Kolodiy\CoursePaper\source\RtosWrapper\Debug\List\iarproject.map
#        --log
#        libraries,initialization,modules,redirects,sections,veneers,unused_fragments,call_graph
#        --log_file
#        D:\Documents\Other\Homework\Kolodiy\CoursePaper\source\RtosWrapper\Debug\List\iarproject.log
#        --config
#        D:\Documents\Other\Homework\Kolodiy\CoursePaper\source\RtosWrapper\stm32f411xE.icf
#        --semihosting --entry __iar_program_start --vfe --text_out locale
#        --cpu=Cortex-M4 --fpu=VFPv4_sp)
#
###############################################################################

*******************************************************************************
*** RUNTIME MODEL ATTRIBUTES
***

CppFlavor                     = *
__CPP_Exceptions              = Disabled
__CPP_Language                = C++14
__CPP_Library                 = DLib
__CPP_Runtime                 = 1
__Heap_Handler                = Basic
__SystemLibrary               = DLib
__dlib_dynamic_initialization = normal
__dlib_version                = 6


*******************************************************************************
*** HEAP SELECTION
***

The basic heap was selected because --advanced_heap
was not specified and the application did not appear to
be primarily optimized for speed.


*******************************************************************************
*** PLACEMENT SUMMARY
***

"A0":  place at address 0x800'0000 { ro section .intvec };
"P1":  place in [from 0x800'0000 to 0x807'ffff] { ro };
define block CSTACK with size = 8K, alignment = 8 { };
define block HEAP with size = 4K, alignment = 8 { };
"P2":  place in [from 0x2000'0000 to 0x2001'ffff] {
          rw, block CSTACK, block HEAP };

  Section                Kind         Address    Size  Object
  -------                ----         -------    ----  ------
"A0":                                           0x198
  .intvec                const     0x800'0000   0x198  startupF411RE.o [1]
                                 - 0x800'0198   0x198

"P1":                                           0x548
  .text                  ro code   0x800'0198   0x194  tasks.o [7]
  .text                  ro code   0x800'032c    0x3e  list.o [7]
  .text                  ro code   0x800'036a     0x2  irqcontroller.o [2]
  CODE                   ro code   0x800'036c    0xa8  portasm.o [8]
  .text                  ro code   0x800'0414    0x42  main.o [1]
  .rodata                const     0x800'0456     0x1  unwind_debug.o [14]
  .text                  ro code   0x800'0458    0x14  main.o [1]
  .text                  ro code   0x800'046c    0x18  main.o [1]
  .text                  ro code   0x800'0484    0x10  main.o [1]
  .text                  ro code   0x800'0494    0x18  main.o [1]
  .text                  ro code   0x800'04ac    0x14  main.o [1]
  .text                  ro code   0x800'04c0    0x14  main.o [1]
  .text                  ro code   0x800'04d4    0x14  main.o [1]
  .text                  ro code   0x800'04e8    0x1c  main.o [1]
  .text                  ro code   0x800'0504    0x14  main.o [1]
  .text                  ro code   0x800'0518    0x14  main.o [1]
  .text                  ro code   0x800'052c    0x14  main.o [1]
  .text                  ro code   0x800'0540    0x14  main.o [1]
  .text                  ro code   0x800'0554    0x38  zero_init3.o [13]
  .text                  ro code   0x800'058c    0x30  port.o [8]
  .text                  ro code   0x800'05bc    0x28  data_init.o [13]
  .text                  ro code   0x800'05e4    0x22  fpinit_M.o [12]
  .iar.init_table        const     0x800'0608    0x14  - Linker created -
  .text                  ro code   0x800'061c    0x20  cmain_call_ctors.o [13]
  .text                  ro code   0x800'063c    0x18  cppinit.o [9]
  .text                  ro code   0x800'0654    0x1e  cmain.o [13]
  .text                  ro code   0x800'0672     0x4  exit.o [9]
  .text                  ro code   0x800'0678     0xa  cexit.o [13]
  .text                  ro code   0x800'0684    0x14  exit.o [14]
  .text                  ro code   0x800'0698    0x12  startupF411RE.o [1]
  .text                  ro code   0x800'06ac    0x10  ios.o [10]
  .text                  ro code   0x800'06bc     0x8  startupF411RE.o [1]
  .text                  ro code   0x800'06c4     0x8  startupF411RE.o [1]
  .text                  ro code   0x800'06cc     0x8  startupF411RE.o [1]
  .text                  ro code   0x800'06d4     0x8  startupF411RE.o [1]
  SHT$$PREINIT_ARRAY               0x800'06dc     0x0  <Block>
  SHT$$INIT_ARRAY                  0x800'06dc     0x4  <Block>
    .init_array          const     0x800'06dc     0x4  ios.o [10]
  __iar_tls$$INIT_ARRAY            0x800'06e0     0x0  <Block>
  .rodata                const     0x800'06e0     0x0  zero_init3.o [13]
                                 - 0x800'06e0   0x548

"P2", part 1 of 2:                               0x9c
  .bss                   zero     0x2000'0000    0x64  tasks.o [7]
  .bss                   zero     0x2000'0064     0x4  tasks.o [7]
  .bss                   zero     0x2000'0068    0x10  ios.o [10]
  .bss                   zero     0x2000'0078     0x4  tasks.o [7]
  .bss                   zero     0x2000'007c     0x4  tasks.o [7]
  .bss                   zero     0x2000'0080     0x4  tasks.o [7]
  .bss                   zero     0x2000'0084     0x4  tasks.o [7]
  .bss                   zero     0x2000'0088     0x4  tasks.o [7]
  .bss                   zero     0x2000'008c     0x4  tasks.o [7]
  .bss                   zero     0x2000'0090     0x4  tasks.o [7]
  .bss                   zero     0x2000'0094     0x4  tasks.o [7]
  .bss                   zero     0x2000'0098     0x4  tasks.o [7]
                                - 0x2000'009c    0x9c

"P2", part 2 of 2:                             0x2000
  CSTACK                          0x2000'00a0  0x2000  <Block>
    CSTACK               uninit   0x2000'00a0  0x2000  <Block tail>
                                - 0x2000'20a0  0x2000

Unused ranges:

         From           To      Size
         ----           --      ----
   0x800'06e0   0x807'ffff  0x7'f920
  0x2000'009c  0x2000'009f       0x4
  0x2000'20a0  0x2001'ffff  0x1'df60


*******************************************************************************
*** INIT TABLE
***

          Address      Size
          -------      ----
Zero (__iar_zero_init3)
    1 destination range, total size 0x9c:
          0x2000'0000  0x9c

Extra (__iar_cstart_call_ctors)



*******************************************************************************
*** MODULE SUMMARY
***

    Module              ro code  ro data  rw data
    ------              -------  -------  -------
command line/config:
    ---------------------------------------------
    Total:

D:\Documents\Other\Homework\Kolodiy\CoursePaper\source\RtosWrapper\Debug\Obj: [1]
    main.o                  318
    startupF411RE.o          50      408
    ---------------------------------------------
    Total:                  368      408

D:\Documents\Other\Homework\Kolodiy\CoursePaper\source\RtosWrapper\Debug\Obj\AHardware\IrqController: [2]
    irqcontroller.o           2
    ---------------------------------------------
    Total:                    2

D:\Documents\Other\Homework\Kolodiy\CoursePaper\source\RtosWrapper\Debug\Obj\Application\AdcDmaDataProvider: [3]
    ---------------------------------------------
    Total:

D:\Documents\Other\Homework\Kolodiy\CoursePaper\source\RtosWrapper\Debug\Obj\Application\DataRepository: [4]
    ---------------------------------------------
    Total:

D:\Documents\Other\Homework\Kolodiy\CoursePaper\source\RtosWrapper\Debug\Obj\Application\DigitalFilter: [5]
    ---------------------------------------------
    Total:

D:\Documents\Other\Homework\Kolodiy\CoursePaper\source\RtosWrapper\Debug\Obj\Application\Formatter: [6]
    ---------------------------------------------
    Total:

D:\Documents\Other\Homework\Kolodiy\CoursePaper\source\RtosWrapper\Debug\Obj\Rtos\FreeRtos: [7]
    list.o                   62
    tasks.o                 404               140
    ---------------------------------------------
    Total:                  466               140

D:\Documents\Other\Homework\Kolodiy\CoursePaper\source\RtosWrapper\Debug\Obj\Rtos\FreeRtos\portable\IAR\ARM_CM4F: [8]
    port.o                   48
    portasm.o               168
    ---------------------------------------------
    Total:                  216

dl7M_tln.a: [9]
    cppinit.o                24
    exit.o                    4
    ---------------------------------------------
    Total:                   28

dlpp7M_tls_nc.a: [10]
    ios.o                    16        4       16
    ---------------------------------------------
    Total:                   16        4       16

dlpprt7M_tl_nc.a: [11]
    ---------------------------------------------
    Total:

m7M_tls.a: [12]
    fpinit_M.o               34
    ---------------------------------------------
    Total:                   34

rt7M_tl.a: [13]
    cexit.o                  10
    cmain.o                  30
    cmain_call_ctors.o       32
    data_init.o              40
    zero_init3.o             56
    ---------------------------------------------
    Total:                  168

shb_l.a: [14]
    exit.o                   20
    unwind_debug.o                     1
    ---------------------------------------------
    Total:                   20        1

    Gaps                      7        2
    Linker created                    20    8'192
-------------------------------------------------
    Grand Total:          1'325      435    8'348


*******************************************************************************
*** ENTRY LIST
***

Entry                       Address   Size  Type      Object
-----                       -------   ----  ----      ------
.iar.init_table$$Base    0x800'0608          --   Gb  - Linker created -
.iar.init_table$$Limit   0x800'061c          --   Gb  - Linker created -
?main                    0x800'0655         Code  Gb  cmain.o [13]
CSTACK$$Base            0x2000'00a0          --   Gb  - Linker created -
CSTACK$$Limit           0x2000'20a0          --   Gb  - Linker created -
DummyModule::handler()   0x800'0699    0x2  Code  Gb  startupF411RE.o [1]
IrqController::HandleIrqExtiLine15_10()
                         0x800'036b    0x2  Code  Gb  irqcontroller.o [2]
OsWrapper::Rtos::HandleSvcInterrupt()
                         0x800'06cd    0x8  Code  Wk  startupF411RE.o [1]
OsWrapper::Rtos::HandleSysTickInterrupt()
                         0x800'06d5    0x8  Code  Wk  startupF411RE.o [1]
OsWrapper::RtosWrapper::wHandleSvcInterrupt()
                         0x800'06bd    0x8  Code  Wk  startupF411RE.o [1]
OsWrapper::RtosWrapper::wHandleSysTickInterrupt()
                         0x800'06c5    0x8  Code  Wk  startupF411RE.o [1]
Region$$Table$$Base      0x800'0608          --   Gb  - Linker created -
Region$$Table$$Limit     0x800'061c          --   Gb  - Linker created -
SHT$$INIT_ARRAY$$Base    0x800'06dc          --   Gb  - Linker created -
SHT$$INIT_ARRAY$$Limit   0x800'06e0          --   Gb  - Linker created -
SHT$$PREINIT_ARRAY$$Base
                         0x800'06dc          --   Gb  - Linker created -
SHT$$PREINIT_ARRAY$$Limit
                         0x800'06dc          --   Gb  - Linker created -
__call_ctors             0x800'063d   0x18  Code  Gb  cppinit.o [9]
__cmain                  0x800'0655         Code  Gb  cmain.o [13]
__exit                   0x800'0685   0x14  Code  Gb  exit.o [14]
__iar_cstart_call_ctors
                         0x800'061d   0x20  Code  Gb  cmain_call_ctors.o [13]
__iar_data_init3         0x800'05bd   0x28  Code  Gb  data_init.o [13]
__iar_debug_exceptions   0x800'0456    0x1  Data  Gb  unwind_debug.o [14]
__iar_init_vfp           0x800'05e5         Code  Gb  fpinit_M.o [12]
__iar_program_start      0x800'069b   0x10  Code  Gb  startupF411RE.o [1]
__iar_tls$$INIT_ARRAY$$Base
                         0x800'06e0          --   Gb  - Linker created -
__iar_tls$$INIT_ARRAY$$Limit
                         0x800'06e0          --   Gb  - Linker created -
__iar_zero_init3         0x800'0555   0x38  Code  Gb  zero_init3.o [13]
__low_level_init         0x800'0415   0x3e  Code  Gb  main.o [1]
__sti__routine           0x800'06ad    0xa  Code  Lc  ios.o [10]
__vector_table           0x800'0000  0x198  Data  Gb  startupF411RE.o [1]
_call_main               0x800'0661         Code  Gb  cmain.o [13]
_exit                    0x800'0679         Code  Gb  cexit.o [13]
bool FieldValueBase<RCC_CFGR_SWS_Values<RCC::CFGR, (unsigned int)2, (unsigned int)2, ReadMode, RCC::RCCCFGRBase>, RCC::RCCCFGRBase, (unsigned int)0>::IsSet<ReadMode, void>()
                         0x800'0495   0x18  Code  Wk  main.o [1]
bool FieldValueBase<RCC_CR_HSIRDY_Values<RCC::CR, (unsigned int)1, (unsigned int)1, ReadMode, RCC::RCCCRBase>, RCC::RCCCRBase, (unsigned int)0>::IsSet<ReadMode, void>()
                         0x800'046d   0x18  Code  Wk  main.o [1]
exit                     0x800'0673    0x4  Code  Gb  exit.o [9]
main                     0x800'0453    0x4  Code  Gb  main.o [1]
prvResetNextTaskUnblockTime
                         0x800'02d7   0x28  Code  Lc  tasks.o [7]
pxCurrentTCB            0x2000'0064    0x4  Data  Gb  tasks.o [7]
pxDelayedTaskList       0x2000'0078    0x4  Data  Lc  tasks.o [7]
pxOverflowDelayedTaskList
                        0x2000'007c    0x4  Data  Lc  tasks.o [7]
pxReadyTasksLists       0x2000'0000   0x64  Data  Lc  tasks.o [7]
std::_Fpz               0x2000'0068   0x10  Data  Gb  ios.o [10]
uxListRemove             0x800'0345   0x26  Code  Gb  list.o [7]
uxPendedTicks           0x2000'0088    0x4  Data  Lc  tasks.o [7]
uxSchedulerSuspended    0x2000'0098    0x4  Data  Lc  tasks.o [7]
uxTopReadyPriority      0x2000'0084    0x4  Data  Lc  tasks.o [7]
vListInsertEnd           0x800'032d   0x18  Code  Gb  list.o [7]
vPortEnableVFP           0x800'03f9         Code  Gb  portasm.o [8]
vPortSVCHandler          0x800'03c5         Code  Gb  portasm.o [8]
vPortStartFirstTask      0x800'03e1         Code  Gb  portasm.o [8]
vTaskSwitchContext       0x800'027f   0x58  Code  Gb  tasks.o [7]
void FieldValueBase<GPIOA_MODER_MODER15_Values<GPIOA::MODER, (unsigned int)0, (unsigned int)2, ReadWriteMode, GPIOA::GPIOAMODERBase>, GPIOA::GPIOAMODERBase, (unsigned int)3>::Set<ReadWriteMode, void>()
                         0x800'0505   0x14  Code  Wk  main.o [1]
void FieldValueBase<GPIOA_MODER_MODER15_Values<GPIOA::MODER, (unsigned int)10, (unsigned int)2, ReadWriteMode, GPIOA::GPIOAMODERBase>, GPIOA::GPIOAMODERBase, (unsigned int)1>::Set<ReadWriteMode, void>()
                         0x800'04d5   0x14  Code  Wk  main.o [1]
void FieldValueBase<RCC_AHB1ENR_DMA2EN_Values<RCC::AHB1ENR, (unsigned int)22, (unsigned int)1, ReadWriteMode, RCC::RCCAHB1ENRBase>, RCC::RCCAHB1ENRBase, (unsigned int)1>::Set<ReadWriteMode, void>()
                         0x800'052d   0x14  Code  Wk  main.o [1]
void FieldValueBase<RCC_AHB1ENR_DMA2EN_Values<RCC::APB1ENR, (unsigned int)17, (unsigned int)1, ReadWriteMode, RCC::RCCAPB1ENRBase>, RCC::RCCAPB1ENRBase, (unsigned int)1>::Set<ReadWriteMode, void>()
                         0x800'0541   0x14  Code  Wk  main.o [1]
void FieldValueBase<RCC_AHB1ENR_DMA2EN_Values<RCC::APB2ENR, (unsigned int)14, (unsigned int)1, ReadWriteMode, RCC::RCCAPB2ENRBase>, RCC::RCCAPB2ENRBase, (unsigned int)1>::Set<ReadWriteMode, void>()
                         0x800'04c1   0x14  Code  Wk  main.o [1]
void FieldValueBase<RCC_AHB1ENR_DMA2EN_Values<RCC::APB2ENR, (unsigned int)8, (unsigned int)1, ReadWriteMode, RCC::RCCAPB2ENRBase>, RCC::RCCAPB2ENRBase, (unsigned int)1>::Set<ReadWriteMode, void>()
                         0x800'0519   0x14  Code  Wk  main.o [1]
void FieldValueBase<RCC_CFGR_SW_Values<RCC::CFGR, (unsigned int)0, (unsigned int)2, ReadWriteMode, RCC::RCCCFGRBase>, RCC::RCCCFGRBase, (unsigned int)0>::Set<ReadWriteMode, void>()
                         0x800'0485   0x10  Code  Wk  main.o [1]
void FieldValueBase<RCC_CR_HSION_Values<RCC::CR, (unsigned int)0, (unsigned int)1, ReadWriteMode, RCC::RCCCRBase>, RCC::RCCCRBase, (unsigned int)1>::Set<ReadWriteMode, void>()
                         0x800'0459   0x14  Code  Wk  main.o [1]
void Register<(unsigned int)1073874944, (unsigned int)32, ReadWriteMode, GPIOC::GPIOCMODERBase, FieldValue<GPIOC_MODER_MODER15_Values<GPIOC::MODER, (unsigned int)10, (unsigned int)2, ReadWriteMode, GPIOC::GPIOCMODERBase>, GPIOC::GPIOCMODERBase, (unsigned int)1, void>, FieldValue<GPIOC_MODER_MODER15_Values<GPIOC::MODER, (unsigned int)16, (unsigned int)2, ReadWriteMode, GPIOC::GPIOCMODERBase>, GPIOC::GPIOCMODERBase, (unsigned int)1, void>, FieldValue<GPIOC_MODER_MODER15_Values<GPIOC::MODER, (unsigned int)18, (unsigned int)2, ReadWriteMode, GPIOC::GPIOCMODERBase>, GPIOC::GPIOCMODERBase, (unsigned int)1, void>>::Set<ReadWriteMode, void>()
                         0x800'04e9   0x1c  Code  Wk  main.o [1]
void Register<(unsigned int)1073887280, (unsigned int)32, ReadWriteMode, RCC::RCCAHB1ENRBase, FieldValue<RCC_AHB1ENR_GPIOCEN_Values<RCC::AHB1ENR, (unsigned int)2, (unsigned int)1, ReadWriteMode, RCC::RCCAHB1ENRBase>, RCC::RCCAHB1ENRBase, (unsigned int)1, void>, FieldValue<RCC_AHB1ENR_GPIOAEN_Values<RCC::AHB1ENR, (unsigned int)0, (unsigned int)1, ReadWriteMode, RCC::RCCAHB1ENRBase>, RCC::RCCAHB1ENRBase, (unsigned int)1, void>>::Set<ReadWriteMode, void>()
                         0x800'04ad   0x14  Code  Wk  main.o [1]
xNextTaskUnblockTime    0x2000'0094    0x4  Data  Lc  tasks.o [7]
xNumOfOverflows         0x2000'0090    0x4  Data  Lc  tasks.o [7]
xPortPendSVHandler       0x800'036d         Code  Gb  portasm.o [8]
xPortSysTickHandler      0x800'058d   0x28  Code  Gb  port.o [8]
xTaskIncrementTick       0x800'0199   0xe6  Code  Gb  tasks.o [7]
xTickCount              0x2000'0080    0x4  Data  Lc  tasks.o [7]
xYieldPending           0x2000'008c    0x4  Data  Lc  tasks.o [7]


[1] = D:\Documents\Other\Homework\Kolodiy\CoursePaper\source\RtosWrapper\Debug\Obj
[2] = D:\Documents\Other\Homework\Kolodiy\CoursePaper\source\RtosWrapper\Debug\Obj\AHardware\IrqController
[3] = D:\Documents\Other\Homework\Kolodiy\CoursePaper\source\RtosWrapper\Debug\Obj\Application\AdcDmaDataProvider
[4] = D:\Documents\Other\Homework\Kolodiy\CoursePaper\source\RtosWrapper\Debug\Obj\Application\DataRepository
[5] = D:\Documents\Other\Homework\Kolodiy\CoursePaper\source\RtosWrapper\Debug\Obj\Application\DigitalFilter
[6] = D:\Documents\Other\Homework\Kolodiy\CoursePaper\source\RtosWrapper\Debug\Obj\Application\Formatter
[7] = D:\Documents\Other\Homework\Kolodiy\CoursePaper\source\RtosWrapper\Debug\Obj\Rtos\FreeRtos
[8] = D:\Documents\Other\Homework\Kolodiy\CoursePaper\source\RtosWrapper\Debug\Obj\Rtos\FreeRtos\portable\IAR\ARM_CM4F
[9] = dl7M_tln.a
[10] = dlpp7M_tls_nc.a
[11] = dlpprt7M_tl_nc.a
[12] = m7M_tls.a
[13] = rt7M_tl.a
[14] = shb_l.a

  1'325 bytes of readonly  code memory
    435 bytes of readonly  data memory
  8'348 bytes of readwrite data memory

Errors: none
Warnings: none
