###############################################################################
#
# IAR ELF Linker V9.30.1.335/W64 for ARM                  01/May/2025  23:40:47
# Copyright 2007-2022 IAR Systems AB.
#
#    Output file  =
#        D:\Documents\Other\Homework\Kolodiy\CoursePaper\source\RtosWrapper\Debug\Exe\iarproject.out
#    Map file     =
#        D:\Documents\Other\Homework\Kolodiy\CoursePaper\source\RtosWrapper\Debug\List\iarproject.map
#    Command line =
#        -f
#        D:\Documents\Other\Homework\Kolodiy\CoursePaper\source\RtosWrapper\Debug\Exe\iarproject.out.rsp
#        (D:\Documents\Other\Homework\Kolodiy\CoursePaper\source\RtosWrapper\Debug\Obj\Application\AdcDmaDataProvider\AdcDmaDataProvider.o
#        D:\Documents\Other\Homework\Kolodiy\CoursePaper\source\RtosWrapper\Debug\Obj\Rtos\FreeRtos\croutine.o
#        D:\Documents\Other\Homework\Kolodiy\CoursePaper\source\RtosWrapper\Debug\Obj\Application\DataRepository\DataRepository.o
#        D:\Documents\Other\Homework\Kolodiy\CoursePaper\source\RtosWrapper\Debug\Obj\Application\DigitalFilter\DigitalFilter.o
#        D:\Documents\Other\Homework\Kolodiy\CoursePaper\source\RtosWrapper\Debug\Obj\Rtos\FreeRtos\event_groups.o
#        D:\Documents\Other\Homework\Kolodiy\CoursePaper\source\RtosWrapper\Debug\Obj\Application\Formatter\Formatter.o
#        D:\Documents\Other\Homework\Kolodiy\CoursePaper\source\RtosWrapper\Debug\Obj\AHardware\IrqController\irqcontroller.o
#        D:\Documents\Other\Homework\Kolodiy\CoursePaper\source\RtosWrapper\Debug\Obj\Application\Leds\LedCalculator.o
#        D:\Documents\Other\Homework\Kolodiy\CoursePaper\source\RtosWrapper\Debug\Obj\Application\Leds\LedController.o
#        D:\Documents\Other\Homework\Kolodiy\CoursePaper\source\RtosWrapper\Debug\Obj\Rtos\FreeRtos\list.o
#        D:\Documents\Other\Homework\Kolodiy\CoursePaper\source\RtosWrapper\Debug\Obj\main.o
#        D:\Documents\Other\Homework\Kolodiy\CoursePaper\source\RtosWrapper\Debug\Obj\Tasks\MeasurementTask.o
#        D:\Documents\Other\Homework\Kolodiy\CoursePaper\source\RtosWrapper\Debug\Obj\Rtos\FreeRtos\portable\IAR\ARM_CM4F\port.o
#        D:\Documents\Other\Homework\Kolodiy\CoursePaper\source\RtosWrapper\Debug\Obj\Rtos\FreeRtos\portable\IAR\ARM_CM4F\portasm.o
#        D:\Documents\Other\Homework\Kolodiy\CoursePaper\source\RtosWrapper\Debug\Obj\Rtos\FreeRtos\queue.o
#        D:\Documents\Other\Homework\Kolodiy\CoursePaper\source\RtosWrapper\Debug\Obj\startupF411RE.o
#        D:\Documents\Other\Homework\Kolodiy\CoursePaper\source\RtosWrapper\Debug\Obj\Rtos\FreeRtos\tasks.o
#        D:\Documents\Other\Homework\Kolodiy\CoursePaper\source\RtosWrapper\Debug\Obj\Rtos\FreeRtos\timers.o
#        D:\Documents\Other\Homework\Kolodiy\CoursePaper\source\RtosWrapper\Debug\Obj\Application\Usart\Usart.o
#        D:\Documents\Other\Homework\Kolodiy\CoursePaper\source\RtosWrapper\Debug\Obj\Tasks\UsartTask.o
#        --no_out_extension -o
#        D:\Documents\Other\Homework\Kolodiy\CoursePaper\source\RtosWrapper\Debug\Exe\iarproject.out
#        --map
#        D:\Documents\Other\Homework\Kolodiy\CoursePaper\source\RtosWrapper\Debug\List\iarproject.map
#        --log
#        libraries,initialization,modules,redirects,sections,veneers,unused_fragments,call_graph
#        --log_file
#        D:\Documents\Other\Homework\Kolodiy\CoursePaper\source\RtosWrapper\Debug\List\iarproject.log
#        --config
#        D:\Documents\Other\Homework\Kolodiy\CoursePaper\source\RtosWrapper\stm32f411xE.icf
#        --semihosting --entry __iar_program_start --vfe --text_out locale
#        --cpu=Cortex-M4 --fpu=VFPv4_sp)
#
###############################################################################

*******************************************************************************
*** RUNTIME MODEL ATTRIBUTES
***

CppFlavor                     = *
__CPP_Exceptions              = Disabled
__CPP_Language                = C++14
__CPP_Library                 = DLib
__CPP_Runtime                 = 1
__Heap_Handler                = Basic
__SystemLibrary               = DLib
__dlib_dynamic_initialization = normal
__dlib_version                = 6


*******************************************************************************
*** HEAP SELECTION
***

The basic heap was selected because --advanced_heap
was not specified and the application did not appear to
be primarily optimized for speed.


*******************************************************************************
*** PLACEMENT SUMMARY
***

"A0":  place at address 0x800'0000 { ro section .intvec };
"P1":  place in [from 0x800'0000 to 0x807'ffff] { ro };
define block CSTACK with size = 8K, alignment = 8 { };
define block HEAP with size = 4K, alignment = 8 { };
"P2":  place in [from 0x2000'0000 to 0x2001'ffff] {
          rw, block CSTACK, block HEAP };
initialize by copy { rw };

  Section                Kind         Address    Size  Object
  -------                ----         -------    ----  ------
"A0":                                           0x198
  .intvec                const     0x800'0000   0x198  startupF411RE.o [1]
                                 - 0x800'0198   0x198

"P1":                                          0x4444
  .text                  ro code   0x800'0198   0xca6  xprintflarge_nomb.o [12]
  .text                  ro code   0x800'0e3e    0x2a  copy_init3.o [15]
  .text                  ro code   0x800'0e68    0x16  strchr.o [15]
  .text                  ro code   0x800'0e7e    0x1a  xsnprout.o [12]
  .text                  ro code   0x800'0e98    0x40  xfail_s.o [12]
  .text                  ro code   0x800'0ed8    0x36  strlen.o [15]
  .text                  ro code   0x800'0f0e     0x2  irqcontroller.o [2]
  .text                  ro code   0x800'0f10    0x58  memchr.o [15]
  .text                  ro code   0x800'0f68    0xa6  ABImemcpy.o [15]
  .rodata                const     0x800'100e     0x1  main.o [1]
  .rodata                const     0x800'100f     0x1  unwind_debug.o [16]
  .text                  ro code   0x800'1010    0x70  frexp.o [14]
  .text                  ro code   0x800'1080   0x246  DblDiv.o [14]
  .text                  ro code   0x800'12c8    0x22  DblToU32.o [14]
  .text                  ro code   0x800'12ec    0x1c  U32ToDbl.o [14]
  .text                  ro code   0x800'1308   0x24e  DblAddSub.o [14]
  .text                  ro code   0x800'1558   0x1aa  DblMul.o [14]
  .text                  ro code   0x800'1704   0x274  I64DivMod.o [15]
  .text                  ro code   0x800'1978     0x6  abort.o [12]
  .text                  ro code   0x800'1980     0x2  I64DivZer.o [15]
  .text                  ro code   0x800'1984    0x14  exit.o [16]
  .text                  ro code   0x800'1998   0x934  tasks.o [9]
  .text                  ro code   0x800'22cc    0x9a  list.o [9]
  .text                  ro code   0x800'2368   0x164  port.o [10]
  .text                  ro code   0x800'24cc   0x3e8  timers.o [9]
  .text                  ro code   0x800'28b4    0x24  port.o [10]
  CODE                   ro code   0x800'28d8    0xa8  portasm.o [10]
  .text                  ro code   0x800'2980   0x688  queue.o [9]
  .text                  ro code   0x800'3008   0x1ac  main.o [1]
  .text                  ro code   0x800'31b4    0x8c  AdcDmaDataProvider.o [3]
  .text                  ro code   0x800'3240    0x86  DigitalFilter.o [5]
  .text                  ro code   0x800'32c8    0x48  DataRepository.o [4]
  .text                  ro code   0x800'3310    0x5a  LedCalculator.o [7]
  .text                  ro code   0x800'336c    0xfc  LedController.o [7]
  .text                  ro code   0x800'3468   0x196  Usart.o [8]
  .text                  ro code   0x800'3600    0x7c  Formatter.o [6]
  .text                  ro code   0x800'367c    0xe0  MeasurementTask.o [11]
  .text                  ro code   0x800'375c    0xe4  UsartTask.o [11]
  .text                  ro code   0x800'3840     0xc  main.o [1]
  .text                  ro code   0x800'384c    0x14  main.o [1]
  .text                  ro code   0x800'3860    0x18  main.o [1]
  .text                  ro code   0x800'3878    0x14  main.o [1]
  .text                  ro code   0x800'388c    0x1c  main.o [1]
  .text                  ro code   0x800'38a8    0x14  main.o [1]
  .text                  ro code   0x800'38bc    0x14  main.o [1]
  .text                  ro code   0x800'38d0    0x14  main.o [1]
  .text                  ro code   0x800'38e4    0x1c  main.o [1]
  .text                  ro code   0x800'3900    0x14  main.o [1]
  .text                  ro code   0x800'3914    0x14  main.o [1]
  .text                  ro code   0x800'3928    0x14  main.o [1]
  .text                  ro code   0x800'393c    0x14  main.o [1]
  .text                  ro code   0x800'3950    0x24  main.o [1]
  .text                  ro code   0x800'3974    0x24  main.o [1]
  .text                  ro code   0x800'3998     0x8  main.o [1]
  .text                  ro code   0x800'39a0     0xc  AdcDmaDataProvider.o [3]
  .text                  ro code   0x800'39ac    0x10  AdcDmaDataProvider.o [3]
  .text                  ro code   0x800'39bc    0x10  AdcDmaDataProvider.o [3]
  .text                  ro code   0x800'39cc    0x10  AdcDmaDataProvider.o [3]
  .text                  ro code   0x800'39dc    0x10  AdcDmaDataProvider.o [3]
  .text                  ro code   0x800'39ec    0x14  AdcDmaDataProvider.o [3]
  .text                  ro code   0x800'3a00    0x14  AdcDmaDataProvider.o [3]
  .text                  ro code   0x800'3a14    0x14  AdcDmaDataProvider.o [3]
  .text                  ro code   0x800'3a28    0x10  AdcDmaDataProvider.o [3]
  .text                  ro code   0x800'3a38    0x10  AdcDmaDataProvider.o [3]
  .text                  ro code   0x800'3a48     0xc  AdcDmaDataProvider.o [3]
  .text                  ro code   0x800'3a54     0xc  AdcDmaDataProvider.o [3]
  .text                  ro code   0x800'3a60     0xc  AdcDmaDataProvider.o [3]
  .text                  ro code   0x800'3a6c    0x14  AdcDmaDataProvider.o [3]
  .text                  ro code   0x800'3a80    0x10  AdcDmaDataProvider.o [3]
  .text                  ro code   0x800'3a90    0x14  AdcDmaDataProvider.o [3]
  .text                  ro code   0x800'3aa4    0x14  AdcDmaDataProvider.o [3]
  .text                  ro code   0x800'3ab8    0x14  AdcDmaDataProvider.o [3]
  .text                  ro code   0x800'3acc    0x14  AdcDmaDataProvider.o [3]
  .text                  ro code   0x800'3ae0    0x14  AdcDmaDataProvider.o [3]
  .text                  ro code   0x800'3af4    0x14  AdcDmaDataProvider.o [3]
  .text                  ro code   0x800'3b08     0xc  DigitalFilter.o [5]
  .text                  ro code   0x800'3b14    0x5a  expf.o [14]
  .text                  ro code   0x800'3b6e     0xc  DataRepository.o [4]
  .text                  ro code   0x800'3b7a     0xc  DataRepository.o [4]
  .text                  ro code   0x800'3b86     0xc  LedCalculator.o [7]
  .text                  ro code   0x800'3b92     0xc  LedController.o [7]
  .text                  ro code   0x800'3ba0    0x10  LedController.o [7]
  .text                  ro code   0x800'3bb0     0xc  LedController.o [7]
  .text                  ro code   0x800'3bbc     0xc  LedController.o [7]
  .text                  ro code   0x800'3bc8    0x10  LedController.o [7]
  .text                  ro code   0x800'3bd8     0xc  LedController.o [7]
  .text                  ro code   0x800'3be4     0xc  LedController.o [7]
  .text                  ro code   0x800'3bf0     0xc  Usart.o [8]
  .text                  ro code   0x800'3bfc    0x14  Usart.o [8]
  .text                  ro code   0x800'3c10    0x14  Usart.o [8]
  .text                  ro code   0x800'3c24    0x14  Usart.o [8]
  .text                  ro code   0x800'3c38    0x14  Usart.o [8]
  .text                  ro code   0x800'3c4c    0x10  Usart.o [8]
  .text                  ro code   0x800'3c5c    0x10  Usart.o [8]
  .text                  ro code   0x800'3c6c    0x10  Usart.o [8]
  .text                  ro code   0x800'3c7c    0x10  Usart.o [8]
  .text                  ro code   0x800'3c8c    0x62  round.o [14]
  .text                  ro code   0x800'3cf0    0x34  Usart.o [8]
  .text                  ro code   0x800'3d24    0x30  Usart.o [8]
  .text                  ro code   0x800'3d54    0x14  Usart.o [8]
  .text                  ro code   0x800'3d68    0x14  Usart.o [8]
  .text                  ro code   0x800'3d7c     0xc  Usart.o [8]
  .text                  ro code   0x800'3d88    0x10  Usart.o [8]
  .text                  ro code   0x800'3d98     0xc  Usart.o [8]
  .text                  ro code   0x800'3da4    0x14  Usart.o [8]
  .text                  ro code   0x800'3db8    0x10  Usart.o [8]
  .text                  ro code   0x800'3dc8     0xc  Formatter.o [6]
  .text                  ro code   0x800'3dd4    0x48  FltToDbl.o [14]
  .text                  ro code   0x800'3e1c    0x44  snprintf.o [12]
  .text                  ro code   0x800'3e60     0xc  MeasurementTask.o [11]
  .text                  ro code   0x800'3e6c    0x1a  MeasurementTask.o [11]
  .text                  ro code   0x800'3e86    0x1e  UsartTask.o [11]
  .text                  ro code   0x800'3ea4     0x2  main.o [1]
  .text                  ro code   0x800'3ea6     0x2  main.o [1]
  .text                  ro code   0x800'3ea8    0x38  main.o [1]
  .text                  ro code   0x800'3ee0    0x38  main.o [1]
  .text                  ro code   0x800'3f18     0x8  main.o [1]
  .text                  ro code   0x800'3f20     0x2  AdcDmaDataProvider.o [3]
  .text                  ro code   0x800'3f22     0x2  DigitalFilter.o [5]
  .text                  ro code   0x800'3f24    0xde  xexpf.o [14]
  .text                  ro code   0x800'4002     0x2  DataRepository.o [4]
  .text                  ro code   0x800'4004     0x2  DataRepository.o [4]
  .text                  ro code   0x800'4006     0x2  LedCalculator.o [7]
  .text                  ro code   0x800'4008     0x2  LedController.o [7]
  .text                  ro code   0x800'400a     0x2  Usart.o [8]
  .text                  ro code   0x800'400c    0x24  ABIassert.o [16]
  .text                  ro code   0x800'4030     0x2  Formatter.o [6]
  .text                  ro code   0x800'4032     0xe  MeasurementTask.o [11]
  .text                  ro code   0x800'4040    0x20  MeasurementTask.o [11]
  .text                  ro code   0x800'4060     0x4  MeasurementTask.o [11]
  .text                  ro code   0x800'4064     0xc  MeasurementTask.o [11]
  .text                  ro code   0x800'4070    0x10  UsartTask.o [11]
  .text                  ro code   0x800'4080     0xc  MeasurementTask.o [11]
  .text                  ro code   0x800'408c     0x6  MeasurementTask.o [11]
  .text                  ro code   0x800'4092     0x6  MeasurementTask.o [11]
  .text                  ro code   0x800'4098     0xa  MeasurementTask.o [11]
  .rodata                const     0x800'40a4    0x9c  Usart.o [8]
  .rodata                const     0x800'4140    0x9c  Usart.o [8]
  .rodata                const     0x800'41dc    0x70  Usart.o [8]
  .rodata                const     0x800'424c    0x70  Usart.o [8]
  .rodata                const     0x800'42bc    0x44  xexpf.o [14]
  .rodata                const     0x800'4300    0x3c  Formatter.o [6]
  .text                  ro code   0x800'433c    0x38  zero_init3.o [15]
  .rodata                const     0x800'4374    0x28  DataRepository.o [4]
  .text                  ro code   0x800'439c    0x28  data_init.o [15]
  .text                  ro code   0x800'43c4    0x22  fpinit_M.o [14]
  .iar.init_table        const     0x800'43e8    0x28  - Linker created -
  .text                  ro code   0x800'4410    0x20  cmain_call_ctors.o [15]
  .text                  ro code   0x800'4430    0x18  cppinit.o [12]
  .text                  ro code   0x800'4448    0x1e  startupF411RE.o [1]
  .text                  ro code   0x800'4468    0x1e  cmain.o [15]
  .text                  ro code   0x800'4486     0x4  exit.o [12]
  .text                  ro code   0x800'448c     0xa  cexit.o [15]
  .rodata                const     0x800'4498    0x18  Formatter.o [6]
  .text                  ro code   0x800'44b0    0x14  main.o [1]
  .text                  ro code   0x800'44c4     0x8  main.o [1]
  .rodata                const     0x800'44cc    0x10  main.o [1]
  .rodata                const     0x800'44dc    0x10  Usart.o [8]
  .rodata                const     0x800'44ec     0xc  AdcDmaDataProvider.o [3]
  .rodata                const     0x800'44f8     0xc  DigitalFilter.o [5]
  .rodata                const     0x800'4504     0xc  Formatter.o [6]
  .rodata                const     0x800'4510     0xc  Formatter.o [6]
  .rodata                const     0x800'451c     0xc  LedCalculator.o [7]
  .rodata                const     0x800'4528     0xc  LedController.o [7]
  .rodata                const     0x800'4534     0xc  main.o [1]
  .rodata                const     0x800'4540     0xc  main.o [1]
  .rodata                const     0x800'454c     0xc  MeasurementTask.o [11]
  .rodata                const     0x800'4558     0xc  UsartTask.o [11]
  .text                  ro code   0x800'4564     0xc  main.o [1]
  .rodata                const     0x800'4570     0x8  MeasurementTask.o [11]
  .rodata                const     0x800'4578     0x8  tasks.o [9]
  .rodata                const     0x800'4580     0x8  timers.o [9]
  .rodata                const     0x800'4588     0x8  timers.o [9]
  .rodata                const     0x800'4590     0x8  UsartTask.o [11]
  .rodata                const     0x800'4598     0x8  UsartTask.o [11]
  .text                  ro code   0x800'45a0     0x8  startupF411RE.o [1]
  .text                  ro code   0x800'45a8     0x8  startupF411RE.o [1]
  .text                  ro code   0x800'45b0     0x8  startupF411RE.o [1]
  .text                  ro code   0x800'45b8     0x8  startupF411RE.o [1]
  Initializer bytes      const     0x800'45c0     0x8  <for P2-1>
  .rodata                const     0x800'45c8     0x4  main.o [1]
  .rodata                const     0x800'45cc     0x4  main.o [1]
  .rodata                const     0x800'45d0     0x4  main.o [1]
  .rodata                const     0x800'45d4     0x4  port.o [10]
  SHT$$PREINIT_ARRAY               0x800'45d8     0x0  <Block>
  SHT$$INIT_ARRAY                  0x800'45d8     0x4  <Block>
    .init_array          const     0x800'45d8     0x4  main.o [1]
  __iar_tls$$INIT_ARRAY            0x800'45dc     0x0  <Block>
  .rodata                const     0x800'45dc     0x0  zero_init3.o [15]
  .rodata                const     0x800'45dc     0x0  copy_init3.o [15]
                                 - 0x800'45dc  0x4444

"P2", part 1 of 3:                                0x8
  P2-1                            0x2000'0000     0x8  <Init block>
    .data                inited   0x2000'0000     0x4  main.o [1]
    .data                inited   0x2000'0004     0x4  port.o [10]
                                - 0x2000'0008     0x8

"P2", part 2 of 3:                             0x1bb0
  .bss                   zero     0x2000'0008   0x874  main.o [1]
  .bss                   zero     0x2000'087c   0x868  main.o [1]
  .bss                   zero     0x2000'10e4   0x400  tasks.o [9]
  .bss                   zero     0x2000'14e4   0x200  tasks.o [9]
  .bss                   zero     0x2000'16e4   0x104  main.o [1]
  .bss                   zero     0x2000'17e8    0xa0  timers.o [9]
  .bss                   zero     0x2000'1888    0x8c  Usart.o [8]
  .bss                   zero     0x2000'1914    0x64  tasks.o [9]
  .bss                   zero     0x2000'1978    0x50  tasks.o [9]
  .bss                   zero     0x2000'19c8    0x50  tasks.o [9]
  .bss                   zero     0x2000'1a18    0x48  timers.o [9]
  .bss                   zero     0x2000'1a60    0x40  queue.o [9]
  .bss                   zero     0x2000'1aa0    0x14  main.o [1]
  .bss                   zero     0x2000'1ab4    0x14  tasks.o [9]
  .bss                   zero     0x2000'1ac8    0x14  tasks.o [9]
  .bss                   zero     0x2000'1adc    0x14  tasks.o [9]
  .bss                   zero     0x2000'1af0    0x14  tasks.o [9]
  .bss                   zero     0x2000'1b04    0x14  timers.o [9]
  .bss                   zero     0x2000'1b18    0x14  timers.o [9]
  .bss                   zero     0x2000'1b2c    0x10  main.o [1]
  .bss                   zero     0x2000'1b3c     0xc  main.o [1]
  .bss                   zero     0x2000'1b48     0x8  main.o [1]
  .bss                   zero     0x2000'1b50     0x8  main.o [1]
  .bss                   zero     0x2000'1b58     0x4  main.o [1]
  .bss                   zero     0x2000'1b5c     0x4  main.o [1]
  .bss                   zero     0x2000'1b60     0x4  port.o [10]
  .bss                   zero     0x2000'1b64     0x4  tasks.o [9]
  .bss                   zero     0x2000'1b68     0x4  tasks.o [9]
  .bss                   zero     0x2000'1b6c     0x4  tasks.o [9]
  .bss                   zero     0x2000'1b70     0x4  tasks.o [9]
  .bss                   zero     0x2000'1b74     0x4  tasks.o [9]
  .bss                   zero     0x2000'1b78     0x4  tasks.o [9]
  .bss                   zero     0x2000'1b7c     0x4  tasks.o [9]
  .bss                   zero     0x2000'1b80     0x4  tasks.o [9]
  .bss                   zero     0x2000'1b84     0x4  tasks.o [9]
  .bss                   zero     0x2000'1b88     0x4  tasks.o [9]
  .bss                   zero     0x2000'1b8c     0x4  tasks.o [9]
  .bss                   zero     0x2000'1b90     0x4  tasks.o [9]
  .bss                   zero     0x2000'1b94     0x4  tasks.o [9]
  .bss                   zero     0x2000'1b98     0x4  tasks.o [9]
  .bss                   zero     0x2000'1b9c     0x4  timers.o [9]
  .bss                   zero     0x2000'1ba0     0x4  timers.o [9]
  .bss                   zero     0x2000'1ba4     0x4  timers.o [9]
  .bss                   zero     0x2000'1ba8     0x4  timers.o [9]
  .bss                   zero     0x2000'1bac     0x4  timers.o [9]
  .bss                   zero     0x2000'1bb0     0x4  xfail_s.o [12]
  .bss                   zero     0x2000'1bb4     0x1  port.o [10]
  .bss                   zero     0x2000'1bb5     0x1  Usart.o [8]
                                - 0x2000'1bb6  0x1bae

"P2", part 3 of 3:                             0x2000
  CSTACK                          0x2000'1bb8  0x2000  <Block>
    CSTACK               uninit   0x2000'1bb8  0x2000  <Block tail>
                                - 0x2000'3bb8  0x2000

Unused ranges:

         From           To      Size
         ----           --      ----
   0x800'45dc   0x807'ffff  0x7'ba24
  0x2000'3bb8  0x2001'ffff  0x1'c448


*******************************************************************************
*** INIT TABLE
***

          Address      Size
          -------      ----
Zero (__iar_zero_init3)
    1 destination range, total size 0x1bae:
          0x2000'0008  0x1bae

Copy (__iar_copy_init3)
    1 source range, total size 0x8:
           0x800'45c0     0x8
    1 destination range, total size 0x8:
          0x2000'0000     0x8

Extra (__iar_cstart_call_ctors)



*******************************************************************************
*** MODULE SUMMARY
***

    Module                ro code  ro data  rw data
    ------                -------  -------  -------
command line/config:
    -----------------------------------------------
    Total:

D:\Documents\Other\Homework\Kolodiy\CoursePaper\source\RtosWrapper\Debug\Obj: [1]
    main.o                    944       61    4'652
    startupF411RE.o            62      408
    -----------------------------------------------
    Total:                  1'006      469    4'652

D:\Documents\Other\Homework\Kolodiy\CoursePaper\source\RtosWrapper\Debug\Obj\AHardware\IrqController: [2]
    irqcontroller.o             2
    -----------------------------------------------
    Total:                      2

D:\Documents\Other\Homework\Kolodiy\CoursePaper\source\RtosWrapper\Debug\Obj\Application\AdcDmaDataProvider: [3]
    AdcDmaDataProvider.o      502       12
    -----------------------------------------------
    Total:                    502       12

D:\Documents\Other\Homework\Kolodiy\CoursePaper\source\RtosWrapper\Debug\Obj\Application\DataRepository: [4]
    DataRepository.o          100       40
    -----------------------------------------------
    Total:                    100       40

D:\Documents\Other\Homework\Kolodiy\CoursePaper\source\RtosWrapper\Debug\Obj\Application\DigitalFilter: [5]
    DigitalFilter.o           148       12
    -----------------------------------------------
    Total:                    148       12

D:\Documents\Other\Homework\Kolodiy\CoursePaper\source\RtosWrapper\Debug\Obj\Application\Formatter: [6]
    Formatter.o               138      108
    -----------------------------------------------
    Total:                    138      108

D:\Documents\Other\Homework\Kolodiy\CoursePaper\source\RtosWrapper\Debug\Obj\Application\Leds: [7]
    LedCalculator.o           104       12
    LedController.o           346       12
    -----------------------------------------------
    Total:                    450       24

D:\Documents\Other\Homework\Kolodiy\CoursePaper\source\RtosWrapper\Debug\Obj\Application\Usart: [8]
    Usart.o                   780      552      141
    -----------------------------------------------
    Total:                    780      552      141

D:\Documents\Other\Homework\Kolodiy\CoursePaper\source\RtosWrapper\Debug\Obj\Rtos\FreeRtos: [9]
    list.o                    154
    queue.o                 1'672                64
    tasks.o                 2'356        8    1'932
    timers.o                1'000       16      292
    -----------------------------------------------
    Total:                  5'182       24    2'288

D:\Documents\Other\Homework\Kolodiy\CoursePaper\source\RtosWrapper\Debug\Obj\Rtos\FreeRtos\portable\IAR\ARM_CM4F: [10]
    port.o                    392        8        9
    portasm.o                 168
    -----------------------------------------------
    Total:                    560        8        9

D:\Documents\Other\Homework\Kolodiy\CoursePaper\source\RtosWrapper\Debug\Obj\Tasks: [11]
    MeasurementTask.o         358       20
    UsartTask.o               274       28
    -----------------------------------------------
    Total:                    632       48

dl7M_tln.a: [12]
    abort.o                     6
    cppinit.o                  24
    exit.o                      4
    snprintf.o                 68
    xfail_s.o                  64                 4
    xprintflarge_nomb.o     3'238
    xsnprout.o                 26
    -----------------------------------------------
    Total:                  3'430                 4

dlpprt7M_tl_nc.a: [13]
    -----------------------------------------------
    Total:

m7M_tls.a: [14]
    DblAddSub.o               590
    DblDiv.o                  582
    DblMul.o                  426
    DblToU32.o                 34
    FltToDbl.o                 72
    U32ToDbl.o                 28
    expf.o                     90
    fpinit_M.o                 34
    frexp.o                   112
    round.o                    98
    xexpf.o                   222       68
    -----------------------------------------------
    Total:                  2'288       68

rt7M_tl.a: [15]
    ABImemcpy.o               166
    I64DivMod.o               628
    I64DivZer.o                 2
    cexit.o                    10
    cmain.o                    30
    cmain_call_ctors.o         32
    copy_init3.o               42
    data_init.o                40
    memchr.o                   88
    strchr.o                   22
    strlen.o                   54
    zero_init3.o               56
    -----------------------------------------------
    Total:                  1'170

shb_l.a: [16]
    ABIassert.o                36
    exit.o                     20
    unwind_debug.o                       1
    -----------------------------------------------
    Total:                     56        1

    Gaps                       28        6
    Linker created                      40    8'192
---------------------------------------------------
    Grand Total:           16'472    1'412   15'286


*******************************************************************************
*** ENTRY LIST
***

Entry                       Address   Size  Type      Object
-----                       -------   ----  ----      ------
.iar.init_table$$Base    0x800'43e8          --   Gb  - Linker created -
.iar.init_table$$Limit   0x800'4410          --   Gb  - Linker created -
?main                    0x800'4469         Code  Gb  cmain.o [15]
AdcDmaDataProvider::AdcDmaDataProvider()
                         0x800'31b5   0x16  Code  Gb  AdcDmaDataProvider.o [3]
AdcDmaDataProvider::ConfigAdc()
                         0x800'3215   0x28  Code  Gb  AdcDmaDataProvider.o [3]
AdcDmaDataProvider::ConfigDma()
                         0x800'31cb   0x40  Code  Gb  AdcDmaDataProvider.o [3]
AdcDmaDataProvider::GetRawData()
                         0x800'323d    0x4  Code  Gb  AdcDmaDataProvider.o [3]
CSTACK$$Base            0x2000'1bb8          --   Gb  - Linker created -
CSTACK$$Limit           0x2000'3bb8          --   Gb  - Linker created -
DataRepository::DataRepository()
                         0x800'32c9   0x20  Code  Gb  DataRepository.o [4]
DataRepository::GetFilteredValue() const
                         0x800'32f3    0x6  Code  Gb  DataRepository.o [4]
DataRepository::GetValue() const
                         0x800'32ed    0x6  Code  Gb  DataRepository.o [4]
DataRepository::UpdateFilteredValue(float)
                         0x800'3307    0xa  Code  Gb  DataRepository.o [4]
DataRepository::UpdateValue(float)
                         0x800'32fb    0xa  Code  Gb  DataRepository.o [4]
DigitalFilter::DigitalFilter(float const &, float const &)
                         0x800'3241   0x22  Code  Gb  DigitalFilter.o [5]
DigitalFilter::FilterValue(float)
                         0x800'3269   0x5e  Code  Gb  DigitalFilter.o [5]
DummyModule::handler()   0x800'4455    0x2  Code  Gb  startupF411RE.o [1]
Formatter::FormatString(float, unsigned char, char const *, bool)
                         0x800'3619   0x52  Code  Gb  Formatter.o [6]
Formatter::Formatter()   0x800'3601   0x18  Code  Gb  Formatter.o [6]
IDataRepositoryProvider::IDataRepositoryProvider()
                         0x800'4003    0x2  Code  Wk  DataRepository.o [4]
IDataRepositoryProvider::IDataRepositoryProvider() [subobject]
                         0x800'3b6f    0xc  Code  Wk  DataRepository.o [4]
IDataRepositoryUpdater::IDataRepositoryUpdater()
                         0x800'4005    0x2  Code  Wk  DataRepository.o [4]
IDataRepositoryUpdater::IDataRepositoryUpdater() [subobject]
                         0x800'3b7b    0xc  Code  Wk  DataRepository.o [4]
IDigitalFilter::IDigitalFilter()
                         0x800'3f23    0x2  Code  Wk  DigitalFilter.o [5]
IDigitalFilter::IDigitalFilter() [subobject]
                         0x800'3b09    0xc  Code  Wk  DigitalFilter.o [5]
IFormatter::IFormatter()
                         0x800'4031    0x2  Code  Wk  Formatter.o [6]
IFormatter::IFormatter() [subobject]
                         0x800'3dc9    0xc  Code  Wk  Formatter.o [6]
ILedCalculator::ILedCalculator()
                         0x800'4007    0x2  Code  Wk  LedCalculator.o [7]
ILedCalculator::ILedCalculator() [subobject]
                         0x800'3b87    0xc  Code  Wk  LedCalculator.o [7]
ILedController::ILedController()
                         0x800'4009    0x2  Code  Wk  LedController.o [7]
ILedController::ILedController() [subobject]
                         0x800'3b93    0xc  Code  Wk  LedController.o [7]
IRawDataProvider::IRawDataProvider()
                         0x800'3f21    0x2  Code  Wk  AdcDmaDataProvider.o [3]
IRawDataProvider::IRawDataProvider() [subobject]
                         0x800'39a1    0xc  Code  Wk  AdcDmaDataProvider.o [3]
IUsart::IUsart()         0x800'400b    0x2  Code  Wk  Usart.o [8]
IUsart::IUsart() [subobject]
                         0x800'3bf1    0xc  Code  Wk  Usart.o [8]
IVoltage::IVoltage()     0x800'3ea5    0x2  Code  Wk  main.o [1]
IVoltage::IVoltage() [subobject]
                         0x800'3841    0xc  Code  Wk  main.o [1]
IrqController::HandleIrqExtiLine15_10()
                         0x800'0f0f    0x2  Code  Gb  irqcontroller.o [2]
LedCalculator::Calculate(float)
                         0x800'3331   0x3a  Code  Gb  LedCalculator.o [7]
LedCalculator::LedCalculator(unsigned char const &, float const &)
                         0x800'3311   0x1a  Code  Gb  LedCalculator.o [7]
LedController::Indicate(unsigned char)
                         0x800'3385   0xe4  Code  Gb  LedController.o [7]
LedController::LedController()
                         0x800'336d   0x12  Code  Gb  LedController.o [7]
MeasurementTask::Execute()
                         0x800'36bd   0x96  Code  Gb  MeasurementTask.o [11]
MeasurementTask::MeasurementTask(IRawDataProvider &, IDigitalFilter &, IVoltage &, ILedCalculator &, ILedController &, IDataRepositoryUpdater &)
                         0x800'367d   0x40  Code  Gb  MeasurementTask.o [11]
OsWrapper::IThread::IThread()
                         0x800'4099    0xa  Code  Wk  MeasurementTask.o [11]
OsWrapper::IThread::IThread() [subobject]
                         0x800'4081    0xc  Code  Wk  MeasurementTask.o [11]
OsWrapper::IThread::Run()
                         0x800'44b1   0x14  Code  Wk  main.o [1]
OsWrapper::IThread::Sleep(std::chrono::duration<long long, std::ratio<(long long)1, (long long)1000>>)
                         0x800'3e6d   0x1a  Code  Wk  MeasurementTask.o [11]
OsWrapper::IThread::SleepUntil(std::chrono::duration<long long, std::ratio<(long long)1, (long long)1000>>)
                         0x800'3e87   0x1e  Code  Wk  UsartTask.o [11]
OsWrapper::Rtos::HandleSvcInterrupt()
                         0x800'45b1    0x8  Code  Wk  startupF411RE.o [1]
OsWrapper::Rtos::HandleSysTickInterrupt()
                         0x800'45b9    0x8  Code  Wk  startupF411RE.o [1]
OsWrapper::Rtos::Run(void *)
                         0x800'4565    0xc  Code  Wk  main.o [1]
OsWrapper::Rtos::Start()
                         0x800'3999    0x8  Code  Wk  main.o [1]
OsWrapper::RtosWrapper::wGetTicks()
                         0x800'44c5    0x8  Code  Wk  main.o [1]
OsWrapper::RtosWrapper::wHandleSvcInterrupt()
                         0x800'45a1    0x8  Code  Wk  startupF411RE.o [1]
OsWrapper::RtosWrapper::wHandleSysTickInterrupt()
                         0x800'45a9    0x8  Code  Wk  startupF411RE.o [1]
OsWrapper::RtosWrapper::wSleep(unsigned int)
                         0x800'4065    0xc  Code  Wk  MeasurementTask.o [11]
OsWrapper::RtosWrapper::wSleepUntil(unsigned int &, unsigned int)
                         0x800'4071   0x10  Code  Wk  UsartTask.o [11]
OsWrapper::RtosWrapper::wStart()
                         0x800'3f19    0x8  Code  Wk  main.o [1]
OsWrapper::Thread<(unsigned int)512>::Thread()
                         0x800'4033    0xe  Code  Wk  MeasurementTask.o [11]
OsWrapper::Thread<(unsigned int)512>::Thread() [subobject]
                         0x800'3e61    0xc  Code  Wk  MeasurementTask.o [11]
Region$$Table$$Base      0x800'43e8          --   Gb  - Linker created -
Region$$Table$$Limit     0x800'4410          --   Gb  - Linker created -
SHT$$INIT_ARRAY$$Base    0x800'45d8          --   Gb  - Linker created -
SHT$$INIT_ARRAY$$Limit   0x800'45dc          --   Gb  - Linker created -
SHT$$PREINIT_ARRAY$$Base
                         0x800'45d8          --   Gb  - Linker created -
SHT$$PREINIT_ARRAY$$Limit
                         0x800'45d8          --   Gb  - Linker created -
SystemCoreClock         0x2000'0000    0x4  Data  Gb  main.o [1]
Thunk for (offset -4) DataRepository::UpdateFilteredValue(float)
                         0x800'3305    0x2  Code  Gb  DataRepository.o [4]
Thunk for (offset -4) DataRepository::UpdateValue(float)
                         0x800'32f9    0x2  Code  Gb  DataRepository.o [4]
Usart::ConfigUsart()     0x800'34a1   0x8c  Code  Gb  Usart.o [8]
Usart::HandleInterrupt()
                         0x800'35c1   0x3e  Code  Gb  Usart.o [8]
Usart::Instance()        0x800'3469   0x18  Code  Gb  Usart.o [8]
Usart::Instance()::inst
                        0x2000'1888   0x8c  Data  Lc  Usart.o [8]
Usart::Instance()::static guard for inst
                        0x2000'1bb5    0x1  Data  Lc  Usart.o [8]
Usart::IsBusy()          0x800'35af   0x12  Code  Gb  Usart.o [8]
Usart::SendMessage(char const *)
                         0x800'3549   0x66  Code  Gb  Usart.o [8]
Usart::Usart()           0x800'3481   0x1e  Code  Gb  Usart.o [8]
UsartInterruptHandler    0x800'4449    0xc  Code  Gb  startupF411RE.o [1]
UsartTask::Execute()     0x800'3781   0xb0  Code  Gb  UsartTask.o [11]
UsartTask::UsartTask(IDataRepositoryProvider &, IUsart &, IFormatter &)
                         0x800'375d   0x24  Code  Gb  UsartTask.o [11]
Virtual function table for AdcDmaDataProvider
                         0x800'44ec    0xc  Data  Wk  AdcDmaDataProvider.o [3]
Virtual function table for DataRepository
                         0x800'4374   0x28  Data  Wk  DataRepository.o [4]
Virtual function table for DigitalFilter
                         0x800'44f8    0xc  Data  Wk  DigitalFilter.o [5]
Virtual function table for Formatter
                         0x800'4504    0xc  Data  Wk  Formatter.o [6]
Virtual function table for LedCalculator
                         0x800'451c    0xc  Data  Wk  LedCalculator.o [7]
Virtual function table for LedController
                         0x800'4528    0xc  Data  Wk  LedController.o [7]
Virtual function table for MeasurementTask
                         0x800'454c    0xc  Data  Wk  MeasurementTask.o [11]
Virtual function table for Usart
                         0x800'44dc   0x10  Data  Wk  Usart.o [8]
Virtual function table for UsartTask
                         0x800'4558    0xc  Data  Wk  UsartTask.o [11]
Virtual function table for Voltage<[local to main_cpp]::maxAdcCounts, [local to main_cpp]::minAdcCounts, [local to main_cpp]::maxVoltage, [local to main_cpp]::minVoltage>
                         0x800'4534    0xc  Data  Lc  main.o [1]
Voltage<[local to main_cpp]::maxAdcCounts, [local to main_cpp]::minAdcCounts, [local to main_cpp]::maxVoltage, [local to main_cpp]::minVoltage>::CalculateGain()
                         0x800'30d5    0x6  Code  Lc  main.o [1]
Voltage<[local to main_cpp]::maxAdcCounts, [local to main_cpp]::minAdcCounts, [local to main_cpp]::maxVoltage, [local to main_cpp]::minVoltage>::CalculateOffset()
                         0x800'30dd   0x1c  Code  Lc  main.o [1]
Voltage<[local to main_cpp]::maxAdcCounts, [local to main_cpp]::minAdcCounts, [local to main_cpp]::maxVoltage, [local to main_cpp]::minVoltage>::Measure()
                         0x800'30a1   0x34  Code  Lc  main.o [1]
Voltage<[local to main_cpp]::maxAdcCounts, [local to main_cpp]::minAdcCounts, [local to main_cpp]::maxVoltage, [local to main_cpp]::minVoltage>::Voltage(IRawDataProvider &)
                         0x800'308b   0x16  Code  Lc  main.o [1]
_LC                      0x800'0199    0x6  Code  Lc  xprintflarge_nomb.o [12]
_LitobLargeNoMb          0x800'0c37  0x114  Code  Lc  xprintflarge_nomb.o [12]
_PrintfLargeNoMb         0x800'019f  0xa92  Code  Gb  xprintflarge_nomb.o [12]
_PutcharsLargeNoMb       0x800'0da5   0x2e  Code  Lc  xprintflarge_nomb.o [12]
_SNProut                 0x800'0e7f   0x1a  Code  Gb  xsnprout.o [12]
__aeabi_assert           0x800'400d   0x24  Code  Gb  ABIassert.o [16]
__aeabi_d2uiz            0x800'12c9         Code  Gb  DblToU32.o [14]
__aeabi_ddiv             0x800'1081         Code  Gb  DblDiv.o [14]
__aeabi_dmul             0x800'1559         Code  Gb  DblMul.o [14]
__aeabi_dsub             0x800'1475         Code  Gb  DblAddSub.o [14]
__aeabi_f2d              0x800'3dd5         Code  Gb  FltToDbl.o [14]
__aeabi_ldiv0            0x800'1981         Code  Gb  I64DivZer.o [15]
__aeabi_ldivmod          0x800'1705         Code  Gb  I64DivMod.o [15]
__aeabi_memcpy           0x800'0f69         Code  Gb  ABImemcpy.o [15]
__aeabi_memcpy4          0x800'0f89         Code  Gb  ABImemcpy.o [15]
__aeabi_memcpy8          0x800'0f89         Code  Gb  ABImemcpy.o [15]
__aeabi_ui2d             0x800'12ed         Code  Gb  U32ToDbl.o [14]
__aeabi_uldivmod         0x800'1749         Code  Gb  I64DivMod.o [15]
__call_ctors             0x800'4431   0x18  Code  Gb  cppinit.o [12]
__cmain                  0x800'4469         Code  Gb  cmain.o [15]
__exit                   0x800'1985   0x14  Code  Gb  exit.o [16]
__iar_Fail_s             0x800'0e99   0x1c  Code  Gb  xfail_s.o [12]
__iar_Memchr             0x800'0f11         Code  Gb  memchr.o [15]
__iar_Strchr             0x800'0e69         Code  Gb  strchr.o [15]
__iar_copy_init3         0x800'0e3f   0x2a  Code  Gb  copy_init3.o [15]
__iar_cstart_call_ctors
                         0x800'4411   0x20  Code  Gb  cmain_call_ctors.o [15]
__iar_data_init3         0x800'439d   0x28  Code  Gb  data_init.o [15]
__iar_debug_exceptions   0x800'100f    0x1  Data  Gb  unwind_debug.o [16]
__iar_exp32              0x800'3b15         Code  Gb  expf.o [14]
__iar_expf_OutBnd        0x800'3b45         Code  Gb  expf.o [14]
__iar_expf_cTab          0x800'42bc         Data  Gb  xexpf.o [14]
__iar_frexp              0x800'101d         Code  Gb  frexp.o [14]
__iar_frexpl             0x800'101d         Code  Gb  frexp.o [14]
__iar_init_vfp           0x800'43c5         Code  Gb  fpinit_M.o [14]
__iar_program_start      0x800'4457   0x10  Code  Gb  startupF411RE.o [1]
__iar_round64            0x800'3c9d         Code  Gb  round.o [14]
__iar_softfp___iar_frexp64
                         0x800'1011         Code  Gb  frexp.o [14]
__iar_softfp_frexp       0x800'1011         Code  Gb  frexp.o [14]
__iar_softfp_frexpl      0x800'1011         Code  Gb  frexp.o [14]
__iar_tls$$INIT_ARRAY$$Base
                         0x800'45dc          --   Gb  - Linker created -
__iar_tls$$INIT_ARRAY$$Limit
                         0x800'45dc          --   Gb  - Linker created -
__iar_vfp___iar_round64
                         0x800'3c8d         Code  Gb  round.o [14]
__iar_vfp_round          0x800'3c8d         Code  Gb  round.o [14]
__iar_vfp_roundl         0x800'3c8d         Code  Gb  round.o [14]
__iar_xexp2f             0x800'3f31         Code  Gb  xexpf.o [14]
__iar_xexpf              0x800'3f25         Code  Gb  xexpf.o [14]
__iar_xsinhf             0x800'3f35         Code  Gb  xexpf.o [14]
__iar_zero_init3         0x800'433d   0x38  Code  Gb  zero_init3.o [15]
__low_level_init         0x800'30f9   0x3e  Code  Gb  main.o [1]
__sti__routine           0x800'3009   0x82  Code  Lc  main.o [1]
__vector_table           0x800'0000  0x198  Data  Gb  startupF411RE.o [1]
_call_main               0x800'4475         Code  Gb  cmain.o [15]
_exit                    0x800'448d         Code  Gb  cexit.o [15]
abort                    0x800'1979    0x6  Code  Gb  abort.o [12]
adc                     0x2000'1b48    0x8  Data  Gb  main.o [1]
bool FieldValueBase<RCC_CFGR_SWS_Values<RCC::CFGR, (unsigned int)2, (unsigned int)2, ReadMode, RCC::RCCCFGRBase>, RCC::RCCCFGRBase, (unsigned int)1>::IsSet<ReadMode, void>()
                         0x800'388d   0x1c  Code  Wk  main.o [1]
bool FieldValueBase<RCC_CR_HSERDY_Values<RCC::CR, (unsigned int)17, (unsigned int)1, ReadMode, RCC::RCCCRBase>, RCC::RCCCRBase, (unsigned int)0>::IsSet<ReadMode, void>()
                         0x800'3861   0x18  Code  Wk  main.o [1]
bool FieldValueBase<USART2_SR_TXE_Values<USART2::SR, (unsigned int)7, (unsigned int)1, ReadMode, USART2::USART2SRBase>, USART2::USART2SRBase, (unsigned int)1>::IsSet<ReadMode, void>()
                         0x800'3d89   0x10  Code  Wk  Usart.o [8]
dataReposiitory         0x2000'1b2c   0x10  Data  Gb  main.o [1]
digitalFilter           0x2000'1aa0   0x14  Data  Gb  main.o [1]
dt                       0x800'45c8    0x4  Data  Lc  main.o [1]
exit                     0x800'4487    0x4  Code  Gb  exit.o [12]
expf                     0x800'3b15         Code  Gb  expf.o [14]
formatter               0x2000'16e4  0x104  Data  Gb  main.o [1]
ledCalculator           0x2000'1b3c    0xc  Data  Gb  main.o [1]
ledController           0x2000'1b58    0x4  Data  Gb  main.o [1]
main                     0x800'3137   0x2c  Code  Gb  main.o [1]
maxLedAmount             0x800'100e    0x1  Data  Lc  main.o [1]
maxVoltage               0x800'45d0    0x4  Data  Lc  main.o [1]
measurementTask         0x2000'0008  0x874  Data  Gb  main.o [1]
memchr                   0x800'0f11         Code  Gb  memchr.o [15]
pcInterruptPriorityRegisters
                         0x800'45d4    0x4  Data  Lc  port.o [10]
prvAddCurrentTaskToDelayedList
                         0x800'21e5   0x82  Code  Lc  tasks.o [9]
prvAddNewTaskToReadyList
                         0x800'1a97   0x9a  Code  Lc  tasks.o [9]
prvCheckForValidListAndQueue
                         0x800'2839   0x4c  Code  Lc  timers.o [9]
prvCheckForValidListAndQueue{1}{2}{3}{4}::ucStaticTimerQueueStorage
                        0x2000'17e8   0xa0  Data  Lc  timers.o [9]
prvCheckForValidListAndQueue{1}{2}{3}{4}::xStaticTimerQueue
                        0x2000'1a18   0x48  Data  Lc  timers.o [9]
prvCheckTasksWaitingTermination
                         0x800'202d    0x2  Code  Lc  tasks.o [9]
prvCopyDataFromQueue     0x800'2eaf   0x36  Code  Lc  queue.o [9]
prvCopyDataToQueue       0x800'2e13   0x9c  Code  Lc  queue.o [9]
prvGetNextExpireTime     0x800'2665   0x28  Code  Lc  timers.o [9]
prvIdleTask              0x800'1fd5    0xa  Code  Lc  tasks.o [9]
prvInitialiseNewQueue    0x800'2a4d   0x32  Code  Lc  queue.o [9]
prvInitialiseNewTask     0x800'19e9   0xae  Code  Lc  tasks.o [9]
prvInitialiseTaskLists   0x800'1fdf   0x4e  Code  Lc  tasks.o [9]
prvInsertTimerInActiveList
                         0x800'26b3   0x50  Code  Lc  timers.o [9]
prvIsQueueEmpty          0x800'2f53   0x1c  Code  Lc  queue.o [9]
prvIsQueueFull           0x800'2f6f   0x1e  Code  Lc  queue.o [9]
prvProcessExpiredTimer   0x800'2593   0x48  Code  Lc  timers.o [9]
prvProcessReceivedCommands
                         0x800'2703   0xbe  Code  Lc  timers.o [9]
prvProcessTimerOrBlockTask
                         0x800'25f7   0x6e  Code  Lc  timers.o [9]
prvResetNextTaskUnblockTime
                         0x800'202f   0x2a  Code  Lc  tasks.o [9]
prvSampleTimeNow         0x800'268d   0x26  Code  Lc  timers.o [9]
prvSampleTimeNow::xLastTime
                        0x2000'1bac    0x4  Data  Lc  timers.o [9]
prvSwitchTimerLists      0x800'27c1   0x78  Code  Lc  timers.o [9]
prvTaskExitError         0x800'2391   0x10  Code  Lc  port.o [10]
prvTimerTask             0x800'25dd   0x1a  Code  Lc  timers.o [9]
prvUnlockQueue           0x800'2ee5   0x6e  Code  Lc  queue.o [9]
pvTaskIncrementMutexHeldCount
                         0x800'2193   0x16  Code  Gb  tasks.o [9]
pxCurrentTCB            0x2000'1b64    0x4  Data  Gb  tasks.o [9]
pxCurrentTimerList      0x2000'1b9c    0x4  Data  Lc  timers.o [9]
pxDelayedTaskList       0x2000'1b68    0x4  Data  Lc  tasks.o [9]
pxOverflowDelayedTaskList
                        0x2000'1b6c    0x4  Data  Lc  tasks.o [9]
pxOverflowTimerList     0x2000'1ba0    0x4  Data  Lc  timers.o [9]
pxPortInitialiseStack    0x800'2369   0x28  Code  Gb  port.o [10]
pxReadyTasksLists       0x2000'1914   0x64  Data  Lc  tasks.o [9]
rc                       0x800'45cc    0x4  Data  Lc  main.o [1]
round                    0x800'3c9d         Code  Gb  round.o [14]
roundl                   0x800'3c9d         Code  Gb  round.o [14]
scale                    0x800'0d4b   0x46  Code  Lc  xprintflarge_nomb.o [12]
sec_hand                0x2000'1bb0    0x4  Data  Lc  xfail_s.o [12]
snprintf                 0x800'3e1d   0x44  Code  Gb  snprintf.o [12]
std::array<unsigned int, (unsigned int)512>::data()
                         0x800'3ea7    0x2  Code  Wk  main.o [1]
std::chrono::duration<long long, std::ratio<(long long)1, (long long)1000>>::count() const
                         0x800'408d    0x6  Code  Wk  MeasurementTask.o [11]
std::chrono::duration<unsigned int, std::ratio<(long long)10, (long long)1000>>::count() const
                         0x800'4061    0x4  Code  Wk  MeasurementTask.o [11]
std::chrono::duration<unsigned int, std::ratio<(long long)10, (long long)1000>>::duration<unsigned int, void>(unsigned int const &)
                         0x800'4093    0x6  Code  Wk  MeasurementTask.o [11]
std::enable_if<std::chrono::_Is_duration<std::chrono::duration<unsigned int, std::ratio<(long long)10, (long long)1000>>>::value, std::chrono::duration<unsigned int, std::ratio<(long long)10, (long long)1000>>>::type std::chrono::duration_cast<std::chrono::duration<unsigned int, std::ratio<(long long)10, (long long)1000>>, long long, std::ratio<(long long)1, (long long)1000>>(std::chrono::duration<long long, std::ratio<(long long)1, (long long)1000>> const &)
                         0x800'4041   0x20  Code  Wk  MeasurementTask.o [11]
strchr                   0x800'0e69         Code  Gb  strchr.o [15]
strlen                   0x800'0ed9         Code  Gb  strlen.o [15]
ucMaxSysCallPriority    0x2000'1bb4    0x1  Data  Lc  port.o [10]
ulMaxPRIGROUPValue      0x2000'1b60    0x4  Data  Lc  port.o [10]
unsigned int RegisterBase<(unsigned int)1073872916, (unsigned int)32, ReadWriteMode>::Get<ReadWriteMode, void>()
                         0x800'3bd9    0xc  Code  Wk  LedController.o [7]
unsigned int RegisterBase<(unsigned int)1073874964, (unsigned int)32, ReadWriteMode>::Get<ReadWriteMode, void>()
                         0x800'3bb1    0xc  Code  Wk  LedController.o [7]
usart                   0x2000'1b5c    0x4  Data  Gb  main.o [1]
usartTask               0x2000'087c  0x868  Data  Gb  main.o [1]
uxCriticalNesting       0x2000'0004    0x4  Data  Lc  port.o [10]
uxCurrentNumberOfTasks  0x2000'1b70    0x4  Data  Lc  tasks.o [9]
uxListRemove             0x800'233f   0x28  Code  Gb  list.o [9]
uxPendedTicks           0x2000'1b80    0x4  Data  Lc  tasks.o [9]
uxSchedulerSuspended    0x2000'1b98    0x4  Data  Lc  tasks.o [9]
uxTaskNumber            0x2000'1b8c    0x4  Data  Lc  tasks.o [9]
uxTopReadyPriority      0x2000'1b78    0x4  Data  Lc  tasks.o [9]
vApplicationGetIdleTaskMemory
                         0x800'2267    0xe  Code  Gb  tasks.o [9]
vApplicationGetIdleTaskMemory::uxIdleTaskStack
                        0x2000'14e4  0x200  Data  Lc  tasks.o [9]
vApplicationGetIdleTaskMemory::xIdleTaskTCB
                        0x2000'1978   0x50  Data  Lc  tasks.o [9]
vApplicationGetTimerTaskMemory
                         0x800'2275   0x10  Code  Gb  tasks.o [9]
vApplicationGetTimerTaskMemory::uxTimerTaskStack
                        0x2000'10e4  0x400  Data  Lc  tasks.o [9]
vApplicationGetTimerTaskMemory::xTimerTaskTCB
                        0x2000'19c8   0x50  Data  Lc  tasks.o [9]
vListInitialise          0x800'22cd   0x1e  Code  Gb  list.o [9]
vListInitialiseItem      0x800'22eb    0x6  Code  Gb  list.o [9]
vListInsert              0x800'2309   0x36  Code  Gb  list.o [9]
vListInsertEnd           0x800'22f1   0x18  Code  Gb  list.o [9]
vPortEnableVFP           0x800'2965         Code  Gb  portasm.o [10]
vPortEnterCritical       0x800'2429   0x22  Code  Gb  port.o [10]
vPortExitCritical        0x800'244b   0x16  Code  Gb  port.o [10]
vPortSVCHandler          0x800'2931         Code  Gb  portasm.o [10]
vPortSetupTimerInterrupt
                         0x800'28b5   0x24  Code  Wk  port.o [10]
vPortStartFirstTask      0x800'294d         Code  Gb  portasm.o [10]
vPortValidateInterruptPriority
                         0x800'248d   0x16  Code  Gb  port.o [10]
vQueueAddToRegistry      0x800'2f8d   0x26  Code  Gb  queue.o [9]
vQueueWaitForMessageRestricted
                         0x800'2fbd   0x4c  Code  Gb  queue.o [9]
vTaskDelay               0x800'1ba3   0x3a  Code  Gb  tasks.o [9]
vTaskDelayUntil          0x800'1b31   0x72  Code  Gb  tasks.o [9]
vTaskMissedYield         0x800'1fc9    0xa  Code  Gb  tasks.o [9]
vTaskPlaceOnEventList    0x800'1ea1   0x20  Code  Gb  tasks.o [9]
vTaskPlaceOnEventListRestricted
                         0x800'1ec1   0x2c  Code  Gb  tasks.o [9]
vTaskPriorityInherit     0x800'2077   0x9a  Code  Gb  tasks.o [9]
vTaskSetTimeOutState     0x800'1f5d   0x12  Code  Gb  tasks.o [9]
vTaskStartScheduler      0x800'1bdd   0x84  Code  Gb  tasks.o [9]
vTaskSuspendAll          0x800'1c61    0xc  Code  Gb  tasks.o [9]
vTaskSwitchContext       0x800'1e49   0x58  Code  Gb  tasks.o [9]
void FieldValueBase<ADC1_CR1_RES_Values<ADC1::CR1, (unsigned int)24, (unsigned int)2, ReadWriteMode, ADC1::ADC1CR1Base>, ADC1::ADC1CR1Base, (unsigned int)0>::Set<ReadWriteMode, void>()
                         0x800'3a81   0x10  Code  Wk  AdcDmaDataProvider.o [3]
void FieldValueBase<ADC1_CR1_SCAN_Values<ADC1::CR1, (unsigned int)8, (unsigned int)1, ReadWriteMode, ADC1::ADC1CR1Base>, ADC1::ADC1CR1Base, (unsigned int)1>::Set<ReadWriteMode, void>()
                         0x800'3a91   0x14  Code  Wk  AdcDmaDataProvider.o [3]
void FieldValueBase<ADC1_CR2_ADON_Values<ADC1::CR2, (unsigned int)0, (unsigned int)1, ReadWriteMode, ADC1::ADC1CR2Base>, ADC1::ADC1CR2Base, (unsigned int)1>::Set<ReadWriteMode, void>()
                         0x800'3ae1   0x14  Code  Wk  AdcDmaDataProvider.o [3]
void FieldValueBase<ADC1_CR2_CONT_Values<ADC1::CR2, (unsigned int)1, (unsigned int)1, ReadWriteMode, ADC1::ADC1CR2Base>, ADC1::ADC1CR2Base, (unsigned int)1>::Set<ReadWriteMode, void>()
                         0x800'3aa5   0x14  Code  Wk  AdcDmaDataProvider.o [3]
void FieldValueBase<ADC1_CR2_DDS_Values<ADC1::CR2, (unsigned int)9, (unsigned int)1, ReadWriteMode, ADC1::ADC1CR2Base>, ADC1::ADC1CR2Base, (unsigned int)1>::Set<ReadWriteMode, void>()
                         0x800'3acd   0x14  Code  Wk  AdcDmaDataProvider.o [3]
void FieldValueBase<ADC1_CR2_DMA_Values<ADC1::CR2, (unsigned int)8, (unsigned int)1, ReadWriteMode, ADC1::ADC1CR2Base>, ADC1::ADC1CR2Base, (unsigned int)1>::Set<ReadWriteMode, void>()
                         0x800'3ab9   0x14  Code  Wk  AdcDmaDataProvider.o [3]
void FieldValueBase<ADC1_CR2_SWSTART_Values<ADC1::CR2, (unsigned int)30, (unsigned int)1, ReadWriteMode, ADC1::ADC1CR2Base>, ADC1::ADC1CR2Base, (unsigned int)1>::Set<ReadWriteMode, void>()
                         0x800'3af5   0x14  Code  Wk  AdcDmaDataProvider.o [3]
void FieldValueBase<DMA2_S0CR_CHSEL_Values<DMA2::S0CR, (unsigned int)25, (unsigned int)3, ReadWriteMode, DMA2::DMA2S0CRBase>, DMA2::DMA2S0CRBase, (unsigned int)0>::Set<ReadWriteMode, void>()
                         0x800'39bd   0x10  Code  Wk  AdcDmaDataProvider.o [3]
void FieldValueBase<DMA2_S0CR_CIRC_Values<DMA2::S0CR, (unsigned int)8, (unsigned int)1, ReadWriteMode, DMA2::DMA2S0CRBase>, DMA2::DMA2S0CRBase, (unsigned int)1>::Set<ReadWriteMode, void>()
                         0x800'3a15   0x14  Code  Wk  AdcDmaDataProvider.o [3]
void FieldValueBase<DMA2_S0CR_CT_Values<DMA2::S0CR, (unsigned int)19, (unsigned int)1, ReadWriteMode, DMA2::DMA2S0CRBase>, DMA2::DMA2S0CRBase, (unsigned int)0>::Set<ReadWriteMode, void>()
                         0x800'39cd   0x10  Code  Wk  AdcDmaDataProvider.o [3]
void FieldValueBase<DMA2_S0CR_DBM_Values<DMA2::S0CR, (unsigned int)18, (unsigned int)1, ReadWriteMode, DMA2::DMA2S0CRBase>, DMA2::DMA2S0CRBase, (unsigned int)0>::Set<ReadWriteMode, void>()
                         0x800'39dd   0x10  Code  Wk  AdcDmaDataProvider.o [3]
void FieldValueBase<DMA2_S0CR_DIR_Values<DMA2::S0CR, (unsigned int)6, (unsigned int)2, ReadWriteMode, DMA2::DMA2S0CRBase>, DMA2::DMA2S0CRBase, (unsigned int)0>::Set<ReadWriteMode, void>()
                         0x800'3a29   0x10  Code  Wk  AdcDmaDataProvider.o [3]
void FieldValueBase<DMA2_S0CR_EN_Values<DMA2::S0CR, (unsigned int)0, (unsigned int)1, ReadWriteMode, DMA2::DMA2S0CRBase>, DMA2::DMA2S0CRBase, (unsigned int)0>::Set<ReadWriteMode, void>()
                         0x800'39ad   0x10  Code  Wk  AdcDmaDataProvider.o [3]
void FieldValueBase<DMA2_S0CR_EN_Values<DMA2::S0CR, (unsigned int)0, (unsigned int)1, ReadWriteMode, DMA2::DMA2S0CRBase>, DMA2::DMA2S0CRBase, (unsigned int)1>::Set<ReadWriteMode, void>()
                         0x800'3a6d   0x14  Code  Wk  AdcDmaDataProvider.o [3]
void FieldValueBase<DMA2_S0CR_MSIZE_Values<DMA2::S0CR, (unsigned int)13, (unsigned int)2, ReadWriteMode, DMA2::DMA2S0CRBase>, DMA2::DMA2S0CRBase, (unsigned int)2>::Set<ReadWriteMode, void>()
                         0x800'39ed   0x14  Code  Wk  AdcDmaDataProvider.o [3]
void FieldValueBase<DMA2_S0CR_PFCTRL_Values<DMA2::S0CR, (unsigned int)5, (unsigned int)1, ReadWriteMode, DMA2::DMA2S0CRBase>, DMA2::DMA2S0CRBase, (unsigned int)0>::Set<ReadWriteMode, void>()
                         0x800'3a39   0x10  Code  Wk  AdcDmaDataProvider.o [3]
void FieldValueBase<DMA2_S0CR_PSIZE_Values<DMA2::S0CR, (unsigned int)11, (unsigned int)2, ReadWriteMode, DMA2::DMA2S0CRBase>, DMA2::DMA2S0CRBase, (unsigned int)2>::Set<ReadWriteMode, void>()
                         0x800'3a01   0x14  Code  Wk  AdcDmaDataProvider.o [3]
void FieldValueBase<GPIOA_AFRL_AFRL7_Values<GPIOA::AFRL, (unsigned int)12, (unsigned int)4, ReadWriteMode, GPIOA::GPIOAAFRLBase>, GPIOA::GPIOAAFRLBase, (unsigned int)7>::Set<ReadWriteMode, void>()
                         0x800'3c39   0x14  Code  Wk  Usart.o [8]
void FieldValueBase<GPIOA_AFRL_AFRL7_Values<GPIOA::AFRL, (unsigned int)8, (unsigned int)4, ReadWriteMode, GPIOA::GPIOAAFRLBase>, GPIOA::GPIOAAFRLBase, (unsigned int)7>::Set<ReadWriteMode, void>()
                         0x800'3c25   0x14  Code  Wk  Usart.o [8]
void FieldValueBase<GPIOA_MODER_MODER15_Values<GPIOA::MODER, (unsigned int)0, (unsigned int)2, ReadWriteMode, GPIOA::GPIOAMODERBase>, GPIOA::GPIOAMODERBase, (unsigned int)3>::Set<ReadWriteMode, void>()
                         0x800'3901   0x14  Code  Wk  main.o [1]
void FieldValueBase<GPIOA_MODER_MODER15_Values<GPIOA::MODER, (unsigned int)10, (unsigned int)2, ReadWriteMode, GPIOA::GPIOAMODERBase>, GPIOA::GPIOAMODERBase, (unsigned int)1>::Set<ReadWriteMode, void>()
                         0x800'38d1   0x14  Code  Wk  main.o [1]
void FieldValueBase<GPIOA_MODER_MODER15_Values<GPIOA::MODER, (unsigned int)4, (unsigned int)2, ReadWriteMode, GPIOA::GPIOAMODERBase>, GPIOA::GPIOAMODERBase, (unsigned int)2>::Set<ReadWriteMode, void>()
                         0x800'3bfd   0x14  Code  Wk  Usart.o [8]
void FieldValueBase<GPIOA_MODER_MODER15_Values<GPIOA::MODER, (unsigned int)6, (unsigned int)2, ReadWriteMode, GPIOA::GPIOAMODERBase>, GPIOA::GPIOAMODERBase, (unsigned int)2>::Set<ReadWriteMode, void>()
                         0x800'3c11   0x14  Code  Wk  Usart.o [8]
void FieldValueBase<RCC_AHB1ENR_DMA2EN_Values<RCC::AHB1ENR, (unsigned int)22, (unsigned int)1, ReadWriteMode, RCC::RCCAHB1ENRBase>, RCC::RCCAHB1ENRBase, (unsigned int)1>::Set<ReadWriteMode, void>()
                         0x800'3929   0x14  Code  Wk  main.o [1]
void FieldValueBase<RCC_AHB1ENR_DMA2EN_Values<RCC::APB1ENR, (unsigned int)17, (unsigned int)1, ReadWriteMode, RCC::RCCAPB1ENRBase>, RCC::RCCAPB1ENRBase, (unsigned int)1>::Set<ReadWriteMode, void>()
                         0x800'393d   0x14  Code  Wk  main.o [1]
void FieldValueBase<RCC_AHB1ENR_DMA2EN_Values<RCC::APB2ENR, (unsigned int)14, (unsigned int)1, ReadWriteMode, RCC::RCCAPB2ENRBase>, RCC::RCCAPB2ENRBase, (unsigned int)1>::Set<ReadWriteMode, void>()
                         0x800'38bd   0x14  Code  Wk  main.o [1]
void FieldValueBase<RCC_AHB1ENR_DMA2EN_Values<RCC::APB2ENR, (unsigned int)8, (unsigned int)1, ReadWriteMode, RCC::RCCAPB2ENRBase>, RCC::RCCAPB2ENRBase, (unsigned int)1>::Set<ReadWriteMode, void>()
                         0x800'3915   0x14  Code  Wk  main.o [1]
void FieldValueBase<RCC_CFGR_SW_Values<RCC::CFGR, (unsigned int)0, (unsigned int)2, ReadWriteMode, RCC::RCCCFGRBase>, RCC::RCCCFGRBase, (unsigned int)1>::Set<ReadWriteMode, void>()
                         0x800'3879   0x14  Code  Wk  main.o [1]
void FieldValueBase<RCC_CR_HSEON_Values<RCC::CR, (unsigned int)16, (unsigned int)1, ReadWriteMode, RCC::RCCCRBase>, RCC::RCCCRBase, (unsigned int)1>::Set<ReadWriteMode, void>()
                         0x800'384d   0x14  Code  Wk  main.o [1]
void FieldValueBase<USART2_CR1_M_Values<USART2::CR1, (unsigned int)12, (unsigned int)1, ReadWriteMode, USART2::USART2CR1Base>, USART2::USART2CR1Base, (unsigned int)0>::Set<ReadWriteMode, void>()
                         0x800'3c5d   0x10  Code  Wk  Usart.o [8]
void FieldValueBase<USART2_CR1_OVER8_Values<USART2::CR1, (unsigned int)15, (unsigned int)1, ReadWriteMode, USART2::USART2CR1Base>, USART2::USART2CR1Base, (unsigned int)0>::Set<ReadWriteMode, void>()
                         0x800'3c4d   0x10  Code  Wk  Usart.o [8]
void FieldValueBase<USART2_CR1_PCE_Values<USART2::CR1, (unsigned int)10, (unsigned int)1, ReadWriteMode, USART2::USART2CR1Base>, USART2::USART2CR1Base, (unsigned int)0>::Set<ReadWriteMode, void>()
                         0x800'3c6d   0x10  Code  Wk  Usart.o [8]
void FieldValueBase<USART2_CR1_TE_Values<USART2::CR1, (unsigned int)3, (unsigned int)1, ReadWriteMode, USART2::USART2CR1Base>, USART2::USART2CR1Base, (unsigned int)1>::Set<ReadWriteMode, void>()
                         0x800'3d69   0x14  Code  Wk  Usart.o [8]
void FieldValueBase<USART2_CR1_TXEIE_Values<USART2::CR1, (unsigned int)7, (unsigned int)1, ReadWriteMode, USART2::USART2CR1Base>, USART2::USART2CR1Base, (unsigned int)0>::Set<ReadWriteMode, void>()
                         0x800'3db9   0x10  Code  Wk  Usart.o [8]
void FieldValueBase<USART2_CR1_TXEIE_Values<USART2::CR1, (unsigned int)7, (unsigned int)1, ReadWriteMode, USART2::USART2CR1Base>, USART2::USART2CR1Base, (unsigned int)1>::Set<ReadWriteMode, void>()
                         0x800'3da5   0x14  Code  Wk  Usart.o [8]
void FieldValueBase<USART2_CR1_UE_Values<USART2::CR1, (unsigned int)13, (unsigned int)1, ReadWriteMode, USART2::USART2CR1Base>, USART2::USART2CR1Base, (unsigned int)1>::Set<ReadWriteMode, void>()
                         0x800'3d55   0x14  Code  Wk  Usart.o [8]
void FieldValueBase<USART2_CR2_STOP_Values<USART2::CR2, (unsigned int)12, (unsigned int)2, ReadWriteMode, USART2::USART2CR2Base>, USART2::USART2CR2Base, (unsigned int)0>::Set<ReadWriteMode, void>()
                         0x800'3c7d   0x10  Code  Wk  Usart.o [8]
void OsWrapper::Rtos::CreateThread<MeasurementTask>(MeasurementTask &, char const *, OsWrapper::ThreadPriority)
                         0x800'3951   0x24  Code  Wk  main.o [1]
void OsWrapper::Rtos::CreateThread<UsartTask>(UsartTask &, char const *, OsWrapper::ThreadPriority)
                         0x800'3975   0x24  Code  Wk  main.o [1]
void OsWrapper::RtosWrapper::wCreateThread<OsWrapper::Rtos, MeasurementTask>(MeasurementTask &, char const *, OsWrapper::ThreadPriority, unsigned short, unsigned int *)
                         0x800'3ea9   0x38  Code  Wk  main.o [1]
void OsWrapper::RtosWrapper::wCreateThread<OsWrapper::Rtos, UsartTask>(UsartTask &, char const *, OsWrapper::ThreadPriority, unsigned short, unsigned int *)
                         0x800'3ee1   0x38  Code  Wk  main.o [1]
void Register<(unsigned int)1073874944, (unsigned int)32, ReadWriteMode, GPIOC::GPIOCMODERBase, FieldValue<GPIOC_MODER_MODER15_Values<GPIOC::MODER, (unsigned int)10, (unsigned int)2, ReadWriteMode, GPIOC::GPIOCMODERBase>, GPIOC::GPIOCMODERBase, (unsigned int)1, void>, FieldValue<GPIOC_MODER_MODER15_Values<GPIOC::MODER, (unsigned int)16, (unsigned int)2, ReadWriteMode, GPIOC::GPIOCMODERBase>, GPIOC::GPIOCMODERBase, (unsigned int)1, void>, FieldValue<GPIOC_MODER_MODER15_Values<GPIOC::MODER, (unsigned int)18, (unsigned int)2, ReadWriteMode, GPIOC::GPIOCMODERBase>, GPIOC::GPIOCMODERBase, (unsigned int)1, void>>::Set<ReadWriteMode, void>()
                         0x800'38e5   0x1c  Code  Wk  main.o [1]
void Register<(unsigned int)1073887280, (unsigned int)32, ReadWriteMode, RCC::RCCAHB1ENRBase, FieldValue<RCC_AHB1ENR_GPIOCEN_Values<RCC::AHB1ENR, (unsigned int)2, (unsigned int)1, ReadWriteMode, RCC::RCCAHB1ENRBase>, RCC::RCCAHB1ENRBase, (unsigned int)1, void>, FieldValue<RCC_AHB1ENR_GPIOAEN_Values<RCC::AHB1ENR, (unsigned int)0, (unsigned int)1, ReadWriteMode, RCC::RCCAHB1ENRBase>, RCC::RCCAHB1ENRBase, (unsigned int)1, void>>::Set<ReadWriteMode, void>()
                         0x800'38a9   0x14  Code  Wk  main.o [1]
void RegisterBase<(unsigned int)1073759236, (unsigned int)32, ReadWriteMode>::Write<ReadWriteMode, void>(unsigned int)
                         0x800'3d99    0xc  Code  Wk  Usart.o [8]
void RegisterBase<(unsigned int)1073872916, (unsigned int)32, ReadWriteMode>::Set<ReadWriteMode, void>(unsigned int)
                         0x800'3ba1   0x10  Code  Wk  LedController.o [7]
void RegisterBase<(unsigned int)1073872916, (unsigned int)32, ReadWriteMode>::Write<ReadWriteMode, void>(unsigned int)
                         0x800'3be5    0xc  Code  Wk  LedController.o [7]
void RegisterBase<(unsigned int)1073874964, (unsigned int)32, ReadWriteMode>::Set<ReadWriteMode, void>(unsigned int)
                         0x800'3bc9   0x10  Code  Wk  LedController.o [7]
void RegisterBase<(unsigned int)1073874964, (unsigned int)32, ReadWriteMode>::Write<ReadWriteMode, void>(unsigned int)
                         0x800'3bbd    0xc  Code  Wk  LedController.o [7]
void RegisterBase<(unsigned int)1073898516, (unsigned int)32, ReadWriteMode>::Write<ReadWriteMode, void>(unsigned int)
                         0x800'3a61    0xc  Code  Wk  AdcDmaDataProvider.o [3]
void RegisterBase<(unsigned int)1073898520, (unsigned int)32, ReadWriteMode>::Write<ReadWriteMode, void>(unsigned int)
                         0x800'3a49    0xc  Code  Wk  AdcDmaDataProvider.o [3]
void RegisterBase<(unsigned int)1073898524, (unsigned int)32, ReadWriteMode>::Write<ReadWriteMode, void>(unsigned int)
                         0x800'3a55    0xc  Code  Wk  AdcDmaDataProvider.o [3]
void RegisterBase<(unsigned int)3758153988, (unsigned int)32, ReadWriteMode>::Write<ReadWriteMode, void>(unsigned int)
                         0x800'3d7d    0xc  Code  Wk  Usart.o [8]
void RegisterField<USART2::BRR, (unsigned int)0, (unsigned int)4, ReadWriteMode, void>::Set<ReadWriteMode, void>(unsigned int)
                         0x800'3d25   0x30  Code  Wk  Usart.o [8]
void RegisterField<USART2::BRR, (unsigned int)0, (unsigned int)4, ReadWriteMode, void>::Set<ReadWriteMode, void>(unsigned int)::string
                         0x800'4140   0x9c  Data  Wk  Usart.o [8]
void RegisterField<USART2::BRR, (unsigned int)0, (unsigned int)4, ReadWriteMode, void>::Set<ReadWriteMode, void>(unsigned int)::string (instance 2)
                         0x800'424c   0x70  Data  Wk  Usart.o [8]
void RegisterField<USART2::BRR, (unsigned int)4, (unsigned int)12, ReadWriteMode, void>::Set<ReadWriteMode, void>(unsigned int)
                         0x800'3cf1   0x34  Code  Wk  Usart.o [8]
void RegisterField<USART2::BRR, (unsigned int)4, (unsigned int)12, ReadWriteMode, void>::Set<ReadWriteMode, void>(unsigned int)::string
                         0x800'40a4   0x9c  Data  Wk  Usart.o [8]
void RegisterField<USART2::BRR, (unsigned int)4, (unsigned int)12, ReadWriteMode, void>::Set<ReadWriteMode, void>(unsigned int)::string (instance 2)
                         0x800'41dc   0x70  Data  Wk  Usart.o [8]
voltage                 0x2000'1b50    0x8  Data  Gb  main.o [1]
xActiveTimerList1       0x2000'1b04   0x14  Data  Lc  timers.o [9]
xActiveTimerList2       0x2000'1b18   0x14  Data  Lc  timers.o [9]
xDelayedTaskList1       0x2000'1ab4   0x14  Data  Lc  tasks.o [9]
xDelayedTaskList2       0x2000'1ac8   0x14  Data  Lc  tasks.o [9]
xIdleTaskHandle         0x2000'1b94    0x4  Data  Lc  tasks.o [9]
xNextTaskUnblockTime    0x2000'1b90    0x4  Data  Lc  tasks.o [9]
xNumOfOverflows         0x2000'1b88    0x4  Data  Lc  tasks.o [9]
xPendingReadyList       0x2000'1adc   0x14  Data  Lc  tasks.o [9]
xPortPendSVHandler       0x800'28d9         Code  Gb  portasm.o [10]
xPortStartScheduler      0x800'23a1   0x88  Code  Gb  port.o [10]
xPortSysTickHandler      0x800'2461   0x28  Code  Gb  port.o [10]
xQueueGenericCreateStatic
                         0x800'2a01   0x4c  Code  Gb  queue.o [9]
xQueueGenericReceive     0x800'2c7f  0x194  Code  Gb  queue.o [9]
xQueueGenericReset       0x800'2981   0x80  Code  Gb  queue.o [9]
xQueueGenericSend        0x800'2a7f  0x15a  Code  Gb  queue.o [9]
xQueueGenericSendFromISR
                         0x800'2bd9   0xa6  Code  Gb  queue.o [9]
xQueueRegistry          0x2000'1a60   0x40  Data  Gb  queue.o [9]
xSchedulerRunning       0x2000'1b7c    0x4  Data  Lc  tasks.o [9]
xSuspendedTaskList      0x2000'1af0   0x14  Data  Lc  tasks.o [9]
xTaskCheckForTimeOut     0x800'1f6f   0x5a  Code  Gb  tasks.o [9]
xTaskCreateStatic        0x800'1999   0x50  Code  Gb  tasks.o [9]
xTaskGetSchedulerState   0x800'2059   0x1e  Code  Gb  tasks.o [9]
xTaskGetTickCount        0x800'1d41    0x8  Code  Gb  tasks.o [9]
xTaskIncrementTick       0x800'1d49  0x100  Code  Gb  tasks.o [9]
xTaskPriorityDisinherit
                         0x800'2111   0x82  Code  Gb  tasks.o [9]
xTaskRemoveFromEventList
                         0x800'1eed   0x70  Code  Gb  tasks.o [9]
xTaskResumeAll           0x800'1c6d   0xd4  Code  Gb  tasks.o [9]
xTickCount              0x2000'1b74    0x4  Data  Lc  tasks.o [9]
xTimerCreateTimerTask    0x800'24cd   0x58  Code  Gb  timers.o [9]
xTimerGenericCommand     0x800'2525   0x6e  Code  Gb  timers.o [9]
xTimerQueue             0x2000'1ba4    0x4  Data  Lc  timers.o [9]
xTimerTaskHandle        0x2000'1ba8    0x4  Data  Lc  timers.o [9]
xYieldPending           0x2000'1b84    0x4  Data  Lc  tasks.o [9]


[1] = D:\Documents\Other\Homework\Kolodiy\CoursePaper\source\RtosWrapper\Debug\Obj
[2] = D:\Documents\Other\Homework\Kolodiy\CoursePaper\source\RtosWrapper\Debug\Obj\AHardware\IrqController
[3] = D:\Documents\Other\Homework\Kolodiy\CoursePaper\source\RtosWrapper\Debug\Obj\Application\AdcDmaDataProvider
[4] = D:\Documents\Other\Homework\Kolodiy\CoursePaper\source\RtosWrapper\Debug\Obj\Application\DataRepository
[5] = D:\Documents\Other\Homework\Kolodiy\CoursePaper\source\RtosWrapper\Debug\Obj\Application\DigitalFilter
[6] = D:\Documents\Other\Homework\Kolodiy\CoursePaper\source\RtosWrapper\Debug\Obj\Application\Formatter
[7] = D:\Documents\Other\Homework\Kolodiy\CoursePaper\source\RtosWrapper\Debug\Obj\Application\Leds
[8] = D:\Documents\Other\Homework\Kolodiy\CoursePaper\source\RtosWrapper\Debug\Obj\Application\Usart
[9] = D:\Documents\Other\Homework\Kolodiy\CoursePaper\source\RtosWrapper\Debug\Obj\Rtos\FreeRtos
[10] = D:\Documents\Other\Homework\Kolodiy\CoursePaper\source\RtosWrapper\Debug\Obj\Rtos\FreeRtos\portable\IAR\ARM_CM4F
[11] = D:\Documents\Other\Homework\Kolodiy\CoursePaper\source\RtosWrapper\Debug\Obj\Tasks
[12] = dl7M_tln.a
[13] = dlpprt7M_tl_nc.a
[14] = m7M_tls.a
[15] = rt7M_tl.a
[16] = shb_l.a

  16'472 bytes of readonly  code memory
   1'412 bytes of readonly  data memory
  15'286 bytes of readwrite data memory

Errors: none
Warnings: none
