###############################################################################
#
# IAR ELF Linker V9.30.1.335/W64 for ARM                  27/Apr/2025  21:40:50
# Copyright 2007-2022 IAR Systems AB.
#
#    Output file  =
#        D:\Documents\Homework\GitLab\CoursePaper\source\RtosWrapper\Debug\Exe\iarproject.out
#    Map file     =
#        D:\Documents\Homework\GitLab\CoursePaper\source\RtosWrapper\Debug\List\iarproject.map
#    Command line =
#        -f
#        D:\Documents\Homework\GitLab\CoursePaper\source\RtosWrapper\Debug\Exe\iarproject.out.rsp
#        (D:\Documents\Homework\GitLab\CoursePaper\source\RtosWrapper\Debug\Obj\Application\AdcDmaDataProvider\AdcDmaDataProvider.o
#        D:\Documents\Homework\GitLab\CoursePaper\source\RtosWrapper\Debug\Obj\Rtos\FreeRtos\croutine.o
#        D:\Documents\Homework\GitLab\CoursePaper\source\RtosWrapper\Debug\Obj\Application\DataRepository\DataRepository.o
#        D:\Documents\Homework\GitLab\CoursePaper\source\RtosWrapper\Debug\Obj\Rtos\FreeRtos\event_groups.o
#        D:\Documents\Homework\GitLab\CoursePaper\source\RtosWrapper\Debug\Obj\Application\Formatter\Formatter.o
#        D:\Documents\Homework\GitLab\CoursePaper\source\RtosWrapper\Debug\Obj\AHardware\IrqController\irqcontroller.o
#        D:\Documents\Homework\GitLab\CoursePaper\source\RtosWrapper\Debug\Obj\Application\Leds\LedCalculator.o
#        D:\Documents\Homework\GitLab\CoursePaper\source\RtosWrapper\Debug\Obj\Application\Leds\LedController.o
#        D:\Documents\Homework\GitLab\CoursePaper\source\RtosWrapper\Debug\Obj\Rtos\FreeRtos\list.o
#        D:\Documents\Homework\GitLab\CoursePaper\source\RtosWrapper\Debug\Obj\main.o
#        D:\Documents\Homework\GitLab\CoursePaper\source\RtosWrapper\Debug\Obj\Tasks\MeasurementTask.o
#        D:\Documents\Homework\GitLab\CoursePaper\source\RtosWrapper\Debug\Obj\Rtos\FreeRtos\portable\IAR\ARM_CM4F\port.o
#        D:\Documents\Homework\GitLab\CoursePaper\source\RtosWrapper\Debug\Obj\Rtos\FreeRtos\portable\IAR\ARM_CM4F\portasm.o
#        D:\Documents\Homework\GitLab\CoursePaper\source\RtosWrapper\Debug\Obj\Rtos\FreeRtos\queue.o
#        D:\Documents\Homework\GitLab\CoursePaper\source\RtosWrapper\Debug\Obj\startupF411RE.o
#        D:\Documents\Homework\GitLab\CoursePaper\source\RtosWrapper\Debug\Obj\Rtos\FreeRtos\tasks.o
#        D:\Documents\Homework\GitLab\CoursePaper\source\RtosWrapper\Debug\Obj\Rtos\FreeRtos\timers.o
#        D:\Documents\Homework\GitLab\CoursePaper\source\RtosWrapper\Debug\Obj\Application\Usart\Usart.o
#        D:\Documents\Homework\GitLab\CoursePaper\source\RtosWrapper\Debug\Obj\Tasks\UsartTask.o
#        --no_out_extension -o
#        D:\Documents\Homework\GitLab\CoursePaper\source\RtosWrapper\Debug\Exe\iarproject.out
#        --map
#        D:\Documents\Homework\GitLab\CoursePaper\source\RtosWrapper\Debug\List\iarproject.map
#        --log
#        libraries,initialization,modules,redirects,sections,veneers,unused_fragments,call_graph
#        --log_file
#        D:\Documents\Homework\GitLab\CoursePaper\source\RtosWrapper\Debug\List\iarproject.log
#        --config
#        D:\Documents\Homework\GitLab\CoursePaper\source\RtosWrapper\stm32f411xE.icf
#        --semihosting --entry __iar_program_start --vfe --text_out locale
#        --cpu=Cortex-M4 --fpu=VFPv4_sp)
#
###############################################################################

*******************************************************************************
*** RUNTIME MODEL ATTRIBUTES
***

CppFlavor                     = *
__CPP_Exceptions              = Disabled
__CPP_Language                = C++14
__CPP_Library                 = DLib
__CPP_Runtime                 = 1
__Heap_Handler                = Basic
__SystemLibrary               = DLib
__dlib_dynamic_initialization = normal
__dlib_version                = 6


*******************************************************************************
*** HEAP SELECTION
***

The basic heap was selected because --advanced_heap
was not specified and the application did not appear to
be primarily optimized for speed.


*******************************************************************************
*** PLACEMENT SUMMARY
***

"A0":  place at address 0x800'0000 { ro section .intvec };
"P1":  place in [from 0x800'0000 to 0x807'ffff] { ro };
define block CSTACK with size = 8K, alignment = 8 { };
define block HEAP with size = 4K, alignment = 8 { };
"P2":  place in [from 0x2000'0000 to 0x2001'ffff] {
          rw, block CSTACK, block HEAP };
initialize by copy { rw };

  Section                Kind         Address    Size  Object
  -------                ----         -------    ----  ------
"A0":                                           0x198
  .intvec                const     0x800'0000   0x198  startupF411RE.o [1]
                                 - 0x800'0198   0x198

"P1":                                          0x7060
  .text                  ro code   0x800'0198   0xe8e  xprintffull_nomb.o [11]
  .text                  ro code   0x800'1026    0x2a  copy_init3.o [15]
  .text                  ro code   0x800'1050    0x16  strchr.o [15]
  .text                  ro code   0x800'1066     0xa  xsprout.o [11]
  .text                  ro code   0x800'1070    0x40  xfail_s.o [11]
  .text                  ro code   0x800'10b0    0x36  strlen.o [15]
  .text                  ro code   0x800'10e6     0x6  Formatter.o [5]
  .text                  ro code   0x800'10ec    0x58  memchr.o [15]
  .text                  ro code   0x800'1144    0xa6  ABImemcpy.o [15]
  .rodata                const     0x800'11ea     0x2  Formatter.o [5]
  .text                  ro code   0x800'11ec    0x70  frexp.o [14]
  .text                  ro code   0x800'125c    0x34  DblCmpLe.o [14]
  .text                  ro code   0x800'1290    0x34  DblCmpGe.o [14]
  .text                  ro code   0x800'12c4   0x13a  ldexp.o [14]
  .text                  ro code   0x800'13fe     0x2  Formatter.o [5]
  .text                  ro code   0x800'1400    0x36  DblToS32.o [14]
  .text                  ro code   0x800'1436     0x2  Formatter.o [5]
  .text                  ro code   0x800'1438    0x22  S32ToDbl.o [14]
  .text                  ro code   0x800'145a     0x2  irqcontroller.o [2]
  .text                  ro code   0x800'145c   0x24e  DblAddSub.o [14]
  .rodata                const     0x800'16aa     0x1  Formatter.o [5]
  .rodata                zero      0x800'16ab     0x1  Formatter.o [5]
  .text                  ro code   0x800'16ac   0x246  DblDiv.o [14]
  .rodata                zero      0x800'18f2     0x1  Formatter.o [5]
  .rodata                const     0x800'18f3     0x1  main.o [1]
  .text                  ro code   0x800'18f4    0x22  DblToU32.o [14]
  .rodata                const     0x800'1916     0x1  unwind_debug.o [16]
  .text                  ro code   0x800'1918    0x1c  U32ToDbl.o [14]
  .text                  ro code   0x800'1934   0x1aa  DblMul.o [14]
  .text                  ro code   0x800'1ae0   0x274  I64DivMod.o [15]
  .text                  ro code   0x800'1d54     0x6  abort.o [11]
  .text                  ro code   0x800'1d5c     0x2  I64DivZer.o [15]
  .text                  ro code   0x800'1d60    0x14  exit.o [16]
  .text                  ro code   0x800'1d74   0x934  tasks.o [8]
  .text                  ro code   0x800'26a8    0x9a  list.o [8]
  .text                  ro code   0x800'2744   0x164  port.o [9]
  .text                  ro code   0x800'28a8   0x3e8  timers.o [8]
  .text                  ro code   0x800'2c90    0x24  port.o [9]
  CODE                   ro code   0x800'2cb4    0xa8  portasm.o [9]
  .text                  ro code   0x800'2d5c   0x688  queue.o [8]
  .text                  ro code   0x800'33e4   0x2b4  Formatter.o [5]
  .text                  ro code   0x800'3698     0x4  Formatter.o [5]
  .text                  ro code   0x800'369c     0x6  Formatter.o [5]
  .text                  ro code   0x800'36a2    0x22  strcspn.o [11]
  .text                  ro code   0x800'36c4    0x20  Formatter.o [5]
  .text                  ro code   0x800'36e4     0x8  Formatter.o [5]
  .text                  ro code   0x800'36ec    0x2a  Formatter.o [5]
  .text                  ro code   0x800'3716    0x10  Formatter.o [5]
  .text                  ro code   0x800'3726    0x18  Formatter.o [5]
  .text                  ro code   0x800'3740    0x30  Formatter.o [5]
  .text                  ro code   0x800'3770     0xe  Formatter.o [5]
  .text                  ro code   0x800'377e     0xe  Formatter.o [5]
  .text                  ro code   0x800'378c    0x94  Formatter.o [5]
  .text                  ro code   0x800'3820     0xe  Formatter.o [5]
  .text                  ro code   0x800'382e    0x10  Formatter.o [5]
  .text                  ro code   0x800'383e     0xe  Formatter.o [5]
  .text                  ro code   0x800'384c     0x4  Formatter.o [5]
  .text                  ro code   0x800'3850    0x30  Formatter.o [5]
  .text                  ro code   0x800'3880    0x30  Formatter.o [5]
  .text                  ro code   0x800'38b0     0x8  Formatter.o [5]
  .text                  ro code   0x800'38b8    0x12  Formatter.o [5]
  .text                  ro code   0x800'38cc    0x18  Formatter.o [5]
  .text                  ro code   0x800'38e4     0xc  Formatter.o [5]
  .text                  ro code   0x800'38f0    0x84  Formatter.o [5]
  .text                  ro code   0x800'3974    0x3a  Formatter.o [5]
  .text                  ro code   0x800'39ae    0x10  Formatter.o [5]
  .text                  ro code   0x800'39c0    0x18  Formatter.o [5]
  .text                  ro code   0x800'39d8     0xa  cxxabi.o [13]
  .text                  ro code   0x800'39e2     0xe  Formatter.o [5]
  .text                  ro code   0x800'39f0    0x7c  Formatter.o [5]
  .text                  ro code   0x800'3a6c    0x20  Formatter.o [5]
  .text                  ro code   0x800'3a8c    0x30  Formatter.o [5]
  .text                  ro code   0x800'3abc    0x28  Formatter.o [5]
  .text                  ro code   0x800'3ae4    0x10  Formatter.o [5]
  .text                  ro code   0x800'3af4     0xe  Formatter.o [5]
  .text                  ro code   0x800'3b02     0x2  Formatter.o [5]
  .text                  ro code   0x800'3b04    0x3e  Formatter.o [5]
  .text                  ro code   0x800'3b42     0x2  Formatter.o [5]
  .text                  ro code   0x800'3b44     0xc  Formatter.o [5]
  .text                  ro code   0x800'3b50    0x1c  Formatter.o [5]
  .text                  ro code   0x800'3b6c     0xe  Formatter.o [5]
  .text                  ro code   0x800'3b7a     0xc  Formatter.o [5]
  .text                  ro code   0x800'3b86     0xc  Formatter.o [5]
  .text                  ro code   0x800'3b92    0x10  Formatter.o [5]
  .text                  ro code   0x800'3ba4    0x14  Formatter.o [5]
  .text                  ro code   0x800'3bb8    0x20  Formatter.o [5]
  .text                  ro code   0x800'3bd8    0x14  Formatter.o [5]
  .text                  ro code   0x800'3bec     0xc  Formatter.o [5]
  .text                  ro code   0x800'3bf8    0x16  Formatter.o [5]
  .text                  ro code   0x800'3c0e     0xc  Formatter.o [5]
  .text                  ro code   0x800'3c1c    0xa0  cppinit.o [11]
  .text                  ro code   0x800'3cbc    0x1c  Formatter.o [5]
  .text                  ro code   0x800'3cd8    0xdc  Formatter.o [5]
  .text                  ro code   0x800'3db4    0x96  ABImemmove.o [15]
  .text                  ro code   0x800'3e4a     0x6  Formatter.o [5]
  .text                  ro code   0x800'3e50    0x24  Formatter.o [5]
  .text                  ro code   0x800'3e74     0xc  Formatter.o [5]
  .text                  ro code   0x800'3e80    0x16  Formatter.o [5]
  .text                  ro code   0x800'3e96    0x32  Formatter.o [5]
  .text                  ro code   0x800'3ec8    0x12  Formatter.o [5]
  .text                  ro code   0x800'3edc     0xc  Formatter.o [5]
  .text                  ro code   0x800'3ee8    0x1e  Formatter.o [5]
  .text                  ro code   0x800'3f06     0x2  Formatter.o [5]
  .text                  ro code   0x800'3f08    0x10  Formatter.o [5]
  .text                  ro code   0x800'3f18     0x2  Formatter.o [5]
  .text                  ro code   0x800'3f1a    0x12  Formatter.o [5]
  .text                  ro code   0x800'3f2c     0x2  Formatter.o [5]
  .text                  ro code   0x800'3f30    0x28  Formatter.o [5]
  .text                  ro code   0x800'3f58     0xc  Formatter.o [5]
  .text                  ro code   0x800'3f64     0xc  Formatter.o [5]
  .text                  ro code   0x800'3f70    0x10  Formatter.o [5]
  .text                  ro code   0x800'3f80     0x2  Formatter.o [5]
  .text                  ro code   0x800'3f82    0x1a  Formatter.o [5]
  .text                  ro code   0x800'3f9c    0x66  ABImemset.o [15]
  .text                  ro code   0x800'4002     0x2  Formatter.o [5]
  .text                  ro code   0x800'4004    0x18  Formatter.o [5]
  .text                  ro code   0x800'401c     0xe  Formatter.o [5]
  .text                  ro code   0x800'402a     0x4  Formatter.o [5]
  .text                  ro code   0x800'402e     0x2  Formatter.o [5]
  .text                  ro code   0x800'4030     0xc  Formatter.o [5]
  .text                  ro code   0x800'403c     0xa  Formatter.o [5]
  .text                  ro code   0x800'4046     0x2  Formatter.o [5]
  .text                  ro code   0x800'4048     0xe  Formatter.o [5]
  .text                  ro code   0x800'4058    0x44  Formatter.o [5]
  .text                  ro code   0x800'409c     0x4  Formatter.o [5]
  .text                  ro code   0x800'40a0     0x2  Formatter.o [5]
  .text                  ro code   0x800'40a2     0xc  Formatter.o [5]
  .text                  ro code   0x800'40ae    0x10  Formatter.o [5]
  .text                  ro code   0x800'40be     0x2  Formatter.o [5]
  .text                  ro code   0x800'40c0    0x1a  Formatter.o [5]
  .text                  ro code   0x800'40da     0x2  Formatter.o [5]
  .text                  ro code   0x800'40dc     0xa  delop_0.o [13]
  .text                  ro code   0x800'40e6    0x34  Formatter.o [5]
  .text                  ro code   0x800'411a    0x1a  Formatter.o [5]
  .text                  ro code   0x800'4134     0x8  Formatter.o [5]
  .text                  ro code   0x800'413c    0x18  Formatter.o [5]
  .text                  ro code   0x800'4154    0x26  Formatter.o [5]
  .text                  ro code   0x800'417a     0x4  heaptramp0.o [11]
  .text                  ro code   0x800'4180   0x13c  heap0.o [11]
  .text                  ro code   0x800'42bc    0x24  newop_0.o [13]
  .text                  ro code   0x800'42e0     0x4  Formatter.o [5]
  .text                  ro code   0x800'42e4    0x2c  xgetmemchunk.o [11]
  .text                  ro code   0x800'4310     0x4  nomemory.o [13]
  .text                  ro code   0x800'4314   0x210  main.o [1]
  .text                  ro code   0x800'4524    0x8c  AdcDmaDataProvider.o [3]
  .text                  ro code   0x800'45b0    0x48  DataRepository.o [4]
  .text                  ro code   0x800'45f8    0x5a  LedCalculator.o [6]
  .text                  ro code   0x800'4654    0xfc  LedController.o [6]
  .text                  ro code   0x800'4750   0x104  Usart.o [7]
  .text                  ro code   0x800'4854    0xc4  Formatter.o [5]
  .text                  ro code   0x800'4918    0xe0  MeasurementTask.o [10]
  .text                  ro code   0x800'49f8   0x104  UsartTask.o [10]
  .text                  ro code   0x800'4afc     0xc  main.o [1]
  .text                  ro code   0x800'4b08    0x5a  expf.o [14]
  .text                  ro code   0x800'4b62     0xc  main.o [1]
  .text                  ro code   0x800'4b70    0x14  main.o [1]
  .text                  ro code   0x800'4b84    0x18  main.o [1]
  .text                  ro code   0x800'4b9c    0x14  main.o [1]
  .text                  ro code   0x800'4bb0    0x1c  main.o [1]
  .text                  ro code   0x800'4bcc    0x14  main.o [1]
  .text                  ro code   0x800'4be0    0x14  main.o [1]
  .text                  ro code   0x800'4bf4    0x14  main.o [1]
  .text                  ro code   0x800'4c08    0x1c  main.o [1]
  .text                  ro code   0x800'4c24    0x14  main.o [1]
  .text                  ro code   0x800'4c38    0x14  main.o [1]
  .text                  ro code   0x800'4c4c    0x14  main.o [1]
  .text                  ro code   0x800'4c60    0x14  main.o [1]
  .text                  ro code   0x800'4c74    0x14  main.o [1]
  .text                  ro code   0x800'4c88    0x14  main.o [1]
  .text                  ro code   0x800'4c9c    0x24  main.o [1]
  .text                  ro code   0x800'4cc0    0x24  main.o [1]
  .text                  ro code   0x800'4ce4     0x8  main.o [1]
  .text                  ro code   0x800'4cec     0xc  AdcDmaDataProvider.o [3]
  .text                  ro code   0x800'4cf8    0x10  AdcDmaDataProvider.o [3]
  .text                  ro code   0x800'4d08    0x10  AdcDmaDataProvider.o [3]
  .text                  ro code   0x800'4d18    0x10  AdcDmaDataProvider.o [3]
  .text                  ro code   0x800'4d28    0x10  AdcDmaDataProvider.o [3]
  .text                  ro code   0x800'4d38    0x14  AdcDmaDataProvider.o [3]
  .text                  ro code   0x800'4d4c    0x14  AdcDmaDataProvider.o [3]
  .text                  ro code   0x800'4d60    0x14  AdcDmaDataProvider.o [3]
  .text                  ro code   0x800'4d74    0x10  AdcDmaDataProvider.o [3]
  .text                  ro code   0x800'4d84    0x10  AdcDmaDataProvider.o [3]
  .text                  ro code   0x800'4d94     0xc  AdcDmaDataProvider.o [3]
  .text                  ro code   0x800'4da0     0xc  AdcDmaDataProvider.o [3]
  .text                  ro code   0x800'4dac     0xc  AdcDmaDataProvider.o [3]
  .text                  ro code   0x800'4db8    0x14  AdcDmaDataProvider.o [3]
  .text                  ro code   0x800'4dcc    0x10  AdcDmaDataProvider.o [3]
  .text                  ro code   0x800'4ddc    0x14  AdcDmaDataProvider.o [3]
  .text                  ro code   0x800'4df0    0x14  AdcDmaDataProvider.o [3]
  .text                  ro code   0x800'4e04    0x14  AdcDmaDataProvider.o [3]
  .text                  ro code   0x800'4e18    0x14  AdcDmaDataProvider.o [3]
  .text                  ro code   0x800'4e2c    0x14  AdcDmaDataProvider.o [3]
  .text                  ro code   0x800'4e40    0x14  AdcDmaDataProvider.o [3]
  .text                  ro code   0x800'4e54     0xc  DataRepository.o [4]
  .text                  ro code   0x800'4e60     0xc  DataRepository.o [4]
  .text                  ro code   0x800'4e6c     0xc  LedCalculator.o [6]
  .text                  ro code   0x800'4e78     0xc  LedController.o [6]
  .text                  ro code   0x800'4e84    0x10  LedController.o [6]
  .text                  ro code   0x800'4e94     0xc  LedController.o [6]
  .text                  ro code   0x800'4ea0     0xc  LedController.o [6]
  .text                  ro code   0x800'4eac    0x10  LedController.o [6]
  .text                  ro code   0x800'4ebc     0xc  LedController.o [6]
  .text                  ro code   0x800'4ec8     0xc  LedController.o [6]
  .text                  ro code   0x800'4ed4     0xc  Usart.o [7]
  .text                  ro code   0x800'4ee0     0xe  Usart.o [7]
  .text                  ro code   0x800'4ef0    0x10  Usart.o [7]
  .text                  ro code   0x800'4f00     0xc  Usart.o [7]
  .text                  ro code   0x800'4f0c    0x14  Usart.o [7]
  .text                  ro code   0x800'4f20    0x14  Usart.o [7]
  .text                  ro code   0x800'4f34    0x14  Usart.o [7]
  .text                  ro code   0x800'4f48    0x14  Usart.o [7]
  .text                  ro code   0x800'4f5c    0x10  Usart.o [7]
  .text                  ro code   0x800'4f6c    0x10  Usart.o [7]
  .text                  ro code   0x800'4f7c    0x10  Usart.o [7]
  .text                  ro code   0x800'4f8c    0x10  Usart.o [7]
  .text                  ro code   0x800'4f9c    0x14  Usart.o [7]
  .text                  ro code   0x800'4fb0    0x10  Usart.o [7]
  .text                  ro code   0x800'4fc0    0x62  round.o [14]
  .text                  ro code   0x800'5024    0x34  Usart.o [7]
  .text                  ro code   0x800'5058    0x30  Usart.o [7]
  .text                  ro code   0x800'5088    0x10  Usart.o [7]
  .text                  ro code   0x800'5098     0xc  Formatter.o [5]
  .text                  ro code   0x800'50a4    0x28  Formatter.o [5]
  .text                  ro code   0x800'50cc     0x8  Formatter.o [5]
  .text                  ro code   0x800'50d4   0x1ce  Formatter.o [5]
  .text                  ro code   0x800'52a2    0x14  Formatter.o [5]
  .text                  ro code   0x800'52b6    0xc6  Formatter.o [5]
  .text                  ro code   0x800'537c   0x1d0  Formatter.o [5]
  .text                  ro code   0x800'554c     0x2  Formatter.o [5]
  .text                  ro code   0x800'554e     0xc  Formatter.o [5]
  .text                  ro code   0x800'555c    0x20  Formatter.o [5]
  .text                  ro code   0x800'557c     0xc  MeasurementTask.o [10]
  .text                  ro code   0x800'5588    0x1a  MeasurementTask.o [10]
  .text                  ro code   0x800'55a2    0x24  Formatter.o [5]
  .text                  ro code   0x800'55c6    0x3a  UsartTask.o [10]
  .text                  ro code   0x800'5600    0x1e  UsartTask.o [10]
  .text                  ro code   0x800'561e     0x2  main.o [1]
  .text                  ro code   0x800'5620    0xde  xexpf.o [14]
  .text                  ro code   0x800'56fe     0x2  main.o [1]
  .text                  ro code   0x800'5700     0x2  main.o [1]
  .text                  ro code   0x800'5704    0x38  main.o [1]
  .text                  ro code   0x800'573c    0x38  main.o [1]
  .text                  ro code   0x800'5774     0x8  main.o [1]
  .text                  ro code   0x800'577c     0x2  AdcDmaDataProvider.o [3]
  .text                  ro code   0x800'577e     0x2  DataRepository.o [4]
  .text                  ro code   0x800'5780     0x2  DataRepository.o [4]
  .text                  ro code   0x800'5782     0x2  LedCalculator.o [6]
  .text                  ro code   0x800'5784     0x2  LedController.o [6]
  .text                  ro code   0x800'5786     0x2  Usart.o [7]
  .text                  ro code   0x800'5788    0x24  ABIassert.o [16]
  .text                  ro code   0x800'57ac     0x2  Formatter.o [5]
  .text                  ro code   0x800'57ae     0xc  Formatter.o [5]
  .text                  ro code   0x800'57ba    0x3a  Formatter.o [5]
  .text                  ro code   0x800'57f4     0xc  Formatter.o [5]
  .text                  ro code   0x800'5800    0x72  Formatter.o [5]
  .text                  ro code   0x800'5872     0x4  Formatter.o [5]
  .text                  ro code   0x800'5876     0x8  Formatter.o [5]
  .text                  ro code   0x800'587e     0x6  Formatter.o [5]
  .text                  ro code   0x800'5884     0x4  Formatter.o [5]
  .text                  ro code   0x800'5888    0x16  Formatter.o [5]
  .text                  ro code   0x800'589e    0x28  Formatter.o [5]
  .text                  ro code   0x800'58c6     0xe  Formatter.o [5]
  .text                  ro code   0x800'58d4    0x20  Formatter.o [5]
  .text                  ro code   0x800'58f4     0x8  Formatter.o [5]
  .text                  ro code   0x800'58fc    0x48  FltToDbl.o [14]
  .text                  ro code   0x800'5944    0x48  Formatter.o [5]
  .text                  ro code   0x800'598c     0x4  Formatter.o [5]
  .text                  ro code   0x800'5990     0xc  Formatter.o [5]
  .text                  ro code   0x800'599c    0xb8  Formatter.o [5]
  .text                  ro code   0x800'5a54    0x26  Formatter.o [5]
  .text                  ro code   0x800'5a7a     0xc  Formatter.o [5]
  .text                  ro code   0x800'5a86     0xe  MeasurementTask.o [10]
  .text                  ro code   0x800'5a94    0x20  MeasurementTask.o [10]
  .text                  ro code   0x800'5ab4     0x4  MeasurementTask.o [10]
  .text                  ro code   0x800'5ab8     0xc  MeasurementTask.o [10]
  .text                  ro code   0x800'5ac4    0x18  Formatter.o [5]
  .text                  ro code   0x800'5adc    0x18  UsartTask.o [10]
  .text                  ro code   0x800'5af4    0x7a  Formatter.o [5]
  .text                  ro code   0x800'5b6e    0x10  UsartTask.o [10]
  .text                  ro code   0x800'5b80    0x18  Formatter.o [5]
  .text                  ro code   0x800'5b98    0x2c  Formatter.o [5]
  .text                  ro code   0x800'5bc4     0x6  Formatter.o [5]
  .text                  ro code   0x800'5bcc    0x30  Formatter.o [5]
  .text                  ro code   0x800'5bfc     0xc  Formatter.o [5]
  .text                  ro code   0x800'5c08    0x18  Formatter.o [5]
  .text                  ro code   0x800'5c20     0x4  Formatter.o [5]
  .text                  ro code   0x800'5c24    0x54  Formatter.o [5]
  .text                  ro code   0x800'5c78     0x4  Formatter.o [5]
  .text                  ro code   0x800'5c7c    0x24  Formatter.o [5]
  .text                  ro code   0x800'5ca0     0xc  Formatter.o [5]
  .text                  ro code   0x800'5cac    0x18  Formatter.o [5]
  .text                  ro code   0x800'5cc4     0x6  Formatter.o [5]
  .text                  ro code   0x800'5cca     0x6  Formatter.o [5]
  .text                  ro code   0x800'5cd0    0x28  Formatter.o [5]
  .text                  ro code   0x800'5cf8    0x34  Formatter.o [5]
  .text                  ro code   0x800'5d2c     0x6  Formatter.o [5]
  .text                  ro code   0x800'5d32     0x6  Formatter.o [5]
  .text                  ro code   0x800'5d38     0x6  Formatter.o [5]
  .text                  ro code   0x800'5d3e    0x1a  Formatter.o [5]
  .text                  ro code   0x800'5d58    0x18  Formatter.o [5]
  .text                  ro code   0x800'5d70     0x2  Formatter.o [5]
  .text                  ro code   0x800'5d72     0xe  Formatter.o [5]
  .text                  ro code   0x800'5d80     0xc  MeasurementTask.o [10]
  .text                  ro code   0x800'5d8c     0x6  MeasurementTask.o [10]
  .text                  ro code   0x800'5d92     0x6  MeasurementTask.o [10]
  .text                  ro code   0x800'5d98    0x52  Formatter.o [5]
  .text                  ro code   0x800'5dea     0x2  UsartTask.o [10]
  .text                  ro code   0x800'5dec    0x22  Formatter.o [5]
  .text                  ro code   0x800'5e0e    0x6a  Formatter.o [5]
  .text                  ro code   0x800'5e78     0xc  Formatter.o [5]
  .text                  ro code   0x800'5e84    0x40  Formatter.o [5]
  .text                  ro code   0x800'5ec4     0xc  Formatter.o [5]
  .text                  ro code   0x800'5ed0    0x54  Formatter.o [5]
  .text                  ro code   0x800'5f24    0x9c  Formatter.o [5]
  .text                  ro code   0x800'5fc0    0x28  Formatter.o [5]
  .text                  ro code   0x800'5fe8     0xe  Formatter.o [5]
  .text                  ro code   0x800'5ff6    0x14  Formatter.o [5]
  .text                  ro code   0x800'600c   0x100  ios.o [12]
  .text                  ro code   0x800'610c     0xc  Formatter.o [5]
  .text                  ro code   0x800'6118     0x2  Formatter.o [5]
  .text                  ro code   0x800'611a     0x2  Formatter.o [5]
  .text                  ro code   0x800'611c    0x8c  Formatter.o [5]
  .text                  ro code   0x800'61a8    0x68  Formatter.o [5]
  .text                  ro code   0x800'6210     0xa  MeasurementTask.o [10]
  .text                  ro code   0x800'621a    0x32  Formatter.o [5]
  .text                  ro code   0x800'624c     0xc  Formatter.o [5]
  .text                  ro code   0x800'6258    0x18  Formatter.o [5]
  .text                  ro code   0x800'6270    0x18  Formatter.o [5]
  .text                  ro code   0x800'6288     0x6  Formatter.o [5]
  .text                  ro code   0x800'628e    0x12  Formatter.o [5]
  .text                  ro code   0x800'62a0    0x12  Formatter.o [5]
  .text                  ro code   0x800'62b2     0xc  Formatter.o [5]
  .text                  ro code   0x800'62be    0x54  Formatter.o [5]
  .text                  ro code   0x800'6312     0xc  Formatter.o [5]
  .text                  ro code   0x800'631e     0x4  delop4_0.o [13]
  .text                  ro code   0x800'6324     0xc  Formatter.o [5]
  .text                  ro code   0x800'6330    0x1a  Formatter.o [5]
  .text                  ro code   0x800'634a     0x6  Formatter.o [5]
  .text                  ro code   0x800'6350     0xe  Formatter.o [5]
  .text                  ro code   0x800'635e    0x3e  Formatter.o [5]
  .text                  ro code   0x800'639c    0x4a  Formatter.o [5]
  .text                  ro code   0x800'63e6    0x46  Formatter.o [5]
  .text                  ro code   0x800'642c     0x2  Formatter.o [5]
  .text                  ro code   0x800'642e    0x1a  Formatter.o [5]
  .text                  ro code   0x800'6448    0x26  Formatter.o [5]
  .text                  ro code   0x800'6470   0x1e8  Formatter.o [5]
  .text                  ro code   0x800'6658     0x4  Formatter.o [5]
  .text                  ro code   0x800'665c    0x20  DblCmpEq.o [14]
  .text                  ro code   0x800'667c   0x12a  Formatter.o [5]
  .text                  ro code   0x800'67a8    0x40  sprintf.o [11]
  .text                  ro code   0x800'67e8   0x1e0  Formatter.o [5]
  .text                  ro code   0x800'69c8    0x22  Formatter.o [5]
  .text                  ro code   0x800'69ea     0x6  Formatter.o [5]
  .text                  ro code   0x800'69f0     0x6  Formatter.o [5]
  .rodata                const     0x800'69f8    0x9c  Usart.o [7]
  .rodata                const     0x800'6a94    0x9c  Usart.o [7]
  .text                  ro code   0x800'6b30    0x84  Formatter.o [5]
  .text                  ro code   0x800'6bb4     0xc  Formatter.o [5]
  .rodata                const     0x800'6bc0    0x68  Usart.o [7]
  .rodata                const     0x800'6c28    0x68  Usart.o [7]
  .rodata                const     0x800'6c90    0x44  Formatter.o [5]
  .rodata                const     0x800'6cd4    0x44  Formatter.o [5]
  .rodata                const     0x800'6d18    0x44  xexpf.o [14]
  .rodata                const     0x800'6d5c    0x3c  Formatter.o [5]
  .text                  ro code   0x800'6d98    0x38  zero_init3.o [15]
  .rodata                const     0x800'6dd0    0x30  Formatter.o [5]
  .rodata                const     0x800'6e00    0x30  Formatter.o [5]
  .rodata                const     0x800'6e30    0x28  DataRepository.o [4]
  .rodata                const     0x800'6e58    0x28  Formatter.o [5]
  .text                  ro code   0x800'6e80    0x28  data_init.o [15]
  .rodata                const     0x800'6ea8    0x24  Formatter.o [5]
  .rodata                const     0x800'6ecc    0x24  Formatter.o [5]
  .text                  ro code   0x800'6ef0    0x22  fpinit_M.o [14]
  .iar.init_table        const     0x800'6f14    0x28  - Linker created -
  .text                  ro code   0x800'6f3c    0x20  cmain_call_ctors.o [15]
  .text                  ro code   0x800'6f5c    0x1e  cmain.o [15]
  .text                  ro code   0x800'6f7a     0x4  exit.o [11]
  .text                  ro code   0x800'6f80     0xe  cexit.o [15]
  .rodata                const     0x800'6f90    0x18  Formatter.o [5]
  .text                  ro code   0x800'6fa8    0x18  Formatter.o [5]
  .text                  ro code   0x800'6fc0    0x18  Formatter.o [5]
  .text                  ro code   0x800'6fd8    0x18  Formatter.o [5]
  .text                  ro code   0x800'6ff0    0x16  Formatter.o [5]
  .rodata                const     0x800'7008    0x14  Formatter.o [5]
  .rodata                const     0x800'701c    0x14  Formatter.o [5]
  .text                  ro code   0x800'7030    0x14  main.o [1]
  .text                  ro code   0x800'7044     0x8  main.o [1]
  .text                  ro code   0x800'704c    0x12  startupF411RE.o [1]
  .rodata                const     0x800'7060    0x10  Formatter.o [5]
  .rodata                const     0x800'7070    0x10  Formatter.o [5]
  .rodata                const     0x800'7080    0x10  Formatter.o [5]
  .rodata                const     0x800'7090    0x10  Formatter.o [5]
  .rodata                const     0x800'70a0    0x10  main.o [1]
  .rodata                const     0x800'70b0    0x10  ios.o [12]
  .text                  ro code   0x800'70c0     0xe  Formatter.o [5]
  .text                  ro code   0x800'70ce     0xc  Formatter.o [5]
  .rodata                const     0x800'70dc     0xc  AdcDmaDataProvider.o [3]
  .rodata                const     0x800'70e8     0xc  Formatter.o [5]
  .rodata                const     0x800'70f4     0xc  LedCalculator.o [6]
  .rodata                const     0x800'7100     0xc  LedController.o [6]
  .rodata                const     0x800'710c     0xc  main.o [1]
  .rodata                const     0x800'7118     0xc  main.o [1]
  .rodata                const     0x800'7124     0xc  main.o [1]
  .rodata                const     0x800'7130     0xc  MeasurementTask.o [10]
  .rodata                const     0x800'713c     0xc  Usart.o [7]
  .rodata                const     0x800'7148     0xc  UsartTask.o [10]
  .text                  ro code   0x800'7154     0xc  Formatter.o [5]
  .text                  ro code   0x800'7160     0xc  main.o [1]
  Initializer bytes      const     0x800'716c     0xc  <for P2-1>
  .rodata                const     0x800'7178     0x8  Formatter.o [5]
  .rodata                const     0x800'7180     0x8  Formatter.o [5]
  .rodata                const     0x800'7188     0x8  MeasurementTask.o [10]
  .rodata                const     0x800'7190     0x8  tasks.o [8]
  .rodata                const     0x800'7198     0x8  timers.o [8]
  .rodata                const     0x800'71a0     0x8  timers.o [8]
  .rodata                const     0x800'71a8     0x8  UsartTask.o [10]
  .text                  ro code   0x800'71b0     0x8  Formatter.o [5]
  .text                  ro code   0x800'71b8     0x8  startupF411RE.o [1]
  .text                  ro code   0x800'71c0     0x8  startupF411RE.o [1]
  .text                  ro code   0x800'71c8     0x8  startupF411RE.o [1]
  .text                  ro code   0x800'71d0     0x8  startupF411RE.o [1]
  SHT$$PREINIT_ARRAY               0x800'71d8     0x0  <Block>
  SHT$$INIT_ARRAY                  0x800'71d8     0x8  <Block>
    .init_array          const     0x800'71d8     0x4  main.o [1]
    .init_array          const     0x800'71dc     0x4  ios.o [12]
  __iar_tls$$INIT_ARRAY            0x800'71e0     0x0  <Block>
  .rodata                const     0x800'71e0     0x4  Formatter.o [5]
  .rodata                const     0x800'71e4     0x4  Formatter.o [5]
  .rodata                const     0x800'71e8     0x4  main.o [1]
  .rodata                const     0x800'71ec     0x4  port.o [9]
  .text                  ro code   0x800'71f0     0x4  Formatter.o [5]
  .text                  ro code   0x800'71f4     0x4  Formatter.o [5]
  .text                  ro code   0x800'71f8     0x0  cstart_call_dtors.o [15]
  .rodata                const     0x800'71f8     0x0  zero_init3.o [15]
  .rodata                const     0x800'71f8     0x0  copy_init3.o [15]
                                 - 0x800'71f8  0x7060

"P2", part 1 of 3:                                0xc
  P2-1                            0x2000'0000     0x9  <Init block>
    .data                inited   0x2000'0000     0x4  main.o [1]
    .data                inited   0x2000'0004     0x4  port.o [9]
    .data                inited   0x2000'0008     0x1  main.o [1]
                                - 0x2000'0009     0x9

"P2", part 2 of 3:                             0x1a98
  .bss                   zero     0x2000'000c   0x874  main.o [1]
  .bss                   zero     0x2000'0880   0x868  main.o [1]
  .bss                   zero     0x2000'10e8   0x400  tasks.o [8]
  .bss                   zero     0x2000'14e8   0x200  tasks.o [8]
  .bss                   zero     0x2000'16e8    0xa0  timers.o [8]
  .bss                   zero     0x2000'1788    0x64  tasks.o [8]
  .bss                   zero     0x2000'17ec    0x50  tasks.o [8]
  .bss                   zero     0x2000'183c    0x50  tasks.o [8]
  .bss                   zero     0x2000'188c    0x48  timers.o [8]
  .bss                   zero     0x2000'18d4    0x40  queue.o [8]
  .bss                   zero     0x2000'1914    0x34  ios.o [12]
  .bss                   zero     0x2000'1948    0x14  Formatter.o [5]
  .bss                   zero     0x2000'195c    0x14  tasks.o [8]
  .bss                   zero     0x2000'1970    0x14  tasks.o [8]
  .bss                   zero     0x2000'1984    0x14  tasks.o [8]
  .bss                   zero     0x2000'1998    0x14  tasks.o [8]
  .bss                   zero     0x2000'19ac    0x14  timers.o [8]
  .bss                   zero     0x2000'19c0    0x14  timers.o [8]
  .bss                   zero     0x2000'19d4    0x10  main.o [1]
  .bss                   zero     0x2000'19e8    0x10  ios.o [12]
  .bss                   zero     0x2000'19f8     0xc  main.o [1]
  .bss                   zero     0x2000'1a04     0xc  main.o [1]
  .bss                   zero     0x2000'1a10     0x8  main.o [1]
  .bss                   zero     0x2000'1a18     0x8  main.o [1]
  .bss                   zero     0x2000'1a20     0x8  heap0.o [11]
  .bss                   zero     0x2000'1a28     0x4  Formatter.o [5]
  .bss                   zero     0x2000'1a2c     0x4  Formatter.o [5]
  .bss                   zero     0x2000'1a30     0x4  main.o [1]
  .bss                   zero     0x2000'1a34     0x4  main.o [1]
  .bss                   zero     0x2000'1a38     0x4  main.o [1]
  .bss                   zero     0x2000'1a3c     0x4  port.o [9]
  .bss                   zero     0x2000'1a40     0x4  tasks.o [8]
  .bss                   zero     0x2000'1a44     0x4  tasks.o [8]
  .bss                   zero     0x2000'1a48     0x4  tasks.o [8]
  .bss                   zero     0x2000'1a4c     0x4  tasks.o [8]
  .bss                   zero     0x2000'1a50     0x4  tasks.o [8]
  .bss                   zero     0x2000'1a54     0x4  tasks.o [8]
  .bss                   zero     0x2000'1a58     0x4  tasks.o [8]
  .bss                   zero     0x2000'1a5c     0x4  tasks.o [8]
  .bss                   zero     0x2000'1a60     0x4  tasks.o [8]
  .bss                   zero     0x2000'1a64     0x4  tasks.o [8]
  .bss                   zero     0x2000'1a68     0x4  tasks.o [8]
  .bss                   zero     0x2000'1a6c     0x4  tasks.o [8]
  .bss                   zero     0x2000'1a70     0x4  tasks.o [8]
  .bss                   zero     0x2000'1a74     0x4  tasks.o [8]
  .bss                   zero     0x2000'1a78     0x4  timers.o [8]
  .bss                   zero     0x2000'1a7c     0x4  timers.o [8]
  .bss                   zero     0x2000'1a80     0x4  timers.o [8]
  .bss                   zero     0x2000'1a84     0x4  timers.o [8]
  .bss                   zero     0x2000'1a88     0x4  timers.o [8]
  .bss                   zero     0x2000'1a8c     0x4  cppinit.o [11]
  .bss                   zero     0x2000'1a90     0x4  cppinit.o [11]
  .bss                   zero     0x2000'1a94     0x4  new.o [13]
  .bss                   zero     0x2000'1a98     0x4  xgetmemchunk.o [11]
  .bss                   zero     0x2000'1a9c     0x4  xfail_s.o [11]
  .bss                   zero     0x2000'1aa0     0x1  Formatter.o [5]
  .bss                   zero     0x2000'1aa1     0x1  Formatter.o [5]
  .bss                   zero     0x2000'1aa2     0x1  Formatter.o [5]
  .bss                   zero     0x2000'1aa3     0x1  port.o [9]
                                - 0x2000'1aa4  0x1a98

"P2", part 3 of 3:                             0x318c
  .iar.dynexit                    0x2000'1aa4   0x18c  <Block>
    .iar.dynexit         uninit   0x2000'1aa4     0xc  cppinit.o [11]
    .iar.dynexit         uninit   0x2000'1ab0   0x180  <Block tail>
  CSTACK                          0x2000'1c30  0x2000  <Block>
    CSTACK               uninit   0x2000'1c30  0x2000  <Block tail>
  HEAP                            0x2000'3c30  0x1000  <Block>
    HEAP                 uninit   0x2000'3c30  0x1000  <Block tail>
                                - 0x2000'4c30  0x318c

Unused ranges:

         From           To      Size
         ----           --      ----
   0x800'71f8   0x807'ffff  0x7'8e08
  0x2000'4c30  0x2001'ffff  0x1'b3d0


*******************************************************************************
*** INIT TABLE
***

          Address      Size
          -------      ----
Zero (__iar_zero_init3)
    1 destination range, total size 0x1a98:
          0x2000'000c  0x1a98

Copy (__iar_copy_init3)
    1 source range, total size 0xc (133% of destination):
           0x800'716c     0xc
    1 destination range, total size 0x9:
          0x2000'0000     0x9

Extra (__iar_cstart_call_ctors)



*******************************************************************************
*** MODULE SUMMARY
***

    Module                ro code  ro data  rw data
    ------                -------  -------  -------
command line/config:
    -----------------------------------------------
    Total:

D:\Documents\Homework\GitLab\CoursePaper\source\RtosWrapper\Debug\Obj: [1]
    main.o                  1'098       66    4'389
    startupF411RE.o            50      408
    -----------------------------------------------
    Total:                  1'148      474    4'389

D:\Documents\Homework\GitLab\CoursePaper\source\RtosWrapper\Debug\Obj\AHardware\IrqController: [2]
    irqcontroller.o             2
    -----------------------------------------------
    Total:                      2

D:\Documents\Homework\GitLab\CoursePaper\source\RtosWrapper\Debug\Obj\Application\AdcDmaDataProvider: [3]
    AdcDmaDataProvider.o      502       12
    -----------------------------------------------
    Total:                    502       12

D:\Documents\Homework\GitLab\CoursePaper\source\RtosWrapper\Debug\Obj\Application\DataRepository: [4]
    DataRepository.o          100       40
    -----------------------------------------------
    Total:                    100       40

D:\Documents\Homework\GitLab\CoursePaper\source\RtosWrapper\Debug\Obj\Application\Formatter: [5]
    Formatter.o             8'888      571       33
    -----------------------------------------------
    Total:                  8'888      571       33

D:\Documents\Homework\GitLab\CoursePaper\source\RtosWrapper\Debug\Obj\Application\Leds: [6]
    LedCalculator.o           104       12
    LedController.o           346       12
    -----------------------------------------------
    Total:                    450       24

D:\Documents\Homework\GitLab\CoursePaper\source\RtosWrapper\Debug\Obj\Application\Usart: [7]
    Usart.o                   612      532
    -----------------------------------------------
    Total:                    612      532

D:\Documents\Homework\GitLab\CoursePaper\source\RtosWrapper\Debug\Obj\Rtos\FreeRtos: [8]
    list.o                    154
    queue.o                 1'672                64
    tasks.o                 2'356        8    1'932
    timers.o                1'000       16      292
    -----------------------------------------------
    Total:                  5'182       24    2'288

D:\Documents\Homework\GitLab\CoursePaper\source\RtosWrapper\Debug\Obj\Rtos\FreeRtos\portable\IAR\ARM_CM4F: [9]
    port.o                    392        8        9
    portasm.o                 168
    -----------------------------------------------
    Total:                    560        8        9

D:\Documents\Homework\GitLab\CoursePaper\source\RtosWrapper\Debug\Obj\Tasks: [10]
    MeasurementTask.o         358       20
    UsartTask.o               390       20
    -----------------------------------------------
    Total:                    748       40

dl7M_tln.a: [11]
    abort.o                     6
    cppinit.o                 160                20
    exit.o                      4
    heap0.o                   316                 8
    heaptramp0.o                4
    sprintf.o                  64
    strcspn.o                  34
    xfail_s.o                  64                 4
    xgetmemchunk.o             44                 4
    xprintffull_nomb.o      3'726
    xsprout.o                  10
    -----------------------------------------------
    Total:                  4'432                36

dlpp7M_tls_nc.a: [12]
    ios.o                     256       20       68
    -----------------------------------------------
    Total:                    256       20       68

dlpprt7M_tl_nc.a: [13]
    cxxabi.o                   10
    delop4_0.o                  4
    delop_0.o                  10
    new.o                                         4
    newop_0.o                  36
    nomemory.o                  4
    -----------------------------------------------
    Total:                     64                 4

m7M_tls.a: [14]
    DblAddSub.o               590
    DblCmpEq.o                 32
    DblCmpGe.o                 52
    DblCmpLe.o                 52
    DblDiv.o                  582
    DblMul.o                  426
    DblToS32.o                 54
    DblToU32.o                 34
    FltToDbl.o                 72
    S32ToDbl.o                 34
    U32ToDbl.o                 28
    expf.o                     90
    fpinit_M.o                 34
    frexp.o                   112
    ldexp.o                   314
    round.o                    98
    xexpf.o                   222       68
    -----------------------------------------------
    Total:                  2'826       68

rt7M_tl.a: [15]
    ABImemcpy.o               166
    ABImemmove.o              150
    ABImemset.o               102
    I64DivMod.o               628
    I64DivZer.o                 2
    cexit.o                    14
    cmain.o                    30
    cmain_call_ctors.o         32
    copy_init3.o               42
    cstart_call_dtors.o
    data_init.o                40
    memchr.o                   88
    strchr.o                   22
    strlen.o                   54
    zero_init3.o               56
    -----------------------------------------------
    Total:                  1'426

shb_l.a: [16]
    ABIassert.o                36
    exit.o                     20
    unwind_debug.o                       1
    -----------------------------------------------
    Total:                     56        1

    Gaps                       53       12        4
    Linker created                      43   12'672
---------------------------------------------------
    Grand Total:           27'305    1'869   19'503


*******************************************************************************
*** ENTRY LIST
***

Entry                       Address   Size  Type      Object
-----                       -------   ----  ----      ------
.iar.dynexit$$Base      0x2000'1aa4          --   Gb  - Linker created -
.iar.dynexit$$Limit     0x2000'1c30          --   Gb  - Linker created -
.iar.init_table$$Base    0x800'6f14          --   Gb  - Linker created -
.iar.init_table$$Limit   0x800'6f3c          --   Gb  - Linker created -
?main                    0x800'6f5d         Code  Gb  cmain.o [15]
AdcDmaDataProvider::AdcDmaDataProvider()
                         0x800'4525   0x16  Code  Gb  AdcDmaDataProvider.o [3]
AdcDmaDataProvider::ConfigAdc()
                         0x800'4585   0x28  Code  Gb  AdcDmaDataProvider.o [3]
AdcDmaDataProvider::ConfigDma()
                         0x800'453b   0x40  Code  Gb  AdcDmaDataProvider.o [3]
AdcDmaDataProvider::GetRawData()
                         0x800'45ad    0x4  Code  Gb  AdcDmaDataProvider.o [3]
Aldata                  0x2000'1a20    0x8  Data  Lc  heap0.o [11]
CSTACK$$Base            0x2000'1c30          --   Gb  - Linker created -
CSTACK$$Limit           0x2000'3c30          --   Gb  - Linker created -
DataRepository::DataRepository()
                         0x800'45b1   0x20  Code  Gb  DataRepository.o [4]
DataRepository::GetFilteredValue() const
                         0x800'45db    0x6  Code  Gb  DataRepository.o [4]
DataRepository::GetValue() const
                         0x800'45d5    0x6  Code  Gb  DataRepository.o [4]
DataRepository::UpdateFilteredValue(float)
                         0x800'45ef    0xa  Code  Gb  DataRepository.o [4]
DataRepository::UpdateValue(float)
                         0x800'45e3    0xa  Code  Gb  DataRepository.o [4]
DigitalFilter<float, [local to main_cpp]::dt, [local to main_cpp]::rc>::DigitalFilter()
                         0x800'4391   0x32  Code  Lc  main.o [1]
DigitalFilter<float, [local to main_cpp]::dt, [local to main_cpp]::rc>::FilterValue(float)
                         0x800'43c3   0x30  Code  Lc  main.o [1]
DigitalFilter<float, dt, rc>::FilterValue(float)::isFirstTime
                        0x2000'0008    0x1  Data  Lc  main.o [1]
DtorRecArray            0x2000'1aa4    0xc  Data  Lc  cppinit.o [11]
DummyModule::handler()   0x800'704d    0x2  Code  Gb  startupF411RE.o [1]
Formatter::FormatString(float, unsigned char, std::string, bool)
                         0x800'4867   0x9e  Code  Gb  Formatter.o [5]
Formatter::Formatter()   0x800'4855   0x12  Code  Gb  Formatter.o [5]
HEAP$$Base              0x2000'3c30          --   Gb  - Linker created -
HEAP$$Limit             0x2000'4c30          --   Gb  - Linker created -
IDataRepositoryProvider::IDataRepositoryProvider()
                         0x800'577f    0x2  Code  Wk  DataRepository.o [4]
IDataRepositoryProvider::IDataRepositoryProvider() [subobject]
                         0x800'4e55    0xc  Code  Wk  DataRepository.o [4]
IDataRepositoryUpdater::IDataRepositoryUpdater()
                         0x800'5781    0x2  Code  Wk  DataRepository.o [4]
IDataRepositoryUpdater::IDataRepositoryUpdater() [subobject]
                         0x800'4e61    0xc  Code  Wk  DataRepository.o [4]
IDigitalFilter<float>::IDigitalFilter()
                         0x800'561f    0x2  Code  Wk  main.o [1]
IDigitalFilter<float>::IDigitalFilter() [subobject]
                         0x800'4afd    0xc  Code  Wk  main.o [1]
IFormatter::IFormatter()
                         0x800'57ad    0x2  Code  Wk  Formatter.o [5]
IFormatter::IFormatter() [subobject]
                         0x800'5099    0xc  Code  Wk  Formatter.o [5]
ILedCalculator::ILedCalculator()
                         0x800'5783    0x2  Code  Wk  LedCalculator.o [6]
ILedCalculator::ILedCalculator() [subobject]
                         0x800'4e6d    0xc  Code  Wk  LedCalculator.o [6]
ILedController::ILedController()
                         0x800'5785    0x2  Code  Wk  LedController.o [6]
ILedController::ILedController() [subobject]
                         0x800'4e79    0xc  Code  Wk  LedController.o [6]
IRawDataProvider::IRawDataProvider()
                         0x800'577d    0x2  Code  Wk  AdcDmaDataProvider.o [3]
IRawDataProvider::IRawDataProvider() [subobject]
                         0x800'4ced    0xc  Code  Wk  AdcDmaDataProvider.o [3]
IUsart::IUsart()         0x800'5787    0x2  Code  Wk  Usart.o [7]
IUsart::IUsart() [subobject]
                         0x800'4ed5    0xc  Code  Wk  Usart.o [7]
IVoltage::IVoltage()     0x800'56ff    0x2  Code  Wk  main.o [1]
IVoltage::IVoltage() [subobject]
                         0x800'4b63    0xc  Code  Wk  main.o [1]
Initialization guard variable for std::ctype<char> const & std::use_facet<std::ctype<char>>()::_MyFacet
                        0x2000'1aa0    0x1  Data  Wk  Formatter.o [5]
Initialization guard variable for std::num_put<char, std::ostreambuf_iterator<char, std::char_traits<char>>> const & std::use_facet<std::num_put<char, std::ostreambuf_iterator<char, std::char_traits<char>>>>()::_MyFacet
                        0x2000'1aa1    0x1  Data  Wk  Formatter.o [5]
Initialization guard variable for std::numpunct<char> const & std::use_facet<std::numpunct<char>>()::_MyFacet
                        0x2000'1aa2    0x1  Data  Wk  Formatter.o [5]
IrqController::HandleIrqExtiLine15_10()
                         0x800'145b    0x2  Code  Gb  irqcontroller.o [2]
LedCalculator::Calculate(float)
                         0x800'4619   0x3a  Code  Gb  LedCalculator.o [6]
LedCalculator::LedCalculator(unsigned char const &, float const &)
                         0x800'45f9   0x1a  Code  Gb  LedCalculator.o [6]
LedController::Indicate(unsigned char)
                         0x800'466d   0xe4  Code  Gb  LedController.o [6]
LedController::LedController()
                         0x800'4655   0x12  Code  Gb  LedController.o [6]
MeasurementTask::Execute()
                         0x800'4959   0x96  Code  Gb  MeasurementTask.o [10]
MeasurementTask::MeasurementTask(IRawDataProvider &, IDigitalFilter<float> &, IVoltage &, ILedCalculator &, ILedController &, IDataRepositoryUpdater &)
                         0x800'4919   0x40  Code  Gb  MeasurementTask.o [10]
OsWrapper::IThread::IThread()
                         0x800'6211    0xa  Code  Wk  MeasurementTask.o [10]
OsWrapper::IThread::IThread() [subobject]
                         0x800'5d81    0xc  Code  Wk  MeasurementTask.o [10]
OsWrapper::IThread::Run()
                         0x800'7031   0x14  Code  Wk  main.o [1]
OsWrapper::IThread::Sleep(std::chrono::duration<long long, std::ratio<(long long)1, (long long)1000>>)
                         0x800'5589   0x1a  Code  Wk  MeasurementTask.o [10]
OsWrapper::IThread::SleepUntil(std::chrono::duration<long long, std::ratio<(long long)1, (long long)1000>>)
                         0x800'5601   0x1e  Code  Wk  UsartTask.o [10]
OsWrapper::Rtos::HandleSvcInterrupt()
                         0x800'71c9    0x8  Code  Wk  startupF411RE.o [1]
OsWrapper::Rtos::HandleSysTickInterrupt()
                         0x800'71d1    0x8  Code  Wk  startupF411RE.o [1]
OsWrapper::Rtos::Run(void *)
                         0x800'7161    0xc  Code  Wk  main.o [1]
OsWrapper::Rtos::Start()
                         0x800'4ce5    0x8  Code  Wk  main.o [1]
OsWrapper::RtosWrapper::wGetTicks()
                         0x800'7045    0x8  Code  Wk  main.o [1]
OsWrapper::RtosWrapper::wHandleSvcInterrupt()
                         0x800'71b9    0x8  Code  Wk  startupF411RE.o [1]
OsWrapper::RtosWrapper::wHandleSysTickInterrupt()
                         0x800'71c1    0x8  Code  Wk  startupF411RE.o [1]
OsWrapper::RtosWrapper::wSleep(unsigned int)
                         0x800'5ab9    0xc  Code  Wk  MeasurementTask.o [10]
OsWrapper::RtosWrapper::wSleepUntil(unsigned int &, unsigned int)
                         0x800'5b6f   0x10  Code  Wk  UsartTask.o [10]
OsWrapper::RtosWrapper::wStart()
                         0x800'5775    0x8  Code  Wk  main.o [1]
OsWrapper::Thread<(unsigned int)512>::Thread()
                         0x800'5a87    0xe  Code  Wk  MeasurementTask.o [10]
OsWrapper::Thread<(unsigned int)512>::Thread() [subobject]
                         0x800'557d    0xc  Code  Wk  MeasurementTask.o [10]
Region$$Table$$Base      0x800'6f14          --   Gb  - Linker created -
Region$$Table$$Limit     0x800'6f3c          --   Gb  - Linker created -
SHT$$INIT_ARRAY$$Base    0x800'71d8          --   Gb  - Linker created -
SHT$$INIT_ARRAY$$Limit   0x800'71e0          --   Gb  - Linker created -
SHT$$PREINIT_ARRAY$$Base
                         0x800'71d8          --   Gb  - Linker created -
SHT$$PREINIT_ARRAY$$Limit
                         0x800'71d8          --   Gb  - Linker created -
SystemCoreClock         0x2000'0000    0x4  Data  Gb  main.o [1]
Thunk for (offset -4) DataRepository::UpdateFilteredValue(float)
                         0x800'45ed    0x2  Code  Gb  DataRepository.o [4]
Thunk for (offset -4) DataRepository::UpdateValue(float)
                         0x800'45e1    0x2  Code  Gb  DataRepository.o [4]
Usart::ConfigUsart()     0x800'4791   0xae  Code  Gb  Usart.o [7]
Usart::SendMessage(std::string)
                         0x800'4763   0x2e  Code  Gb  Usart.o [7]
Usart::Usart()           0x800'4751   0x12  Code  Gb  Usart.o [7]
UsartTask::Execute()     0x800'4a1d   0xd2  Code  Gb  UsartTask.o [10]
UsartTask::UsartTask(IDataRepositoryProvider &, IUsart &, IFormatter &)
                         0x800'49f9   0x24  Code  Gb  UsartTask.o [10]
Virtual function table for AdcDmaDataProvider
                         0x800'70dc    0xc  Data  Wk  AdcDmaDataProvider.o [3]
Virtual function table for DataRepository
                         0x800'6e30   0x28  Data  Wk  DataRepository.o [4]
Virtual function table for DigitalFilter<float, [local to main_cpp]::dt, [local to main_cpp]::rc>
                         0x800'710c    0xc  Data  Lc  main.o [1]
Virtual function table for Formatter
                         0x800'70e8    0xc  Data  Wk  Formatter.o [5]
Virtual function table for LedCalculator
                         0x800'70f4    0xc  Data  Wk  LedCalculator.o [6]
Virtual function table for LedController
                         0x800'7100    0xc  Data  Wk  LedController.o [6]
Virtual function table for MeasurementTask
                         0x800'7130    0xc  Data  Wk  MeasurementTask.o [10]
Virtual function table for Usart
                         0x800'713c    0xc  Data  Wk  Usart.o [7]
Virtual function table for UsartTask
                         0x800'7148    0xc  Data  Wk  UsartTask.o [10]
Virtual function table for Voltage<[local to main_cpp]::maxAdcCounts, [local to main_cpp]::minAdcCounts, [local to main_cpp]::maxVoltage, [local to main_cpp]::minVoltage>
                         0x800'7118    0xc  Data  Lc  main.o [1]
Virtual function table for std::_Wrap_facet<std::ctype<char>>
                         0x800'7080   0x10  Data  Wk  Formatter.o [5]
Virtual function table for std::_Wrap_facet<std::num_put<char, std::ostreambuf_iterator<char, std::char_traits<char>>>>
                         0x800'6e00   0x30  Data  Wk  Formatter.o [5]
Virtual function table for std::_Wrap_facet<std::numpunct<char>>
                         0x800'6ecc   0x24  Data  Wk  Formatter.o [5]
Virtual function table for std::basic_ostringstream<char, std::char_traits<char>, std::allocator<char>>
                         0x800'6e58   0x28  Data  Wk  Formatter.o [5]
Virtual function table for std::basic_stringbuf<char, std::char_traits<char>, std::allocator<char>>
                         0x800'6cd4   0x44  Data  Wk  Formatter.o [5]
Virtual function table for std::ctype<char>
                         0x800'7060   0x10  Data  Wk  Formatter.o [5]
Virtual function table for std::ios
                         0x800'7070   0x10  Data  Wk  Formatter.o [5]
Virtual function table for std::ios in std::ostream in std::basic_ostringstream<char, std::char_traits<char>, std::allocator<char>>
                         0x800'701c   0x14  Data  Wk  Formatter.o [5]
Virtual function table for std::ios_base
                         0x800'70b0   0x10  Data  Wk  ios.o [12]
Virtual function table for std::num_put<char, std::ostreambuf_iterator<char, std::char_traits<char>>>
                         0x800'6dd0   0x30  Data  Wk  Formatter.o [5]
Virtual function table for std::numpunct<char>
                         0x800'6ea8   0x24  Data  Wk  Formatter.o [5]
Virtual function table for std::ostream in std::basic_ostringstream<char, std::char_traits<char>, std::allocator<char>>
                         0x800'7008   0x14  Data  Wk  Formatter.o [5]
Virtual function table for std::streambuf
                         0x800'6c90   0x44  Data  Wk  Formatter.o [5]
Virtual table table for std::basic_ostringstream<char, std::char_traits<char>, std::allocator<char>>
                         0x800'7090   0x10  Data  Wk  Formatter.o [5]
Voltage<[local to main_cpp]::maxAdcCounts, [local to main_cpp]::minAdcCounts, [local to main_cpp]::maxVoltage, [local to main_cpp]::minVoltage>::CalculateGain()
                         0x800'443d    0x6  Code  Lc  main.o [1]
Voltage<[local to main_cpp]::maxAdcCounts, [local to main_cpp]::minAdcCounts, [local to main_cpp]::maxVoltage, [local to main_cpp]::minVoltage>::CalculateOffset()
                         0x800'4445   0x1c  Code  Lc  main.o [1]
Voltage<[local to main_cpp]::maxAdcCounts, [local to main_cpp]::minAdcCounts, [local to main_cpp]::maxVoltage, [local to main_cpp]::minVoltage>::Measure()
                         0x800'4409   0x34  Code  Lc  main.o [1]
Voltage<[local to main_cpp]::maxAdcCounts, [local to main_cpp]::minAdcCounts, [local to main_cpp]::maxVoltage, [local to main_cpp]::minVoltage>::Voltage(IRawDataProvider &)
                         0x800'43f3   0x16  Code  Lc  main.o [1]
[local to ios_cpp]::std::stdopens
                        0x2000'1914    0xc  Data  Lc  ios.o [12]
[local to ios_cpp]::std::stdstr
                        0x2000'1920   0x28  Data  Lc  ios.o [12]
_LC                      0x800'0199    0x6  Code  Lc  xprintffull_nomb.o [11]
_LitobFullNoMb           0x800'0e29  0x114  Code  Lc  xprintffull_nomb.o [11]
_PrintfFullNoMb          0x800'019f  0xc76  Code  Gb  xprintffull_nomb.o [11]
_PutcharsFullNoMb        0x800'0f95   0x2e  Code  Lc  xprintffull_nomb.o [11]
_SProut                  0x800'1067    0xa  Code  Gb  xsprout.o [11]
__aeabi_assert           0x800'5789   0x24  Code  Gb  ABIassert.o [16]
__aeabi_atexit           0x800'39d9    0xa  Code  Gb  cxxabi.o [13]
__aeabi_cdcmpeq          0x800'665d         Code  Gb  DblCmpEq.o [14]
__aeabi_cdcmple          0x800'125d         Code  Gb  DblCmpLe.o [14]
__aeabi_cdrcmple         0x800'1291         Code  Gb  DblCmpGe.o [14]
__aeabi_d2iz             0x800'1401         Code  Gb  DblToS32.o [14]
__aeabi_d2uiz            0x800'18f5         Code  Gb  DblToU32.o [14]
__aeabi_ddiv             0x800'16ad         Code  Gb  DblDiv.o [14]
__aeabi_dmul             0x800'1935         Code  Gb  DblMul.o [14]
__aeabi_dsub             0x800'15c9         Code  Gb  DblAddSub.o [14]
__aeabi_f2d              0x800'58fd         Code  Gb  FltToDbl.o [14]
__aeabi_i2d              0x800'1439         Code  Gb  S32ToDbl.o [14]
__aeabi_ldiv0            0x800'1d5d         Code  Gb  I64DivZer.o [15]
__aeabi_ldivmod          0x800'1ae1         Code  Gb  I64DivMod.o [15]
__aeabi_memcpy           0x800'1145         Code  Gb  ABImemcpy.o [15]
__aeabi_memcpy4          0x800'1165         Code  Gb  ABImemcpy.o [15]
__aeabi_memcpy8          0x800'1165         Code  Gb  ABImemcpy.o [15]
__aeabi_memmove          0x800'3db5         Code  Gb  ABImemmove.o [15]
__aeabi_memmove4         0x800'3db5         Code  Gb  ABImemmove.o [15]
__aeabi_memmove8         0x800'3db5         Code  Gb  ABImemmove.o [15]
__aeabi_memset           0x800'3f9d         Code  Gb  ABImemset.o [15]
__aeabi_ui2d             0x800'1919         Code  Gb  U32ToDbl.o [14]
__aeabi_uldivmod         0x800'1b25         Code  Gb  I64DivMod.o [15]
__basic_free             0x800'422d   0x16  Code  Gb  heap0.o [11]
__basic_free_intern      0x800'4243   0x74  Code  Lc  heap0.o [11]
__basic_malloc           0x800'4181   0x18  Code  Gb  heap0.o [11]
__basic_malloc_intern    0x800'4199   0x94  Code  Lc  heap0.o [11]
__call_ctors             0x800'3c1d   0x18  Code  Gb  cppinit.o [11]
__call_dtors             0x800'3c6b    0xc  Code  Gb  cppinit.o [11]
__call_dtors0            0x800'3c77   0x36  Code  Gb  cppinit.o [11]
__cexit_call_dtors       0x800'6f83         Code  Gb  cexit.o [15]
__cmain                  0x800'6f5d         Code  Gb  cmain.o [15]
__cstart_call_dtors      0x800'71f8         Data  Gb  cstart_call_dtors.o [15]
__cxa_atexit             0x800'3c35   0x36  Code  Gb  cppinit.o [11]
__data_GetMemChunk       0x800'42e5   0x2c  Code  Gb  xgetmemchunk.o [11]
__data_GetMemChunk::start
                        0x2000'1a98    0x4  Data  Lc  xgetmemchunk.o [11]
__dso_handle            0x2000'1a90    0x4  Data  Gb  cppinit.o [11]
__exit                   0x800'1d61   0x14  Code  Gb  exit.o [16]
__iar_Fail_s             0x800'1071   0x1c  Code  Gb  xfail_s.o [11]
__iar_Memchr             0x800'10ed         Code  Gb  memchr.o [15]
__iar_Memset             0x800'3f9d         Code  Gb  ABImemset.o [15]
__iar_Memset_word        0x800'3fa5         Code  Gb  ABImemset.o [15]
__iar_Strchr             0x800'1051         Code  Gb  strchr.o [15]
__iar_copy_init3         0x800'1027   0x2a  Code  Gb  copy_init3.o [15]
__iar_cstart_call_ctors
                         0x800'6f3d   0x20  Code  Gb  cmain_call_ctors.o [15]
__iar_data_init3         0x800'6e81   0x28  Code  Gb  data_init.o [15]
__iar_debug_exceptions   0x800'1916    0x1  Data  Gb  unwind_debug.o [16]
__iar_exp32              0x800'4b09         Code  Gb  expf.o [14]
__iar_expf_OutBnd        0x800'4b39         Code  Gb  expf.o [14]
__iar_expf_cTab          0x800'6d18         Data  Gb  xexpf.o [14]
__iar_frexp              0x800'11f9         Code  Gb  frexp.o [14]
__iar_frexpl             0x800'11f9         Code  Gb  frexp.o [14]
__iar_init_vfp           0x800'6ef1         Code  Gb  fpinit_M.o [14]
__iar_ldexp64            0x800'12c5         Code  Gb  ldexp.o [14]
__iar_program_start      0x800'704f   0x10  Code  Gb  startupF411RE.o [1]
__iar_round64            0x800'4fd1         Code  Gb  round.o [14]
__iar_scalbln64          0x800'12c5         Code  Gb  ldexp.o [14]
__iar_scalbn64           0x800'12c5         Code  Gb  ldexp.o [14]
__iar_softfp___iar_frexp64
                         0x800'11ed         Code  Gb  frexp.o [14]
__iar_softfp_frexp       0x800'11ed         Code  Gb  frexp.o [14]
__iar_softfp_frexpl      0x800'11ed         Code  Gb  frexp.o [14]
__iar_tls$$INIT_ARRAY$$Base
                         0x800'71e0          --   Gb  - Linker created -
__iar_tls$$INIT_ARRAY$$Limit
                         0x800'71e0          --   Gb  - Linker created -
__iar_vfp___iar_round64
                         0x800'4fc1         Code  Gb  round.o [14]
__iar_vfp_round          0x800'4fc1         Code  Gb  round.o [14]
__iar_vfp_roundl         0x800'4fc1         Code  Gb  round.o [14]
__iar_xexp2f             0x800'562d         Code  Gb  xexpf.o [14]
__iar_xexpf              0x800'5621         Code  Gb  xexpf.o [14]
__iar_xsinhf             0x800'5631         Code  Gb  xexpf.o [14]
__iar_zero_init3         0x800'6d99   0x38  Code  Gb  zero_init3.o [15]
__low_level_init         0x800'4461   0x3e  Code  Gb  main.o [1]
__sti__routine           0x800'4315   0x7a  Code  Lc  main.o [1]
__sti__routine           0x800'600f    0xa  Code  Lc  ios.o [12]
__vector_table           0x800'0000  0x198  Data  Gb  startupF411RE.o [1]
_call_main               0x800'6f69         Code  Gb  cmain.o [15]
_exit                    0x800'6f81         Code  Gb  cexit.o [15]
abort                    0x800'1d55    0x6  Code  Gb  abort.o [11]
adc                     0x2000'1a10    0x8  Data  Gb  main.o [1]
bool FieldValueBase<RCC_CFGR_SWS_Values<RCC::CFGR, (unsigned int)2, (unsigned int)2, ReadMode, RCC::RCCCFGRBase>, RCC::RCCCFGRBase, (unsigned int)1>::IsSet<ReadMode, void>()
                         0x800'4bb1   0x1c  Code  Wk  main.o [1]
bool FieldValueBase<RCC_CR_HSERDY_Values<RCC::CR, (unsigned int)17, (unsigned int)1, ReadMode, RCC::RCCCRBase>, RCC::RCCCRBase, (unsigned int)0>::IsSet<ReadMode, void>()
                         0x800'4b85   0x18  Code  Wk  main.o [1]
bool FieldValueBase<USART2_SR_TXE_Values<USART2::SR, (unsigned int)7, (unsigned int)1, ReadMode, USART2::USART2SRBase>, USART2::USART2SRBase, (unsigned int)1>::IsSet<ReadMode, void>()
                         0x800'4ef1   0x10  Code  Wk  Usart.o [7]
char * && std::forward<char *>(std::remove_reference<char *>::type &)
                         0x800'40bf    0x2  Code  Wk  Formatter.o [5]
char * std::_Addressof<char>(char &, std::integral_constant<bool, (bool)0>)
                         0x800'3f19    0x2  Code  Wk  Formatter.o [5]
char * std::_Allocate<char>(unsigned int, char *)
                         0x800'413d   0x18  Code  Wk  Formatter.o [5]
char * std::_Maklocstr<char>(char const *, char *)
                         0x800'40e7   0x34  Code  Wk  Formatter.o [5]
char * std::addressof<char>(char &)
                         0x800'3ba5   0x14  Code  Wk  Formatter.o [5]
char *& && std::forward<char *&>(std::remove_reference<char *&>::type &)
                         0x800'642d    0x2  Code  Wk  Formatter.o [5]
char std::_Maklocchr<char>(char, char *)
                         0x800'409d    0x4  Code  Wk  Formatter.o [5]
const std::allocator<char>& && std::forward<const std::allocator<char>&>(std::remove_reference<const std::allocator<char>&>::type &)
                         0x800'402f    0x2  Code  Wk  Formatter.o [5]
dataReposiitory         0x2000'19d4   0x10  Data  Gb  main.o [1]
digitalFilter           0x2000'19f8    0xc  Data  Gb  main.o [1]
exit                     0x800'6f7b    0x4  Code  Gb  exit.o [11]
expf                     0x800'4b09         Code  Gb  expf.o [14]
formatter               0x2000'1a38    0x4  Data  Gb  main.o [1]
free                     0x800'417b    0x4  Code  Gb  heaptramp0.o [11]
ldexp                    0x800'12c5         Code  Gb  ldexp.o [14]
ldexpl                   0x800'12c5         Code  Gb  ldexp.o [14]
ledCalculator           0x2000'1a04    0xc  Data  Gb  main.o [1]
ledController           0x2000'1a30    0x4  Data  Gb  main.o [1]
main                     0x800'449f   0x32  Code  Gb  main.o [1]
maxLedAmount             0x800'18f3    0x1  Data  Lc  main.o [1]
maxVoltage               0x800'71e8    0x4  Data  Lc  main.o [1]
measurementTask         0x2000'000c  0x874  Data  Gb  main.o [1]
memchr                   0x800'10ed         Code  Gb  memchr.o [15]
next_abi_dtor_rec       0x2000'1a8c    0x4  Data  Lc  cppinit.o [11]
operator delete (void *)
                         0x800'40dd    0xa  Code  Gb  delop_0.o [13]
operator delete (void *, unsigned int)
                         0x800'631f    0x4  Code  Gb  delop4_0.o [13]
operator new (unsigned int)
                         0x800'42bd   0x24  Code  Gb  newop_0.o [13]
operator new (unsigned int, void *)
                         0x800'42e1    0x4  Code  Wk  Formatter.o [5]
pcInterruptPriorityRegisters
                         0x800'71ec    0x4  Data  Lc  port.o [9]
prvAddCurrentTaskToDelayedList
                         0x800'25c1   0x82  Code  Lc  tasks.o [8]
prvAddNewTaskToReadyList
                         0x800'1e73   0x9a  Code  Lc  tasks.o [8]
prvCheckForValidListAndQueue
                         0x800'2c15   0x4c  Code  Lc  timers.o [8]
prvCheckForValidListAndQueue{1}{2}{3}{4}::ucStaticTimerQueueStorage
                        0x2000'16e8   0xa0  Data  Lc  timers.o [8]
prvCheckForValidListAndQueue{1}{2}{3}{4}::xStaticTimerQueue
                        0x2000'188c   0x48  Data  Lc  timers.o [8]
prvCheckTasksWaitingTermination
                         0x800'2409    0x2  Code  Lc  tasks.o [8]
prvCopyDataFromQueue     0x800'328b   0x36  Code  Lc  queue.o [8]
prvCopyDataToQueue       0x800'31ef   0x9c  Code  Lc  queue.o [8]
prvGetNextExpireTime     0x800'2a41   0x28  Code  Lc  timers.o [8]
prvIdleTask              0x800'23b1    0xa  Code  Lc  tasks.o [8]
prvInitialiseNewQueue    0x800'2e29   0x32  Code  Lc  queue.o [8]
prvInitialiseNewTask     0x800'1dc5   0xae  Code  Lc  tasks.o [8]
prvInitialiseTaskLists   0x800'23bb   0x4e  Code  Lc  tasks.o [8]
prvInsertTimerInActiveList
                         0x800'2a8f   0x50  Code  Lc  timers.o [8]
prvIsQueueEmpty          0x800'332f   0x1c  Code  Lc  queue.o [8]
prvIsQueueFull           0x800'334b   0x1e  Code  Lc  queue.o [8]
prvProcessExpiredTimer   0x800'296f   0x48  Code  Lc  timers.o [8]
prvProcessReceivedCommands
                         0x800'2adf   0xbe  Code  Lc  timers.o [8]
prvProcessTimerOrBlockTask
                         0x800'29d3   0x6e  Code  Lc  timers.o [8]
prvResetNextTaskUnblockTime
                         0x800'240b   0x2a  Code  Lc  tasks.o [8]
prvSampleTimeNow         0x800'2a69   0x26  Code  Lc  timers.o [8]
prvSampleTimeNow::xLastTime
                        0x2000'1a88    0x4  Data  Lc  timers.o [8]
prvSwitchTimerLists      0x800'2b9d   0x78  Code  Lc  timers.o [8]
prvTaskExitError         0x800'276d   0x10  Code  Lc  port.o [9]
prvTimerTask             0x800'29b9   0x1a  Code  Lc  timers.o [8]
prvUnlockQueue           0x800'32c1   0x6e  Code  Lc  queue.o [8]
pvTaskIncrementMutexHeldCount
                         0x800'256f   0x16  Code  Gb  tasks.o [8]
pxCurrentTCB            0x2000'1a40    0x4  Data  Gb  tasks.o [8]
pxCurrentTimerList      0x2000'1a78    0x4  Data  Lc  timers.o [8]
pxDelayedTaskList       0x2000'1a44    0x4  Data  Lc  tasks.o [8]
pxOverflowDelayedTaskList
                        0x2000'1a48    0x4  Data  Lc  tasks.o [8]
pxOverflowTimerList     0x2000'1a7c    0x4  Data  Lc  timers.o [8]
pxPortInitialiseStack    0x800'2745   0x28  Code  Gb  port.o [9]
pxReadyTasksLists       0x2000'1788   0x64  Data  Lc  tasks.o [8]
round                    0x800'4fd1         Code  Gb  round.o [14]
roundl                   0x800'4fd1         Code  Gb  round.o [14]
scalbln                  0x800'12c5         Code  Gb  ldexp.o [14]
scalblnl                 0x800'12c5         Code  Gb  ldexp.o [14]
scalbn                   0x800'12c5         Code  Gb  ldexp.o [14]
scalbnl                  0x800'12c5         Code  Gb  ldexp.o [14]
scale                    0x800'0f3d   0x46  Code  Lc  xprintffull_nomb.o [11]
sec_hand                0x2000'1a9c    0x4  Data  Lc  xfail_s.o [11]
sprintf                  0x800'67a9   0x40  Code  Gb  sprintf.o [11]
std::_Compressed_pair<std::_Wrap_alloc<std::allocator<char>>, std::_String_val<std::_Simple_types<char>>, (bool)1>::_Compressed_pair<const std::allocator<char>&>(std::_One_then_variadic_args_t, const std::allocator<char>& &&,  &&...)
                         0x800'3ee9   0x1e  Code  Wk  Formatter.o [5]
std::_Compressed_pair<std::_Wrap_alloc<std::allocator<char>>, std::_String_val<std::_Simple_types<char>>, (bool)1>::_Get_first()
                         0x800'3f07    0x2  Code  Wk  Formatter.o [5]
std::_Compressed_pair<std::_Wrap_alloc<std::allocator<char>>, std::_String_val<std::_Simple_types<char>>, (bool)1>::_Get_first() const
                         0x800'40a1    0x2  Code  Wk  Formatter.o [5]
std::_Compressed_pair<std::_Wrap_alloc<std::allocator<char>>, std::_String_val<std::_Simple_types<char>>, (bool)1>::_Get_second()
                         0x800'3f2d    0x2  Code  Wk  Formatter.o [5]
std::_Compressed_pair<std::_Wrap_alloc<std::allocator<char>>, std::_String_val<std::_Simple_types<char>>, (bool)1>::_Get_second() const
                         0x800'4003    0x2  Code  Wk  Formatter.o [5]
std::_Fpz               0x2000'19e8   0x10  Data  Gb  ios.o [12]
std::_NomemoryNothrow()
                         0x800'4311    0x4  Code  Gb  nomemory.o [13]
std::_String_alloc<std::_String_base_types<char, std::allocator<char>>>::_Bx()
                         0x800'3b7b    0xc  Code  Wk  Formatter.o [5]
std::_String_alloc<std::_String_base_types<char, std::allocator<char>>>::_Get_data()
                         0x800'3bed    0xc  Code  Wk  Formatter.o [5]
std::_String_alloc<std::_String_base_types<char, std::allocator<char>>>::_Get_data() const
                         0x800'3e75    0xc  Code  Wk  Formatter.o [5]
std::_String_alloc<std::_String_base_types<char, std::allocator<char>>>::_Getal()
                         0x800'3b87    0xc  Code  Wk  Formatter.o [5]
std::_String_alloc<std::_String_base_types<char, std::allocator<char>>>::_Getal() const
                         0x800'3f59    0xc  Code  Wk  Formatter.o [5]
std::_String_alloc<std::_String_base_types<char, std::allocator<char>>>::_Myptr()
                         0x800'39af   0x10  Code  Wk  Formatter.o [5]
std::_String_alloc<std::_String_base_types<char, std::allocator<char>>>::_Myptr() const
                         0x800'3ae5   0x10  Code  Wk  Formatter.o [5]
std::_String_alloc<std::_String_base_types<char, std::allocator<char>>>::_Myres()
                         0x800'3b6d    0xe  Code  Wk  Formatter.o [5]
std::_String_alloc<std::_String_base_types<char, std::allocator<char>>>::_Mysize()
                         0x800'39e3    0xe  Code  Wk  Formatter.o [5]
std::_String_alloc<std::_String_base_types<char, std::allocator<char>>>::_Mysize() const
                         0x800'3af5    0xe  Code  Wk  Formatter.o [5]
std::_String_alloc<std::_String_base_types<char, std::allocator<char>>>::_String_alloc(const std::allocator<char>&)
                         0x800'3b51   0x1c  Code  Wk  Formatter.o [5]
std::_String_alloc<std::_String_base_types<char, std::allocator<char>>>::_String_alloc(const std::allocator<char>&) [subobject]
                         0x800'38e5    0xc  Code  Wk  Formatter.o [5]
std::_String_val<std::_Simple_types<char>>::_Myptr()
                         0x800'3bf9   0x16  Code  Wk  Formatter.o [5]
std::_String_val<std::_Simple_types<char>>::_Myptr() const
                         0x800'3e81   0x16  Code  Wk  Formatter.o [5]
std::_String_val<std::_Simple_types<char>>::_String_val()
                         0x800'403d    0xa  Code  Wk  Formatter.o [5]
std::_Wrap_alloc<std::allocator<char>>::_Wrap_alloc(const std::allocator<char>&)
                         0x800'40db    0x2  Code  Wk  Formatter.o [5]
std::_Wrap_alloc<std::allocator<char>>::_Wrap_alloc(const std::allocator<char>&) [subobject]
                         0x800'4031    0xc  Code  Wk  Formatter.o [5]
std::_Wrap_alloc<std::allocator<char>>::allocate(unsigned int)
                         0x800'3f71   0x10  Code  Wk  Formatter.o [5]
std::_Wrap_alloc<std::allocator<char>>::deallocate(char *, unsigned int)
                         0x800'3bd9   0x14  Code  Wk  Formatter.o [5]
std::_Wrap_alloc<std::allocator<char>>::max_size(std::_Nil) const
                         0x800'3f65    0xc  Code  Wk  Formatter.o [5]
std::_Wrap_alloc<std::allocator<char>>::select_on_container_copy_construction(std::_Nil) const
                         0x800'5add   0x18  Code  Wk  UsartTask.o [10]
std::_Wrap_facet<std::ctype<char>>::_Wrap_facet()
                         0x800'38cd   0x18  Code  Wk  Formatter.o [5]
std::_Wrap_facet<std::num_put<char, std::ostreambuf_iterator<char, std::char_traits<char>>>>::_Wrap_facet()
                         0x800'5cad   0x18  Code  Wk  Formatter.o [5]
std::_Wrap_facet<std::numpunct<char>>::_Wrap_facet()
                         0x800'39c1   0x18  Code  Wk  Formatter.o [5]
std::_Wrap_facet<std::numpunct<char>>::~_Wrap_facet()
                         0x800'70c1    0xe  Code  Wk  Formatter.o [5]
std::__iar_New_hand     0x2000'1a94    0x4  Data  Gb  new.o [13]
std::allocator<char>::allocate(unsigned int)
                         0x800'40af   0x10  Code  Wk  Formatter.o [5]
std::allocator<char>::deallocate(char *, unsigned int)
                         0x800'3f1b   0x12  Code  Wk  Formatter.o [5]
std::allocator<char>::max_size() const
                         0x800'4135    0x8  Code  Wk  Formatter.o [5]
std::allocator_traits<std::allocator<char>>::max_size(const std::allocator<char>&)
                         0x800'40a3    0xc  Code  Wk  Formatter.o [5]
std::allocator_traits<std::allocator<char>>::select_on_container_copy_construction(const std::allocator<char>&)
                         0x800'5deb    0x2  Code  Wk  UsartTask.o [10]
std::array<unsigned int, (unsigned int)512>::data()
                         0x800'5701    0x2  Code  Wk  main.o [1]
[...]
vTaskSuspendAll          0x800'203d    0xc  Code  Gb  tasks.o [8]
vTaskSwitchContext       0x800'2225   0x58  Code  Gb  tasks.o [8]
void FieldValueBase<ADC1_CR1_RES_Values<ADC1::CR1, (unsigned int)24, (unsigned int)2, ReadWriteMode, ADC1::ADC1CR1Base>, ADC1::ADC1CR1Base, (unsigned int)0>::Set<ReadWriteMode, void>()
                         0x800'4dcd   0x10  Code  Wk  AdcDmaDataProvider.o [3]
void FieldValueBase<ADC1_CR1_SCAN_Values<ADC1::CR1, (unsigned int)8, (unsigned int)1, ReadWriteMode, ADC1::ADC1CR1Base>, ADC1::ADC1CR1Base, (unsigned int)1>::Set<ReadWriteMode, void>()
                         0x800'4ddd   0x14  Code  Wk  AdcDmaDataProvider.o [3]
void FieldValueBase<ADC1_CR2_ADON_Values<ADC1::CR2, (unsigned int)0, (unsigned int)1, ReadWriteMode, ADC1::ADC1CR2Base>, ADC1::ADC1CR2Base, (unsigned int)1>::Set<ReadWriteMode, void>()
                         0x800'4e2d   0x14  Code  Wk  AdcDmaDataProvider.o [3]
void FieldValueBase<ADC1_CR2_CONT_Values<ADC1::CR2, (unsigned int)1, (unsigned int)1, ReadWriteMode, ADC1::ADC1CR2Base>, ADC1::ADC1CR2Base, (unsigned int)1>::Set<ReadWriteMode, void>()
                         0x800'4df1   0x14  Code  Wk  AdcDmaDataProvider.o [3]
void FieldValueBase<ADC1_CR2_DDS_Values<ADC1::CR2, (unsigned int)9, (unsigned int)1, ReadWriteMode, ADC1::ADC1CR2Base>, ADC1::ADC1CR2Base, (unsigned int)1>::Set<ReadWriteMode, void>()
                         0x800'4e19   0x14  Code  Wk  AdcDmaDataProvider.o [3]
void FieldValueBase<ADC1_CR2_DMA_Values<ADC1::CR2, (unsigned int)8, (unsigned int)1, ReadWriteMode, ADC1::ADC1CR2Base>, ADC1::ADC1CR2Base, (unsigned int)1>::Set<ReadWriteMode, void>()
                         0x800'4e05   0x14  Code  Wk  AdcDmaDataProvider.o [3]
void FieldValueBase<ADC1_CR2_SWSTART_Values<ADC1::CR2, (unsigned int)30, (unsigned int)1, ReadWriteMode, ADC1::ADC1CR2Base>, ADC1::ADC1CR2Base, (unsigned int)1>::Set<ReadWriteMode, void>()
                         0x800'4e41   0x14  Code  Wk  AdcDmaDataProvider.o [3]
void FieldValueBase<DMA2_S0CR_CHSEL_Values<DMA2::S0CR, (unsigned int)25, (unsigned int)3, ReadWriteMode, DMA2::DMA2S0CRBase>, DMA2::DMA2S0CRBase, (unsigned int)0>::Set<ReadWriteMode, void>()
                         0x800'4d09   0x10  Code  Wk  AdcDmaDataProvider.o [3]
void FieldValueBase<DMA2_S0CR_CIRC_Values<DMA2::S0CR, (unsigned int)8, (unsigned int)1, ReadWriteMode, DMA2::DMA2S0CRBase>, DMA2::DMA2S0CRBase, (unsigned int)1>::Set<ReadWriteMode, void>()
                         0x800'4d61   0x14  Code  Wk  AdcDmaDataProvider.o [3]
void FieldValueBase<DMA2_S0CR_CT_Values<DMA2::S0CR, (unsigned int)19, (unsigned int)1, ReadWriteMode, DMA2::DMA2S0CRBase>, DMA2::DMA2S0CRBase, (unsigned int)0>::Set<ReadWriteMode, void>()
                         0x800'4d19   0x10  Code  Wk  AdcDmaDataProvider.o [3]
void FieldValueBase<DMA2_S0CR_DBM_Values<DMA2::S0CR, (unsigned int)18, (unsigned int)1, ReadWriteMode, DMA2::DMA2S0CRBase>, DMA2::DMA2S0CRBase, (unsigned int)0>::Set<ReadWriteMode, void>()
                         0x800'4d29   0x10  Code  Wk  AdcDmaDataProvider.o [3]
void FieldValueBase<DMA2_S0CR_DIR_Values<DMA2::S0CR, (unsigned int)6, (unsigned int)2, ReadWriteMode, DMA2::DMA2S0CRBase>, DMA2::DMA2S0CRBase, (unsigned int)0>::Set<ReadWriteMode, void>()
                         0x800'4d75   0x10  Code  Wk  AdcDmaDataProvider.o [3]
void FieldValueBase<DMA2_S0CR_EN_Values<DMA2::S0CR, (unsigned int)0, (unsigned int)1, ReadWriteMode, DMA2::DMA2S0CRBase>, DMA2::DMA2S0CRBase, (unsigned int)0>::Set<ReadWriteMode, void>()
                         0x800'4cf9   0x10  Code  Wk  AdcDmaDataProvider.o [3]
void FieldValueBase<DMA2_S0CR_EN_Values<DMA2::S0CR, (unsigned int)0, (unsigned int)1, ReadWriteMode, DMA2::DMA2S0CRBase>, DMA2::DMA2S0CRBase, (unsigned int)1>::Set<ReadWriteMode, void>()
                         0x800'4db9   0x14  Code  Wk  AdcDmaDataProvider.o [3]
void FieldValueBase<DMA2_S0CR_MSIZE_Values<DMA2::S0CR, (unsigned int)13, (unsigned int)2, ReadWriteMode, DMA2::DMA2S0CRBase>, DMA2::DMA2S0CRBase, (unsigned int)2>::Set<ReadWriteMode, void>()
                         0x800'4d39   0x14  Code  Wk  AdcDmaDataProvider.o [3]
void FieldValueBase<DMA2_S0CR_PFCTRL_Values<DMA2::S0CR, (unsigned int)5, (unsigned int)1, ReadWriteMode, DMA2::DMA2S0CRBase>, DMA2::DMA2S0CRBase, (unsigned int)0>::Set<ReadWriteMode, void>()
                         0x800'4d85   0x10  Code  Wk  AdcDmaDataProvider.o [3]
void FieldValueBase<DMA2_S0CR_PSIZE_Values<DMA2::S0CR, (unsigned int)11, (unsigned int)2, ReadWriteMode, DMA2::DMA2S0CRBase>, DMA2::DMA2S0CRBase, (unsigned int)2>::Set<ReadWriteMode, void>()
                         0x800'4d4d   0x14  Code  Wk  AdcDmaDataProvider.o [3]
void FieldValueBase<GPIOA_AFRL_AFRL7_Values<GPIOA::AFRL, (unsigned int)12, (unsigned int)4, ReadWriteMode, GPIOA::GPIOAAFRLBase>, GPIOA::GPIOAAFRLBase, (unsigned int)7>::Set<ReadWriteMode, void>()
                         0x800'4f35   0x14  Code  Wk  Usart.o [7]
void FieldValueBase<GPIOA_AFRL_AFRL7_Values<GPIOA::AFRL, (unsigned int)8, (unsigned int)4, ReadWriteMode, GPIOA::GPIOAAFRLBase>, GPIOA::GPIOAAFRLBase, (unsigned int)7>::Set<ReadWriteMode, void>()
                         0x800'4f49   0x14  Code  Wk  Usart.o [7]
void FieldValueBase<GPIOA_MODER_MODER15_Values<GPIOA::MODER, (unsigned int)0, (unsigned int)2, ReadWriteMode, GPIOA::GPIOAMODERBase>, GPIOA::GPIOAMODERBase, (unsigned int)3>::Set<ReadWriteMode, void>()
                         0x800'4c25   0x14  Code  Wk  main.o [1]
void FieldValueBase<GPIOA_MODER_MODER15_Values<GPIOA::MODER, (unsigned int)10, (unsigned int)2, ReadWriteMode, GPIOA::GPIOAMODERBase>, GPIOA::GPIOAMODERBase, (unsigned int)1>::Set<ReadWriteMode, void>()
                         0x800'4bf5   0x14  Code  Wk  main.o [1]
void FieldValueBase<GPIOA_MODER_MODER15_Values<GPIOA::MODER, (unsigned int)4, (unsigned int)2, ReadWriteMode, GPIOA::GPIOAMODERBase>, GPIOA::GPIOAMODERBase, (unsigned int)2>::Set<ReadWriteMode, void>()
                         0x800'4f21   0x14  Code  Wk  Usart.o [7]
void FieldValueBase<GPIOA_MODER_MODER15_Values<GPIOA::MODER, (unsigned int)6, (unsigned int)2, ReadWriteMode, GPIOA::GPIOAMODERBase>, GPIOA::GPIOAMODERBase, (unsigned int)2>::Set<ReadWriteMode, void>()
                         0x800'4f0d   0x14  Code  Wk  Usart.o [7]
void FieldValueBase<RCC_AHB1ENR_DMA2EN_Values<RCC::AHB1ENR, (unsigned int)22, (unsigned int)1, ReadWriteMode, RCC::RCCAHB1ENRBase>, RCC::RCCAHB1ENRBase, (unsigned int)1>::Set<ReadWriteMode, void>()
                         0x800'4c4d   0x14  Code  Wk  main.o [1]
void FieldValueBase<RCC_AHB1ENR_DMA2EN_Values<RCC::APB1ENR, (unsigned int)17, (unsigned int)1, ReadWriteMode, RCC::RCCAPB1ENRBase>, RCC::RCCAPB1ENRBase, (unsigned int)1>::Set<ReadWriteMode, void>()
                         0x800'4c61   0x14  Code  Wk  main.o [1]
void FieldValueBase<RCC_AHB1ENR_DMA2EN_Values<RCC::APB2ENR, (unsigned int)14, (unsigned int)1, ReadWriteMode, RCC::RCCAPB2ENRBase>, RCC::RCCAPB2ENRBase, (unsigned int)1>::Set<ReadWriteMode, void>()
                         0x800'4be1   0x14  Code  Wk  main.o [1]
void FieldValueBase<RCC_AHB1ENR_DMA2EN_Values<RCC::APB2ENR, (unsigned int)8, (unsigned int)1, ReadWriteMode, RCC::RCCAPB2ENRBase>, RCC::RCCAPB2ENRBase, (unsigned int)1>::Set<ReadWriteMode, void>()
                         0x800'4c39   0x14  Code  Wk  main.o [1]
void FieldValueBase<RCC_CFGR_SW_Values<RCC::CFGR, (unsigned int)0, (unsigned int)2, ReadWriteMode, RCC::RCCCFGRBase>, RCC::RCCCFGRBase, (unsigned int)1>::Set<ReadWriteMode, void>()
                         0x800'4b9d   0x14  Code  Wk  main.o [1]
void FieldValueBase<RCC_CR_HSEON_Values<RCC::CR, (unsigned int)16, (unsigned int)1, ReadWriteMode, RCC::RCCCRBase>, RCC::RCCCRBase, (unsigned int)1>::Set<ReadWriteMode, void>()
                         0x800'4b71   0x14  Code  Wk  main.o [1]
void FieldValueBase<USART2_CR1_M_Values<USART2::CR1, (unsigned int)12, (unsigned int)1, ReadWriteMode, USART2::USART2CR1Base>, USART2::USART2CR1Base, (unsigned int)0>::Set<ReadWriteMode, void>()
                         0x800'4f6d   0x10  Code  Wk  Usart.o [7]
void FieldValueBase<USART2_CR1_OVER8_Values<USART2::CR1, (unsigned int)15, (unsigned int)1, ReadWriteMode, USART2::USART2CR1Base>, USART2::USART2CR1Base, (unsigned int)0>::Set<ReadWriteMode, void>()
                         0x800'4f5d   0x10  Code  Wk  Usart.o [7]
void FieldValueBase<USART2_CR1_PCE_Values<USART2::CR1, (unsigned int)10, (unsigned int)1, ReadWriteMode, USART2::USART2CR1Base>, USART2::USART2CR1Base, (unsigned int)0>::Set<ReadWriteMode, void>()
                         0x800'4f8d   0x10  Code  Wk  Usart.o [7]
void FieldValueBase<USART2_CR1_TE_Values<USART2::CR1, (unsigned int)3, (unsigned int)1, ReadWriteMode, USART2::USART2CR1Base>, USART2::USART2CR1Base, (unsigned int)1>::Set<ReadWriteMode, void>()
                         0x800'4c89   0x14  Code  Wk  main.o [1]
void FieldValueBase<USART2_CR1_TXEIE_Values<USART2::CR1, (unsigned int)7, (unsigned int)1, ReadWriteMode, USART2::USART2CR1Base>, USART2::USART2CR1Base, (unsigned int)1>::Set<ReadWriteMode, void>()
                         0x800'4f9d   0x14  Code  Wk  Usart.o [7]
void FieldValueBase<USART2_CR1_UE_Values<USART2::CR1, (unsigned int)13, (unsigned int)1, ReadWriteMode, USART2::USART2CR1Base>, USART2::USART2CR1Base, (unsigned int)1>::Set<ReadWriteMode, void>()
                         0x800'4c75   0x14  Code  Wk  main.o [1]
void FieldValueBase<USART2_CR2_STOP_Values<USART2::CR2, (unsigned int)12, (unsigned int)2, ReadWriteMode, USART2::USART2CR2Base>, USART2::USART2CR2Base, (unsigned int)0>::Set<ReadWriteMode, void>()
                         0x800'4f7d   0x10  Code  Wk  Usart.o [7]
void FieldValueBase<USART2_SR_TC_Values<USART2::SR, (unsigned int)6, (unsigned int)1, ReadWriteMode, USART2::USART2SRBase>, USART2::USART2SRBase, (unsigned int)0>::Set<ReadWriteMode, void>()
                         0x800'5089   0x10  Code  Wk  Usart.o [7]
void OsWrapper::Rtos::CreateThread<MeasurementTask>(MeasurementTask &, char const *, OsWrapper::ThreadPriority)
                         0x800'4c9d   0x24  Code  Wk  main.o [1]
void OsWrapper::Rtos::CreateThread<UsartTask>(UsartTask &, char const *, OsWrapper::ThreadPriority)
                         0x800'4cc1   0x24  Code  Wk  main.o [1]
void OsWrapper::RtosWrapper::wCreateThread<OsWrapper::Rtos, MeasurementTask>(MeasurementTask &, char const *, OsWrapper::ThreadPriority, unsigned short, unsigned int *)
                         0x800'5705   0x38  Code  Wk  main.o [1]
void OsWrapper::RtosWrapper::wCreateThread<OsWrapper::Rtos, UsartTask>(UsartTask &, char const *, OsWrapper::ThreadPriority, unsigned short, unsigned int *)
                         0x800'573d   0x38  Code  Wk  main.o [1]
void Register<(unsigned int)1073874944, (unsigned int)32, ReadWriteMode, GPIOC::GPIOCMODERBase, FieldValue<GPIOC_MODER_MODER15_Values<GPIOC::MODER, (unsigned int)10, (unsigned int)2, ReadWriteMode, GPIOC::GPIOCMODERBase>, GPIOC::GPIOCMODERBase, (unsigned int)1, void>, FieldValue<GPIOC_MODER_MODER15_Values<GPIOC::MODER, (unsigned int)16, (unsigned int)2, ReadWriteMode, GPIOC::GPIOCMODERBase>, GPIOC::GPIOCMODERBase, (unsigned int)1, void>, FieldValue<GPIOC_MODER_MODER15_Values<GPIOC::MODER, (unsigned int)18, (unsigned int)2, ReadWriteMode, GPIOC::GPIOCMODERBase>, GPIOC::GPIOCMODERBase, (unsigned int)1, void>>::Set<ReadWriteMode, void>()
                         0x800'4c09   0x1c  Code  Wk  main.o [1]
void Register<(unsigned int)1073887280, (unsigned int)32, ReadWriteMode, RCC::RCCAHB1ENRBase, FieldValue<RCC_AHB1ENR_GPIOCEN_Values<RCC::AHB1ENR, (unsigned int)2, (unsigned int)1, ReadWriteMode, RCC::RCCAHB1ENRBase>, RCC::RCCAHB1ENRBase, (unsigned int)1, void>, FieldValue<RCC_AHB1ENR_GPIOAEN_Values<RCC::AHB1ENR, (unsigned int)0, (unsigned int)1, ReadWriteMode, RCC::RCCAHB1ENRBase>, RCC::RCCAHB1ENRBase, (unsigned int)1, void>>::Set<ReadWriteMode, void>()
                         0x800'4bcd   0x14  Code  Wk  main.o [1]
void RegisterBase<(unsigned int)1073759236, (unsigned int)32, ReadWriteMode>::Write<ReadWriteMode, void>(unsigned int)
                         0x800'4f01    0xc  Code  Wk  Usart.o [7]
void RegisterBase<(unsigned int)1073872916, (unsigned int)32, ReadWriteMode>::Set<ReadWriteMode, void>(unsigned int)
                         0x800'4e85   0x10  Code  Wk  LedController.o [6]
void RegisterBase<(unsigned int)1073872916, (unsigned int)32, ReadWriteMode>::Write<ReadWriteMode, void>(unsigned int)
                         0x800'4ec9    0xc  Code  Wk  LedController.o [6]
void RegisterBase<(unsigned int)1073874964, (unsigned int)32, ReadWriteMode>::Set<ReadWriteMode, void>(unsigned int)
                         0x800'4ead   0x10  Code  Wk  LedController.o [6]
void RegisterBase<(unsigned int)1073874964, (unsigned int)32, ReadWriteMode>::Write<ReadWriteMode, void>(unsigned int)
                         0x800'4ea1    0xc  Code  Wk  LedController.o [6]
void RegisterBase<(unsigned int)1073898516, (unsigned int)32, ReadWriteMode>::Write<ReadWriteMode, void>(unsigned int)
                         0x800'4dad    0xc  Code  Wk  AdcDmaDataProvider.o [3]
void RegisterBase<(unsigned int)1073898520, (unsigned int)32, ReadWriteMode>::Write<ReadWriteMode, void>(unsigned int)
                         0x800'4d95    0xc  Code  Wk  AdcDmaDataProvider.o [3]
void RegisterBase<(unsigned int)1073898524, (unsigned int)32, ReadWriteMode>::Write<ReadWriteMode, void>(unsigned int)
                         0x800'4da1    0xc  Code  Wk  AdcDmaDataProvider.o [3]
void RegisterField<USART2::BRR, (unsigned int)0, (unsigned int)4, ReadWriteMode, void>::Set<ReadWriteMode, void>(unsigned int)
                         0x800'5059   0x30  Code  Wk  Usart.o [7]
void RegisterField<USART2::BRR, (unsigned int)0, (unsigned int)4, ReadWriteMode, void>::Set<ReadWriteMode, void>(unsigned int)::string
                         0x800'6a94   0x9c  Data  Wk  Usart.o [7]
void RegisterField<USART2::BRR, (unsigned int)0, (unsigned int)4, ReadWriteMode, void>::Set<ReadWriteMode, void>(unsigned int)::string (instance 2)
                         0x800'6c28   0x68  Data  Wk  Usart.o [7]
void RegisterField<USART2::BRR, (unsigned int)4, (unsigned int)12, ReadWriteMode, void>::Set<ReadWriteMode, void>(unsigned int)
                         0x800'5025   0x34  Code  Wk  Usart.o [7]
void RegisterField<USART2::BRR, (unsigned int)4, (unsigned int)12, ReadWriteMode, void>::Set<ReadWriteMode, void>(unsigned int)::string
                         0x800'69f8   0x9c  Data  Wk  Usart.o [7]
void RegisterField<USART2::BRR, (unsigned int)4, (unsigned int)12, ReadWriteMode, void>::Set<ReadWriteMode, void>(unsigned int)::string (instance 2)
                         0x800'6bc0   0x68  Data  Wk  Usart.o [7]
void std::_Deallocate<char>(char *, unsigned int)
                         0x800'4049    0xe  Code  Wk  Formatter.o [5]
void std::_Wrap_alloc<std::allocator<char>>::construct<char *, char *&>(char * *, char *& &&...)
                         0x800'6331   0x1a  Code  Wk  Formatter.o [5]
void std::_Wrap_alloc<std::allocator<char>>::construct<char *, char *>(char * *, char * &&...)
                         0x800'3f83   0x1a  Code  Wk  Formatter.o [5]
void std::_Wrap_alloc<std::allocator<char>>::destroy<char *>(char * *)
                         0x800'3b93   0x10  Code  Wk  Formatter.o [5]
void std::allocator<char>::construct<char *, char *&>(char * *, char *& &&...)
                         0x800'6449   0x26  Code  Wk  Formatter.o [5]
void std::allocator<char>::construct<char *, char *>(char * *, char * &&...)
                         0x800'4155   0x26  Code  Wk  Formatter.o [5]
void std::allocator<char>::destroy<char *>(char * *)
                         0x800'4047    0x2  Code  Wk  Formatter.o [5]
void std::allocator_traits<std::allocator<char>>::construct<char *, char *&>(std::allocator<char>&, char * *, char *& &&...)
                         0x800'642f   0x1a  Code  Wk  Formatter.o [5]
void std::allocator_traits<std::allocator<char>>::construct<char *, char *>(std::allocator<char>&, char * *, char * &&...)
                         0x800'40c1   0x1a  Code  Wk  Formatter.o [5]
void std::allocator_traits<std::allocator<char>>::destroy<char *>(std::allocator<char>&, char * *)
                         0x800'3f09   0x10  Code  Wk  Formatter.o [5]
void std::numpunct<char>::_Getvals<char>(char)
                         0x800'411b   0x1a  Code  Wk  Formatter.o [5]
voltage                 0x2000'1a18    0x8  Data  Gb  main.o [1]
xActiveTimerList1       0x2000'19ac   0x14  Data  Lc  timers.o [8]
xActiveTimerList2       0x2000'19c0   0x14  Data  Lc  timers.o [8]
xDelayedTaskList1       0x2000'195c   0x14  Data  Lc  tasks.o [8]
xDelayedTaskList2       0x2000'1970   0x14  Data  Lc  tasks.o [8]
xIdleTaskHandle         0x2000'1a70    0x4  Data  Lc  tasks.o [8]
xNextTaskUnblockTime    0x2000'1a6c    0x4  Data  Lc  tasks.o [8]
xNumOfOverflows         0x2000'1a64    0x4  Data  Lc  tasks.o [8]
xPendingReadyList       0x2000'1984   0x14  Data  Lc  tasks.o [8]
xPortPendSVHandler       0x800'2cb5         Code  Gb  portasm.o [9]
xPortStartScheduler      0x800'277d   0x88  Code  Gb  port.o [9]
xPortSysTickHandler      0x800'283d   0x28  Code  Gb  port.o [9]
xQueueGenericCreateStatic
                         0x800'2ddd   0x4c  Code  Gb  queue.o [8]
xQueueGenericReceive     0x800'305b  0x194  Code  Gb  queue.o [8]
xQueueGenericReset       0x800'2d5d   0x80  Code  Gb  queue.o [8]
xQueueGenericSend        0x800'2e5b  0x15a  Code  Gb  queue.o [8]
xQueueGenericSendFromISR
                         0x800'2fb5   0xa6  Code  Gb  queue.o [8]
xQueueRegistry          0x2000'18d4   0x40  Data  Gb  queue.o [8]
xSchedulerRunning       0x2000'1a58    0x4  Data  Lc  tasks.o [8]
xSuspendedTaskList      0x2000'1998   0x14  Data  Lc  tasks.o [8]
xTaskCheckForTimeOut     0x800'234b   0x5a  Code  Gb  tasks.o [8]
xTaskCreateStatic        0x800'1d75   0x50  Code  Gb  tasks.o [8]
xTaskGetSchedulerState   0x800'2435   0x1e  Code  Gb  tasks.o [8]
xTaskGetTickCount        0x800'211d    0x8  Code  Gb  tasks.o [8]
xTaskIncrementTick       0x800'2125  0x100  Code  Gb  tasks.o [8]
xTaskPriorityDisinherit
                         0x800'24ed   0x82  Code  Gb  tasks.o [8]
xTaskRemoveFromEventList
                         0x800'22c9   0x70  Code  Gb  tasks.o [8]
xTaskResumeAll           0x800'2049   0xd4  Code  Gb  tasks.o [8]
xTickCount              0x2000'1a50    0x4  Data  Lc  tasks.o [8]
xTimerCreateTimerTask    0x800'28a9   0x58  Code  Gb  timers.o [8]
xTimerGenericCommand     0x800'2901   0x6e  Code  Gb  timers.o [8]
xTimerQueue             0x2000'1a80    0x4  Data  Lc  timers.o [8]
xTimerTaskHandle        0x2000'1a84    0x4  Data  Lc  timers.o [8]
xYieldPending           0x2000'1a60    0x4  Data  Lc  tasks.o [8]


[1] = D:\Documents\Homework\GitLab\CoursePaper\source\RtosWrapper\Debug\Obj
[2] = D:\Documents\Homework\GitLab\CoursePaper\source\RtosWrapper\Debug\Obj\AHardware\IrqController
[3] = D:\Documents\Homework\GitLab\CoursePaper\source\RtosWrapper\Debug\Obj\Application\AdcDmaDataProvider
[4] = D:\Documents\Homework\GitLab\CoursePaper\source\RtosWrapper\Debug\Obj\Application\DataRepository
[5] = D:\Documents\Homework\GitLab\CoursePaper\source\RtosWrapper\Debug\Obj\Application\Formatter
[6] = D:\Documents\Homework\GitLab\CoursePaper\source\RtosWrapper\Debug\Obj\Application\Leds
[7] = D:\Documents\Homework\GitLab\CoursePaper\source\RtosWrapper\Debug\Obj\Application\Usart
[8] = D:\Documents\Homework\GitLab\CoursePaper\source\RtosWrapper\Debug\Obj\Rtos\FreeRtos
[9] = D:\Documents\Homework\GitLab\CoursePaper\source\RtosWrapper\Debug\Obj\Rtos\FreeRtos\portable\IAR\ARM_CM4F
[10] = D:\Documents\Homework\GitLab\CoursePaper\source\RtosWrapper\Debug\Obj\Tasks
[11] = dl7M_tln.a
[12] = dlpp7M_tls_nc.a
[13] = dlpprt7M_tl_nc.a
[14] = m7M_tls.a
[15] = rt7M_tl.a
[16] = shb_l.a

  27'305 bytes of readonly  code memory
   1'869 bytes of readonly  data memory
  19'503 bytes of readwrite data memory

Errors: none
Warnings: none
