###############################################################################
#
# IAR ELF Linker V9.30.1.335/W64 for ARM                  27/Apr/2025  00:34:24
# Copyright 2007-2022 IAR Systems AB.
#
#    Output file  =
#        D:\Documents\Other\Homework\Kolodiy\CoursePaper\source\RtosWrapper\Debug\Exe\iarproject.out
#    Map file     =
#        D:\Documents\Other\Homework\Kolodiy\CoursePaper\source\RtosWrapper\Debug\List\iarproject.map
#    Command line =
#        -f
#        D:\Documents\Other\Homework\Kolodiy\CoursePaper\source\RtosWrapper\Debug\Exe\iarproject.out.rsp
#        (D:\Documents\Other\Homework\Kolodiy\CoursePaper\source\RtosWrapper\Debug\Obj\Application\AdcDmaDataProvider\AdcDmaDataProvider.o
#        D:\Documents\Other\Homework\Kolodiy\CoursePaper\source\RtosWrapper\Debug\Obj\Rtos\FreeRtos\croutine.o
#        D:\Documents\Other\Homework\Kolodiy\CoursePaper\source\RtosWrapper\Debug\Obj\Application\DataRepository\DataRepository.o
#        D:\Documents\Other\Homework\Kolodiy\CoursePaper\source\RtosWrapper\Debug\Obj\Rtos\FreeRtos\event_groups.o
#        D:\Documents\Other\Homework\Kolodiy\CoursePaper\source\RtosWrapper\Debug\Obj\Application\Formatter\Formatter.o
#        D:\Documents\Other\Homework\Kolodiy\CoursePaper\source\RtosWrapper\Debug\Obj\AHardware\IrqController\irqcontroller.o
#        D:\Documents\Other\Homework\Kolodiy\CoursePaper\source\RtosWrapper\Debug\Obj\Application\Leds\LedCalculator.o
#        D:\Documents\Other\Homework\Kolodiy\CoursePaper\source\RtosWrapper\Debug\Obj\Application\Leds\LedController.o
#        D:\Documents\Other\Homework\Kolodiy\CoursePaper\source\RtosWrapper\Debug\Obj\Rtos\FreeRtos\list.o
#        D:\Documents\Other\Homework\Kolodiy\CoursePaper\source\RtosWrapper\Debug\Obj\main.o
#        D:\Documents\Other\Homework\Kolodiy\CoursePaper\source\RtosWrapper\Debug\Obj\Tasks\MeasurementTask.o
#        D:\Documents\Other\Homework\Kolodiy\CoursePaper\source\RtosWrapper\Debug\Obj\Rtos\FreeRtos\portable\IAR\ARM_CM4F\port.o
#        D:\Documents\Other\Homework\Kolodiy\CoursePaper\source\RtosWrapper\Debug\Obj\Rtos\FreeRtos\portable\IAR\ARM_CM4F\portasm.o
#        D:\Documents\Other\Homework\Kolodiy\CoursePaper\source\RtosWrapper\Debug\Obj\Rtos\FreeRtos\queue.o
#        D:\Documents\Other\Homework\Kolodiy\CoursePaper\source\RtosWrapper\Debug\Obj\startupF411RE.o
#        D:\Documents\Other\Homework\Kolodiy\CoursePaper\source\RtosWrapper\Debug\Obj\Rtos\FreeRtos\tasks.o
#        D:\Documents\Other\Homework\Kolodiy\CoursePaper\source\RtosWrapper\Debug\Obj\Rtos\FreeRtos\timers.o
#        D:\Documents\Other\Homework\Kolodiy\CoursePaper\source\RtosWrapper\Debug\Obj\Application\Usart\Usart.o
#        --no_out_extension -o
#        D:\Documents\Other\Homework\Kolodiy\CoursePaper\source\RtosWrapper\Debug\Exe\iarproject.out
#        --map
#        D:\Documents\Other\Homework\Kolodiy\CoursePaper\source\RtosWrapper\Debug\List\iarproject.map
#        --log
#        libraries,initialization,modules,redirects,sections,veneers,unused_fragments,call_graph
#        --log_file
#        D:\Documents\Other\Homework\Kolodiy\CoursePaper\source\RtosWrapper\Debug\List\iarproject.log
#        --config
#        D:\Documents\Other\Homework\Kolodiy\CoursePaper\source\RtosWrapper\stm32f411xE.icf
#        --semihosting --entry __iar_program_start --vfe --text_out locale
#        --cpu=Cortex-M4 --fpu=VFPv4_sp)
#
###############################################################################

*******************************************************************************
*** RUNTIME MODEL ATTRIBUTES
***

CppFlavor                     = *
__CPP_Exceptions              = Disabled
__CPP_Language                = C++14
__CPP_Library                 = DLib
__CPP_Runtime                 = 1
__Heap_Handler                = Basic
__SystemLibrary               = DLib
__dlib_dynamic_initialization = normal
__dlib_version                = 6


*******************************************************************************
*** HEAP SELECTION
***

The basic heap was selected because --advanced_heap
was not specified and the application did not appear to
be primarily optimized for speed.


*******************************************************************************
*** PLACEMENT SUMMARY
***

"A0":  place at address 0x800'0000 { ro section .intvec };
"P1":  place in [from 0x800'0000 to 0x807'ffff] { ro };
define block CSTACK with size = 8K, alignment = 8 { };
define block HEAP with size = 4K, alignment = 8 { };
"P2":  place in [from 0x2000'0000 to 0x2001'ffff] {
          rw, block CSTACK, block HEAP };
initialize by copy { rw };

  Section                Kind         Address    Size  Object
  -------                ----         -------    ----  ------
"A0":                                           0x198
  .intvec                const     0x800'0000   0x198  startupF411RE.o [1]
                                 - 0x800'0198   0x198

"P1":                                          0x2674
  .text                  ro code   0x800'0198   0x8c0  tasks.o [8]
  .text                  ro code   0x800'0a58    0x9a  list.o [8]
  .text                  ro code   0x800'0af2    0x2a  copy_init3.o [15]
  .text                  ro code   0x800'0b1c   0x164  port.o [9]
  .text                  ro code   0x800'0c80   0x3e8  timers.o [8]
  .text                  ro code   0x800'1068    0x24  port.o [9]
  CODE                   ro code   0x800'108c    0xa8  portasm.o [9]
  .text                  ro code   0x800'1134   0x688  queue.o [8]
  .text                  ro code   0x800'17bc    0xa6  ABImemcpy.o [15]
  .text                  ro code   0x800'1862     0x2  irqcontroller.o [2]
  .text                  ro code   0x800'1864   0x274  I64DivMod.o [15]
  .text                  ro code   0x800'1ad8     0x2  I64DivZer.o [15]
  .rodata                const     0x800'1ada     0x1  unwind_debug.o [16]
  .text                  ro code   0x800'1adc   0x1dc  main.o [1]
  .text                  ro code   0x800'1cb8    0x8c  AdcDmaDataProvider.o [3]
  .text                  ro code   0x800'1d44    0x30  DataRepository.o [4]
  .text                  ro code   0x800'1d74    0x5e  LedCalculator.o [6]
  .text                  ro code   0x800'1dd4    0xfc  LedController.o [6]
  .text                  ro code   0x800'1ed0    0x18  Usart.o [7]
  .text                  ro code   0x800'1ee8    0xd0  MeasurementTask.o [10]
  .text                  ro code   0x800'1fb8     0xc  main.o [1]
  .text                  ro code   0x800'1fc4    0x5a  expf.o [14]
  .text                  ro code   0x800'201e     0xc  main.o [1]
  .text                  ro code   0x800'202c    0x14  main.o [1]
  .text                  ro code   0x800'2040    0x18  main.o [1]
  .text                  ro code   0x800'2058    0x14  main.o [1]
  .text                  ro code   0x800'206c    0x1c  main.o [1]
  .text                  ro code   0x800'2088    0x14  main.o [1]
  .text                  ro code   0x800'209c    0x14  main.o [1]
  .text                  ro code   0x800'20b0    0x14  main.o [1]
  .text                  ro code   0x800'20c4    0x1c  main.o [1]
  .text                  ro code   0x800'20e0    0x14  main.o [1]
  .text                  ro code   0x800'20f4    0x14  main.o [1]
  .text                  ro code   0x800'2108    0x14  main.o [1]
  .text                  ro code   0x800'211c    0x14  main.o [1]
  .text                  ro code   0x800'2130    0x14  main.o [1]
  .text                  ro code   0x800'2144    0x14  main.o [1]
  .text                  ro code   0x800'2158    0x24  main.o [1]
  .text                  ro code   0x800'217c     0x8  main.o [1]
  .text                  ro code   0x800'2184     0xc  AdcDmaDataProvider.o [3]
  .text                  ro code   0x800'2190    0x10  AdcDmaDataProvider.o [3]
  .text                  ro code   0x800'21a0    0x10  AdcDmaDataProvider.o [3]
  .text                  ro code   0x800'21b0    0x10  AdcDmaDataProvider.o [3]
  .text                  ro code   0x800'21c0    0x10  AdcDmaDataProvider.o [3]
  .text                  ro code   0x800'21d0    0x14  AdcDmaDataProvider.o [3]
  .text                  ro code   0x800'21e4    0x14  AdcDmaDataProvider.o [3]
  .text                  ro code   0x800'21f8    0x14  AdcDmaDataProvider.o [3]
  .text                  ro code   0x800'220c    0x10  AdcDmaDataProvider.o [3]
  .text                  ro code   0x800'221c    0x10  AdcDmaDataProvider.o [3]
  .text                  ro code   0x800'222c     0xc  AdcDmaDataProvider.o [3]
  .text                  ro code   0x800'2238     0xc  AdcDmaDataProvider.o [3]
  .text                  ro code   0x800'2244     0xc  AdcDmaDataProvider.o [3]
  .text                  ro code   0x800'2250    0x14  AdcDmaDataProvider.o [3]
  .text                  ro code   0x800'2264    0x10  AdcDmaDataProvider.o [3]
  .text                  ro code   0x800'2274    0x14  AdcDmaDataProvider.o [3]
  .text                  ro code   0x800'2288    0x14  AdcDmaDataProvider.o [3]
  .text                  ro code   0x800'229c    0x14  AdcDmaDataProvider.o [3]
  .text                  ro code   0x800'22b0    0x14  AdcDmaDataProvider.o [3]
  .text                  ro code   0x800'22c4    0x14  AdcDmaDataProvider.o [3]
  .text                  ro code   0x800'22d8    0x14  AdcDmaDataProvider.o [3]
  .text                  ro code   0x800'22ec     0xc  DataRepository.o [4]
  .text                  ro code   0x800'22f8     0xc  DataRepository.o [4]
  .text                  ro code   0x800'2304     0xc  LedCalculator.o [6]
  .text                  ro code   0x800'2310    0x3c  ceilf.o [14]
  .text                  ro code   0x800'234c     0xc  LedController.o [6]
  .text                  ro code   0x800'2358    0x10  LedController.o [6]
  .text                  ro code   0x800'2368     0xc  LedController.o [6]
  .text                  ro code   0x800'2374     0xc  LedController.o [6]
  .text                  ro code   0x800'2380    0x10  LedController.o [6]
  .text                  ro code   0x800'2390     0xc  LedController.o [6]
  .text                  ro code   0x800'239c     0xc  LedController.o [6]
  .text                  ro code   0x800'23a8     0xc  Usart.o [7]
  .text                  ro code   0x800'23b4     0xc  MeasurementTask.o [10]
  .text                  ro code   0x800'23c0    0x1a  MeasurementTask.o [10]
  .text                  ro code   0x800'23da     0x2  main.o [1]
  .text                  ro code   0x800'23dc    0xde  xexpf.o [14]
  .text                  ro code   0x800'24ba     0x2  main.o [1]
  .text                  ro code   0x800'24bc     0x2  main.o [1]
  .text                  ro code   0x800'24c0    0x38  main.o [1]
  .text                  ro code   0x800'24f8     0x8  main.o [1]
  .text                  ro code   0x800'2500     0x2  AdcDmaDataProvider.o [3]
  .text                  ro code   0x800'2502     0x2  DataRepository.o [4]
  .text                  ro code   0x800'2504     0x2  DataRepository.o [4]
  .text                  ro code   0x800'2506     0x2  LedCalculator.o [6]
  .text                  ro code   0x800'2508     0x2  LedController.o [6]
  .text                  ro code   0x800'250a     0x2  Usart.o [7]
  .text                  ro code   0x800'250c     0xe  MeasurementTask.o [10]
  .text                  ro code   0x800'251a    0x20  MeasurementTask.o [10]
  .text                  ro code   0x800'253a     0x4  MeasurementTask.o [10]
  .text                  ro code   0x800'253e     0xc  MeasurementTask.o [10]
  .text                  ro code   0x800'254a     0xc  MeasurementTask.o [10]
  .text                  ro code   0x800'2556     0x6  MeasurementTask.o [10]
  .text                  ro code   0x800'255c     0x6  MeasurementTask.o [10]
  .text                  ro code   0x800'2562     0xa  MeasurementTask.o [10]
  .rodata                const     0x800'256c    0x44  xexpf.o [14]
  .text                  ro code   0x800'25b0    0x38  zero_init3.o [15]
  .rodata                const     0x800'25e8    0x28  DataRepository.o [4]
  .text                  ro code   0x800'2610    0x28  data_init.o [15]
  .text                  ro code   0x800'2638    0x22  fpinit_M.o [14]
  .iar.init_table        const     0x800'265c    0x28  - Linker created -
  .text                  ro code   0x800'2684    0x20  cmain_call_ctors.o [15]
  .text                  ro code   0x800'26a4    0x18  cppinit.o [11]
  .text                  ro code   0x800'26bc    0x1e  cmain.o [15]
  .text                  ro code   0x800'26da     0x4  exit.o [11]
  .text                  ro code   0x800'26e0     0xa  cexit.o [15]
  .text                  ro code   0x800'26ec    0x14  exit.o [16]
  .text                  ro code   0x800'2700    0x14  main.o [1]
  .text                  ro code   0x800'2714     0x8  main.o [1]
  .text                  ro code   0x800'271c    0x12  startupF411RE.o [1]
  .rodata                const     0x800'2730    0x10  main.o [1]
  .text                  ro code   0x800'2740    0x10  ios.o [12]
  .rodata                const     0x800'2750     0xc  AdcDmaDataProvider.o [3]
  .rodata                const     0x800'275c     0xc  LedCalculator.o [6]
  .rodata                const     0x800'2768     0xc  LedController.o [6]
  .rodata                const     0x800'2774     0xc  main.o [1]
  .rodata                const     0x800'2780     0xc  main.o [1]
  .rodata                const     0x800'278c     0xc  MeasurementTask.o [10]
  .rodata                const     0x800'2798     0xc  Usart.o [7]
  .text                  ro code   0x800'27a4     0xc  main.o [1]
  Initializer bytes      const     0x800'27b0     0xc  <for P2-1>
  .rodata                const     0x800'27bc     0x4  main.o [1]
  .rodata                const     0x800'27c0     0x8  MeasurementTask.o [10]
  .rodata                const     0x800'27c8     0x8  tasks.o [8]
  .rodata                const     0x800'27d0     0x8  timers.o [8]
  .rodata                const     0x800'27d8     0x8  timers.o [8]
  .text                  ro code   0x800'27e0     0x8  startupF411RE.o [1]
  .text                  ro code   0x800'27e8     0x8  startupF411RE.o [1]
  .text                  ro code   0x800'27f0     0x8  startupF411RE.o [1]
  .text                  ro code   0x800'27f8     0x8  startupF411RE.o [1]
  SHT$$PREINIT_ARRAY               0x800'2800     0x0  <Block>
  SHT$$INIT_ARRAY                  0x800'2800     0x8  <Block>
    .init_array          const     0x800'2800     0x4  main.o [1]
    .init_array          const     0x800'2804     0x4  ios.o [12]
  __iar_tls$$INIT_ARRAY            0x800'2808     0x0  <Block>
  .rodata                const     0x800'2808     0x4  port.o [9]
  .rodata                const     0x800'280c     0x0  zero_init3.o [15]
  .rodata                const     0x800'280c     0x0  copy_init3.o [15]
                                 - 0x800'280c  0x2674

"P2", part 1 of 3:                                0xc
  P2-1                            0x2000'0000     0x9  <Init block>
    .data                inited   0x2000'0000     0x4  main.o [1]
    .data                inited   0x2000'0004     0x4  port.o [9]
    .data                inited   0x2000'0008     0x1  main.o [1]
                                - 0x2000'0009     0x9

"P2", part 2 of 3:                             0x11c0
  .bss                   zero     0x2000'000c   0x874  main.o [1]
  .bss                   zero     0x2000'0880   0x400  tasks.o [8]
  .bss                   zero     0x2000'0c80   0x200  tasks.o [8]
  .bss                   zero     0x2000'0e80    0xa0  timers.o [8]
  .bss                   zero     0x2000'0f20    0x64  tasks.o [8]
  .bss                   zero     0x2000'0f84    0x50  tasks.o [8]
  .bss                   zero     0x2000'0fd4    0x50  tasks.o [8]
  .bss                   zero     0x2000'1024    0x48  timers.o [8]
  .bss                   zero     0x2000'106c    0x40  queue.o [8]
  .bss                   zero     0x2000'10ac    0x14  tasks.o [8]
  .bss                   zero     0x2000'10c0    0x14  tasks.o [8]
  .bss                   zero     0x2000'10d4    0x14  tasks.o [8]
  .bss                   zero     0x2000'10e8    0x14  tasks.o [8]
  .bss                   zero     0x2000'10fc    0x14  timers.o [8]
  .bss                   zero     0x2000'1110    0x14  timers.o [8]
  .bss                   zero     0x2000'1124    0x10  main.o [1]
  .bss                   zero     0x2000'1138    0x10  ios.o [12]
  .bss                   zero     0x2000'1148     0xc  main.o [1]
  .bss                   zero     0x2000'1154     0xc  main.o [1]
  .bss                   zero     0x2000'1160     0x8  main.o [1]
  .bss                   zero     0x2000'1168     0x8  main.o [1]
  .bss                   zero     0x2000'1170     0x4  main.o [1]
  .bss                   zero     0x2000'1174     0x4  main.o [1]
  .bss                   zero     0x2000'1178     0x4  port.o [9]
  .bss                   zero     0x2000'117c     0x4  tasks.o [8]
  .bss                   zero     0x2000'1180     0x4  tasks.o [8]
  .bss                   zero     0x2000'1184     0x4  tasks.o [8]
  .bss                   zero     0x2000'1188     0x4  tasks.o [8]
  .bss                   zero     0x2000'118c     0x4  tasks.o [8]
  .bss                   zero     0x2000'1190     0x4  tasks.o [8]
  .bss                   zero     0x2000'1194     0x4  tasks.o [8]
  .bss                   zero     0x2000'1198     0x4  tasks.o [8]
  .bss                   zero     0x2000'119c     0x4  tasks.o [8]
  .bss                   zero     0x2000'11a0     0x4  tasks.o [8]
  .bss                   zero     0x2000'11a4     0x4  tasks.o [8]
  .bss                   zero     0x2000'11a8     0x4  tasks.o [8]
  .bss                   zero     0x2000'11ac     0x4  tasks.o [8]
  .bss                   zero     0x2000'11b0     0x4  tasks.o [8]
  .bss                   zero     0x2000'11b4     0x4  timers.o [8]
  .bss                   zero     0x2000'11b8     0x4  timers.o [8]
  .bss                   zero     0x2000'11bc     0x4  timers.o [8]
  .bss                   zero     0x2000'11c0     0x4  timers.o [8]
  .bss                   zero     0x2000'11c4     0x4  timers.o [8]
  .bss                   zero     0x2000'11c8     0x1  port.o [9]
                                - 0x2000'11c9  0x11bd

"P2", part 3 of 3:                             0x2000
  CSTACK                          0x2000'11d0  0x2000  <Block>
    CSTACK               uninit   0x2000'11d0  0x2000  <Block tail>
                                - 0x2000'31d0  0x2000

Unused ranges:

         From           To      Size
         ----           --      ----
   0x800'280c   0x807'ffff  0x7'd7f4
  0x2000'11cc  0x2000'11cf       0x4
  0x2000'31d0  0x2001'ffff  0x1'ce30


*******************************************************************************
*** INIT TABLE
***

          Address      Size
          -------      ----
Zero (__iar_zero_init3)
    1 destination range, total size 0x11bd:
          0x2000'000c  0x11bd

Copy (__iar_copy_init3)
    1 source range, total size 0xc (133% of destination):
           0x800'27b0     0xc
    1 destination range, total size 0x9:
          0x2000'0000     0x9

Extra (__iar_cstart_call_ctors)



*******************************************************************************
*** MODULE SUMMARY
***

    Module                ro code  ro data  rw data
    ------                -------  -------  -------
command line/config:
    -----------------------------------------------
    Total:

D:\Documents\Other\Homework\Kolodiy\CoursePaper\source\RtosWrapper\Debug\Obj: [1]
    main.o                    954       53    2'233
    startupF411RE.o            50      408
    -----------------------------------------------
    Total:                  1'004      461    2'233

D:\Documents\Other\Homework\Kolodiy\CoursePaper\source\RtosWrapper\Debug\Obj\AHardware\IrqController: [2]
    irqcontroller.o             2
    -----------------------------------------------
    Total:                      2

D:\Documents\Other\Homework\Kolodiy\CoursePaper\source\RtosWrapper\Debug\Obj\Application\AdcDmaDataProvider: [3]
    AdcDmaDataProvider.o      502       12
    -----------------------------------------------
    Total:                    502       12

D:\Documents\Other\Homework\Kolodiy\CoursePaper\source\RtosWrapper\Debug\Obj\Application\DataRepository: [4]
    DataRepository.o           76       40
    -----------------------------------------------
    Total:                     76       40

D:\Documents\Other\Homework\Kolodiy\CoursePaper\source\RtosWrapper\Debug\Obj\Application\Formatter: [5]
    -----------------------------------------------
    Total:

D:\Documents\Other\Homework\Kolodiy\CoursePaper\source\RtosWrapper\Debug\Obj\Application\Leds: [6]
    LedCalculator.o           108       12
    LedController.o           346       12
    -----------------------------------------------
    Total:                    454       24

D:\Documents\Other\Homework\Kolodiy\CoursePaper\source\RtosWrapper\Debug\Obj\Application\Usart: [7]
    Usart.o                    38       12
    -----------------------------------------------
    Total:                     38       12

D:\Documents\Other\Homework\Kolodiy\CoursePaper\source\RtosWrapper\Debug\Obj\Rtos\FreeRtos: [8]
    list.o                    154
    queue.o                 1'672                64
    tasks.o                 2'240        8    1'932
    timers.o                1'000       16      292
    -----------------------------------------------
    Total:                  5'066       24    2'288

D:\Documents\Other\Homework\Kolodiy\CoursePaper\source\RtosWrapper\Debug\Obj\Rtos\FreeRtos\portable\IAR\ARM_CM4F: [9]
    port.o                    392        8        9
    portasm.o                 168
    -----------------------------------------------
    Total:                    560        8        9

D:\Documents\Other\Homework\Kolodiy\CoursePaper\source\RtosWrapper\Debug\Obj\Tasks: [10]
    MeasurementTask.o         342       20
    -----------------------------------------------
    Total:                    342       20

dl7M_tln.a: [11]
    cppinit.o                  24
    exit.o                      4
    -----------------------------------------------
    Total:                     28

dlpp7M_tls_nc.a: [12]
    ios.o                      16        4       16
    -----------------------------------------------
    Total:                     16        4       16

dlpprt7M_tl_nc.a: [13]
    -----------------------------------------------
    Total:

m7M_tls.a: [14]
    ceilf.o                    60
    expf.o                     90
    fpinit_M.o                 34
    xexpf.o                   222       68
    -----------------------------------------------
    Total:                    406       68

rt7M_tl.a: [15]
    ABImemcpy.o               166
    I64DivMod.o               628
    I64DivZer.o                 2
    cexit.o                    10
    cmain.o                    30
    cmain_call_ctors.o         32
    copy_init3.o               42
    data_init.o                40
    zero_init3.o               56
    -----------------------------------------------
    Total:                  1'006

shb_l.a: [16]
    exit.o                     20
    unwind_debug.o                       1
    -----------------------------------------------
    Total:                     20        1

    Gaps                       11        4        4
    Linker created                      43    8'192
---------------------------------------------------
    Grand Total:            9'531      721   12'742


*******************************************************************************
*** ENTRY LIST
***

Entry                       Address   Size  Type      Object
-----                       -------   ----  ----      ------
.iar.init_table$$Base    0x800'265c          --   Gb  - Linker created -
.iar.init_table$$Limit   0x800'2684          --   Gb  - Linker created -
?main                    0x800'26bd         Code  Gb  cmain.o [15]
AdcDmaDataProvider::AdcDmaDataProvider()
                         0x800'1cb9   0x16  Code  Gb  AdcDmaDataProvider.o [3]
AdcDmaDataProvider::ConfigAdc()
                         0x800'1d19   0x28  Code  Gb  AdcDmaDataProvider.o [3]
AdcDmaDataProvider::ConfigDma()
                         0x800'1ccf   0x40  Code  Gb  AdcDmaDataProvider.o [3]
AdcDmaDataProvider::GetRawData()
                         0x800'1d41    0x4  Code  Gb  AdcDmaDataProvider.o [3]
CSTACK$$Base            0x2000'11d0          --   Gb  - Linker created -
CSTACK$$Limit           0x2000'31d0          --   Gb  - Linker created -
DataRepository::DataRepository()
                         0x800'1d45   0x20  Code  Gb  DataRepository.o [4]
DataRepository::UpdateValue(float)
                         0x800'1d6b    0xa  Code  Gb  DataRepository.o [4]
DigitalFilter<float, [local to main_cpp]::dt, [local to main_cpp]::rc>::DigitalFilter()
                         0x800'1b45   0x32  Code  Lc  main.o [1]
DigitalFilter<float, [local to main_cpp]::dt, [local to main_cpp]::rc>::FilterValue(float)
                         0x800'1b77   0x30  Code  Lc  main.o [1]
DigitalFilter<float, dt, rc>::FilterValue(float)::isFirstTime
                        0x2000'0008    0x1  Data  Lc  main.o [1]
DummyModule::handler()   0x800'271d    0x2  Code  Gb  startupF411RE.o [1]
IDataRepositoryProvider::IDataRepositoryProvider()
                         0x800'2503    0x2  Code  Wk  DataRepository.o [4]
IDataRepositoryProvider::IDataRepositoryProvider() [subobject]
                         0x800'22ed    0xc  Code  Wk  DataRepository.o [4]
IDataRepositoryUpdater::IDataRepositoryUpdater()
                         0x800'2505    0x2  Code  Wk  DataRepository.o [4]
IDataRepositoryUpdater::IDataRepositoryUpdater() [subobject]
                         0x800'22f9    0xc  Code  Wk  DataRepository.o [4]
IDigitalFilter<float>::IDigitalFilter()
                         0x800'23db    0x2  Code  Wk  main.o [1]
IDigitalFilter<float>::IDigitalFilter() [subobject]
                         0x800'1fb9    0xc  Code  Wk  main.o [1]
ILedCalculator::ILedCalculator()
                         0x800'2507    0x2  Code  Wk  LedCalculator.o [6]
ILedCalculator::ILedCalculator() [subobject]
                         0x800'2305    0xc  Code  Wk  LedCalculator.o [6]
ILedController::ILedController()
                         0x800'2509    0x2  Code  Wk  LedController.o [6]
ILedController::ILedController() [subobject]
                         0x800'234d    0xc  Code  Wk  LedController.o [6]
IRawDataProvider::IRawDataProvider()
                         0x800'2501    0x2  Code  Wk  AdcDmaDataProvider.o [3]
IRawDataProvider::IRawDataProvider() [subobject]
                         0x800'2185    0xc  Code  Wk  AdcDmaDataProvider.o [3]
IUsart::IUsart()         0x800'250b    0x2  Code  Wk  Usart.o [7]
IUsart::IUsart() [subobject]
                         0x800'23a9    0xc  Code  Wk  Usart.o [7]
IVoltage::IVoltage()     0x800'24bb    0x2  Code  Wk  main.o [1]
IVoltage::IVoltage() [subobject]
                         0x800'201f    0xc  Code  Wk  main.o [1]
IrqController::HandleIrqExtiLine15_10()
                         0x800'1863    0x2  Code  Gb  irqcontroller.o [2]
LedCalculator::Calculate(float)
                         0x800'1d95   0x3e  Code  Gb  LedCalculator.o [6]
LedCalculator::LedCalculator(unsigned char const &, float const &)
                         0x800'1d75   0x1a  Code  Gb  LedCalculator.o [6]
LedController::Indicate(unsigned char)
                         0x800'1ded   0xe4  Code  Gb  LedController.o [6]
LedController::LedController()
                         0x800'1dd5   0x12  Code  Gb  LedController.o [6]
MeasurementTask::Execute()
                         0x800'1f29   0x84  Code  Gb  MeasurementTask.o [10]
MeasurementTask::MeasurementTask(IRawDataProvider &, IDigitalFilter<float> &, IVoltage &, ILedCalculator &, ILedController &, IDataRepositoryUpdater &)
                         0x800'1ee9   0x40  Code  Gb  MeasurementTask.o [10]
OsWrapper::IThread::IThread()
                         0x800'2563    0xa  Code  Wk  MeasurementTask.o [10]
OsWrapper::IThread::IThread() [subobject]
                         0x800'254b    0xc  Code  Wk  MeasurementTask.o [10]
OsWrapper::IThread::Run()
                         0x800'2701   0x14  Code  Wk  main.o [1]
OsWrapper::IThread::Sleep(std::chrono::duration<long long, std::ratio<(long long)1, (long long)1000>>)
                         0x800'23c1   0x1a  Code  Wk  MeasurementTask.o [10]
OsWrapper::Rtos::HandleSvcInterrupt()
                         0x800'27f1    0x8  Code  Wk  startupF411RE.o [1]
OsWrapper::Rtos::HandleSysTickInterrupt()
                         0x800'27f9    0x8  Code  Wk  startupF411RE.o [1]
OsWrapper::Rtos::Run(void *)
                         0x800'27a5    0xc  Code  Wk  main.o [1]
OsWrapper::Rtos::Start()
                         0x800'217d    0x8  Code  Wk  main.o [1]
OsWrapper::RtosWrapper::wGetTicks()
                         0x800'2715    0x8  Code  Wk  main.o [1]
OsWrapper::RtosWrapper::wHandleSvcInterrupt()
                         0x800'27e1    0x8  Code  Wk  startupF411RE.o [1]
OsWrapper::RtosWrapper::wHandleSysTickInterrupt()
                         0x800'27e9    0x8  Code  Wk  startupF411RE.o [1]
OsWrapper::RtosWrapper::wSleep(unsigned int)
                         0x800'253f    0xc  Code  Wk  MeasurementTask.o [10]
OsWrapper::RtosWrapper::wStart()
                         0x800'24f9    0x8  Code  Wk  main.o [1]
OsWrapper::Thread<(unsigned int)512>::Thread()
                         0x800'250d    0xe  Code  Wk  MeasurementTask.o [10]
OsWrapper::Thread<(unsigned int)512>::Thread() [subobject]
                         0x800'23b5    0xc  Code  Wk  MeasurementTask.o [10]
Region$$Table$$Base      0x800'265c          --   Gb  - Linker created -
Region$$Table$$Limit     0x800'2684          --   Gb  - Linker created -
SHT$$INIT_ARRAY$$Base    0x800'2800          --   Gb  - Linker created -
SHT$$INIT_ARRAY$$Limit   0x800'2808          --   Gb  - Linker created -
SHT$$PREINIT_ARRAY$$Base
                         0x800'2800          --   Gb  - Linker created -
SHT$$PREINIT_ARRAY$$Limit
                         0x800'2800          --   Gb  - Linker created -
SystemCoreClock         0x2000'0000    0x4  Data  Gb  main.o [1]
Thunk for (offset -4) DataRepository::UpdateValue(float)
                         0x800'1d69    0x2  Code  Gb  DataRepository.o [4]
Usart::Usart()           0x800'1ed1   0x12  Code  Gb  Usart.o [7]
Virtual function table for AdcDmaDataProvider
                         0x800'2750    0xc  Data  Wk  AdcDmaDataProvider.o [3]
Virtual function table for DataRepository
                         0x800'25e8   0x28  Data  Wk  DataRepository.o [4]
Virtual function table for DigitalFilter<float, [local to main_cpp]::dt, [local to main_cpp]::rc>
                         0x800'2774    0xc  Data  Lc  main.o [1]
Virtual function table for LedCalculator
                         0x800'275c    0xc  Data  Wk  LedCalculator.o [6]
Virtual function table for LedController
                         0x800'2768    0xc  Data  Wk  LedController.o [6]
Virtual function table for MeasurementTask
                         0x800'278c    0xc  Data  Wk  MeasurementTask.o [10]
Virtual function table for Usart
                         0x800'2798    0xc  Data  Wk  Usart.o [7]
Virtual function table for Voltage<[local to main_cpp]::maxAdcCounts, [local to main_cpp]::minAdcCounts, [local to main_cpp]::maxVoltage, [local to main_cpp]::minVoltage>
                         0x800'2780    0xc  Data  Lc  main.o [1]
Voltage<[local to main_cpp]::maxAdcCounts, [local to main_cpp]::minAdcCounts, [local to main_cpp]::maxVoltage, [local to main_cpp]::minVoltage>::CalculateGain()
                         0x800'1bf1    0x6  Code  Lc  main.o [1]
Voltage<[local to main_cpp]::maxAdcCounts, [local to main_cpp]::minAdcCounts, [local to main_cpp]::maxVoltage, [local to main_cpp]::minVoltage>::CalculateOffset()
                         0x800'1bf9   0x1c  Code  Lc  main.o [1]
Voltage<[local to main_cpp]::maxAdcCounts, [local to main_cpp]::minAdcCounts, [local to main_cpp]::maxVoltage, [local to main_cpp]::minVoltage>::Measure()
                         0x800'1bbd   0x34  Code  Lc  main.o [1]
Voltage<[local to main_cpp]::maxAdcCounts, [local to main_cpp]::minAdcCounts, [local to main_cpp]::maxVoltage, [local to main_cpp]::minVoltage>::Voltage(IRawDataProvider &)
                         0x800'1ba7   0x16  Code  Lc  main.o [1]
__aeabi_ldiv0            0x800'1ad9         Code  Gb  I64DivZer.o [15]
__aeabi_ldivmod          0x800'1865         Code  Gb  I64DivMod.o [15]
__aeabi_memcpy           0x800'17bd         Code  Gb  ABImemcpy.o [15]
__aeabi_memcpy4          0x800'17dd         Code  Gb  ABImemcpy.o [15]
__aeabi_memcpy8          0x800'17dd         Code  Gb  ABImemcpy.o [15]
__aeabi_uldivmod         0x800'18a9         Code  Gb  I64DivMod.o [15]
__call_ctors             0x800'26a5   0x18  Code  Gb  cppinit.o [11]
__cmain                  0x800'26bd         Code  Gb  cmain.o [15]
__exit                   0x800'26ed   0x14  Code  Gb  exit.o [16]
__iar_ceil32             0x800'2321         Code  Gb  ceilf.o [14]
__iar_copy_init3         0x800'0af3   0x2a  Code  Gb  copy_init3.o [15]
__iar_cstart_call_ctors
                         0x800'2685   0x20  Code  Gb  cmain_call_ctors.o [15]
__iar_data_init3         0x800'2611   0x28  Code  Gb  data_init.o [15]
__iar_debug_exceptions   0x800'1ada    0x1  Data  Gb  unwind_debug.o [16]
__iar_exp32              0x800'1fc5         Code  Gb  expf.o [14]
__iar_expf_OutBnd        0x800'1ff5         Code  Gb  expf.o [14]
__iar_expf_cTab          0x800'256c         Data  Gb  xexpf.o [14]
__iar_init_vfp           0x800'2639         Code  Gb  fpinit_M.o [14]
__iar_program_start      0x800'271f   0x10  Code  Gb  startupF411RE.o [1]
__iar_tls$$INIT_ARRAY$$Base
                         0x800'2808          --   Gb  - Linker created -
__iar_tls$$INIT_ARRAY$$Limit
                         0x800'2808          --   Gb  - Linker created -
__iar_vfp___iar_ceil32   0x800'2311         Code  Gb  ceilf.o [14]
__iar_vfp_ceilf          0x800'2311         Code  Gb  ceilf.o [14]
__iar_xexp2f             0x800'23e9         Code  Gb  xexpf.o [14]
__iar_xexpf              0x800'23dd         Code  Gb  xexpf.o [14]
__iar_xsinhf             0x800'23ed         Code  Gb  xexpf.o [14]
__iar_zero_init3         0x800'25b1   0x38  Code  Gb  zero_init3.o [15]
__low_level_init         0x800'1c15   0x3e  Code  Gb  main.o [1]
__sti__routine           0x800'1add   0x66  Code  Lc  main.o [1]
__sti__routine           0x800'2741    0xa  Code  Lc  ios.o [12]
__vector_table           0x800'0000  0x198  Data  Gb  startupF411RE.o [1]
_call_main               0x800'26c9         Code  Gb  cmain.o [15]
_exit                    0x800'26e1         Code  Gb  cexit.o [15]
adc                     0x2000'1160    0x8  Data  Gb  main.o [1]
bool FieldValueBase<RCC_CFGR_SWS_Values<RCC::CFGR, (unsigned int)2, (unsigned int)2, ReadMode, RCC::RCCCFGRBase>, RCC::RCCCFGRBase, (unsigned int)1>::IsSet<ReadMode, void>()
                         0x800'206d   0x1c  Code  Wk  main.o [1]
bool FieldValueBase<RCC_CR_HSERDY_Values<RCC::CR, (unsigned int)17, (unsigned int)1, ReadMode, RCC::RCCCRBase>, RCC::RCCCRBase, (unsigned int)0>::IsSet<ReadMode, void>()
                         0x800'2041   0x18  Code  Wk  main.o [1]
ceilf                    0x800'2321         Code  Gb  ceilf.o [14]
digitalFilter           0x2000'1148    0xc  Data  Gb  main.o [1]
exit                     0x800'26db    0x4  Code  Gb  exit.o [11]
expf                     0x800'1fc5         Code  Gb  expf.o [14]
filteredVoltage         0x2000'1124   0x10  Data  Gb  main.o [1]
ledCalculator           0x2000'1154    0xc  Data  Gb  main.o [1]
ledController           0x2000'1170    0x4  Data  Gb  main.o [1]
main                     0x800'1c53   0x22  Code  Gb  main.o [1]
maxVoltage               0x800'27bc    0x4  Data  Lc  main.o [1]
measurementTask         0x2000'000c  0x874  Data  Gb  main.o [1]
pcInterruptPriorityRegisters
                         0x800'2808    0x4  Data  Lc  port.o [9]
prvAddCurrentTaskToDelayedList
                         0x800'0971   0x82  Code  Lc  tasks.o [8]
prvAddNewTaskToReadyList
                         0x800'0297   0x9a  Code  Lc  tasks.o [8]
prvCheckForValidListAndQueue
                         0x800'0fed   0x4c  Code  Lc  timers.o [8]
prvCheckForValidListAndQueue{1}{2}{3}{4}::ucStaticTimerQueueStorage
                        0x2000'0e80   0xa0  Data  Lc  timers.o [8]
prvCheckForValidListAndQueue{1}{2}{3}{4}::xStaticTimerQueue
                        0x2000'1024   0x48  Data  Lc  timers.o [8]
prvCheckTasksWaitingTermination
                         0x800'07b9    0x2  Code  Lc  tasks.o [8]
prvCopyDataFromQueue     0x800'1663   0x36  Code  Lc  queue.o [8]
prvCopyDataToQueue       0x800'15c7   0x9c  Code  Lc  queue.o [8]
prvGetNextExpireTime     0x800'0e19   0x28  Code  Lc  timers.o [8]
prvIdleTask              0x800'0761    0xa  Code  Lc  tasks.o [8]
prvInitialiseNewQueue    0x800'1201   0x32  Code  Lc  queue.o [8]
prvInitialiseNewTask     0x800'01e9   0xae  Code  Lc  tasks.o [8]
prvInitialiseTaskLists   0x800'076b   0x4e  Code  Lc  tasks.o [8]
prvInsertTimerInActiveList
                         0x800'0e67   0x50  Code  Lc  timers.o [8]
prvIsQueueEmpty          0x800'1707   0x1c  Code  Lc  queue.o [8]
prvIsQueueFull           0x800'1723   0x1e  Code  Lc  queue.o [8]
prvProcessExpiredTimer   0x800'0d47   0x48  Code  Lc  timers.o [8]
prvProcessReceivedCommands
                         0x800'0eb7   0xbe  Code  Lc  timers.o [8]
prvProcessTimerOrBlockTask
                         0x800'0dab   0x6e  Code  Lc  timers.o [8]
prvResetNextTaskUnblockTime
                         0x800'07bb   0x2a  Code  Lc  tasks.o [8]
prvSampleTimeNow         0x800'0e41   0x26  Code  Lc  timers.o [8]
prvSampleTimeNow::xLastTime
                        0x2000'11c4    0x4  Data  Lc  timers.o [8]
prvSwitchTimerLists      0x800'0f75   0x78  Code  Lc  timers.o [8]
prvTaskExitError         0x800'0b45   0x10  Code  Lc  port.o [9]
prvTimerTask             0x800'0d91   0x1a  Code  Lc  timers.o [8]
prvUnlockQueue           0x800'1699   0x6e  Code  Lc  queue.o [8]
pvTaskIncrementMutexHeldCount
                         0x800'091f   0x16  Code  Gb  tasks.o [8]
pxCurrentTCB            0x2000'117c    0x4  Data  Gb  tasks.o [8]
pxCurrentTimerList      0x2000'11b4    0x4  Data  Lc  timers.o [8]
pxDelayedTaskList       0x2000'1180    0x4  Data  Lc  tasks.o [8]
pxOverflowDelayedTaskList
                        0x2000'1184    0x4  Data  Lc  tasks.o [8]
pxOverflowTimerList     0x2000'11b8    0x4  Data  Lc  timers.o [8]
pxPortInitialiseStack    0x800'0b1d   0x28  Code  Gb  port.o [9]
pxReadyTasksLists       0x2000'0f20   0x64  Data  Lc  tasks.o [8]
std::_Fpz               0x2000'1138   0x10  Data  Gb  ios.o [12]
std::array<unsigned int, (unsigned int)512>::data()
                         0x800'24bd    0x2  Code  Wk  main.o [1]
std::chrono::duration<long long, std::ratio<(long long)1, (long long)1000>>::count() const
                         0x800'2557    0x6  Code  Wk  MeasurementTask.o [10]
std::chrono::duration<unsigned int, std::ratio<(long long)10, (long long)1000>>::count() const
                         0x800'253b    0x4  Code  Wk  MeasurementTask.o [10]
std::chrono::duration<unsigned int, std::ratio<(long long)10, (long long)1000>>::duration<unsigned int, void>(unsigned int const &)
                         0x800'255d    0x6  Code  Wk  MeasurementTask.o [10]
std::enable_if<std::chrono::_Is_duration<std::chrono::duration<unsigned int, std::ratio<(long long)10, (long long)1000>>>::value, std::chrono::duration<unsigned int, std::ratio<(long long)10, (long long)1000>>>::type std::chrono::duration_cast<std::chrono::duration<unsigned int, std::ratio<(long long)10, (long long)1000>>, long long, std::ratio<(long long)1, (long long)1000>>(std::chrono::duration<long long, std::ratio<(long long)1, (long long)1000>> const &)
                         0x800'251b   0x20  Code  Wk  MeasurementTask.o [10]
ucMaxSysCallPriority    0x2000'11c8    0x1  Data  Lc  port.o [9]
ulMaxPRIGROUPValue      0x2000'1178    0x4  Data  Lc  port.o [9]
unsigned int RegisterBase<(unsigned int)1073872916, (unsigned int)32, ReadWriteMode>::Get<ReadWriteMode, void>()
                         0x800'2391    0xc  Code  Wk  LedController.o [6]
unsigned int RegisterBase<(unsigned int)1073874964, (unsigned int)32, ReadWriteMode>::Get<ReadWriteMode, void>()
                         0x800'2369    0xc  Code  Wk  LedController.o [6]
usart                   0x2000'1174    0x4  Data  Gb  main.o [1]
uxCriticalNesting       0x2000'0004    0x4  Data  Lc  port.o [9]
uxCurrentNumberOfTasks  0x2000'1188    0x4  Data  Lc  tasks.o [8]
uxListRemove             0x800'0acb   0x28  Code  Gb  list.o [8]
uxPendedTicks           0x2000'1198    0x4  Data  Lc  tasks.o [8]
uxSchedulerSuspended    0x2000'11b0    0x4  Data  Lc  tasks.o [8]
uxTaskNumber            0x2000'11a4    0x4  Data  Lc  tasks.o [8]
uxTopReadyPriority      0x2000'1190    0x4  Data  Lc  tasks.o [8]
vApplicationGetIdleTaskMemory
                         0x800'09f3    0xe  Code  Gb  tasks.o [8]
vApplicationGetIdleTaskMemory::uxIdleTaskStack
                        0x2000'0c80  0x200  Data  Lc  tasks.o [8]
vApplicationGetIdleTaskMemory::xIdleTaskTCB
                        0x2000'0f84   0x50  Data  Lc  tasks.o [8]
vApplicationGetTimerTaskMemory
                         0x800'0a01   0x10  Code  Gb  tasks.o [8]
vApplicationGetTimerTaskMemory::uxTimerTaskStack
                        0x2000'0880  0x400  Data  Lc  tasks.o [8]
vApplicationGetTimerTaskMemory::xTimerTaskTCB
                        0x2000'0fd4   0x50  Data  Lc  tasks.o [8]
vListInitialise          0x800'0a59   0x1e  Code  Gb  list.o [8]
vListInitialiseItem      0x800'0a77    0x6  Code  Gb  list.o [8]
vListInsert              0x800'0a95   0x36  Code  Gb  list.o [8]
vListInsertEnd           0x800'0a7d   0x18  Code  Gb  list.o [8]
vPortEnableVFP           0x800'1119         Code  Gb  portasm.o [9]
vPortEnterCritical       0x800'0bdd   0x22  Code  Gb  port.o [9]
vPortExitCritical        0x800'0bff   0x16  Code  Gb  port.o [9]
vPortSVCHandler          0x800'10e5         Code  Gb  portasm.o [9]
vPortSetupTimerInterrupt
                         0x800'1069   0x24  Code  Wk  port.o [9]
vPortStartFirstTask      0x800'1101         Code  Gb  portasm.o [9]
vPortValidateInterruptPriority
                         0x800'0c41   0x16  Code  Gb  port.o [9]
vQueueAddToRegistry      0x800'1741   0x26  Code  Gb  queue.o [8]
vQueueWaitForMessageRestricted
                         0x800'1771   0x4c  Code  Gb  queue.o [8]
vTaskDelay               0x800'0331   0x3a  Code  Gb  tasks.o [8]
vTaskMissedYield         0x800'0757    0xa  Code  Gb  tasks.o [8]
vTaskPlaceOnEventList    0x800'062f   0x20  Code  Gb  tasks.o [8]
vTaskPlaceOnEventListRestricted
                         0x800'064f   0x2c  Code  Gb  tasks.o [8]
vTaskPriorityInherit     0x800'0803   0x9a  Code  Gb  tasks.o [8]
vTaskSetTimeOutState     0x800'06eb   0x12  Code  Gb  tasks.o [8]
vTaskStartScheduler      0x800'036b   0x84  Code  Gb  tasks.o [8]
vTaskSuspendAll          0x800'03ef    0xc  Code  Gb  tasks.o [8]
vTaskSwitchContext       0x800'05d7   0x58  Code  Gb  tasks.o [8]
void FieldValueBase<ADC1_CR1_RES_Values<ADC1::CR1, (unsigned int)24, (unsigned int)2, ReadWriteMode, ADC1::ADC1CR1Base>, ADC1::ADC1CR1Base, (unsigned int)0>::Set<ReadWriteMode, void>()
                         0x800'2265   0x10  Code  Wk  AdcDmaDataProvider.o [3]
void FieldValueBase<ADC1_CR1_SCAN_Values<ADC1::CR1, (unsigned int)8, (unsigned int)1, ReadWriteMode, ADC1::ADC1CR1Base>, ADC1::ADC1CR1Base, (unsigned int)1>::Set<ReadWriteMode, void>()
                         0x800'2275   0x14  Code  Wk  AdcDmaDataProvider.o [3]
void FieldValueBase<ADC1_CR2_ADON_Values<ADC1::CR2, (unsigned int)0, (unsigned int)1, ReadWriteMode, ADC1::ADC1CR2Base>, ADC1::ADC1CR2Base, (unsigned int)1>::Set<ReadWriteMode, void>()
                         0x800'22c5   0x14  Code  Wk  AdcDmaDataProvider.o [3]
void FieldValueBase<ADC1_CR2_CONT_Values<ADC1::CR2, (unsigned int)1, (unsigned int)1, ReadWriteMode, ADC1::ADC1CR2Base>, ADC1::ADC1CR2Base, (unsigned int)1>::Set<ReadWriteMode, void>()
                         0x800'2289   0x14  Code  Wk  AdcDmaDataProvider.o [3]
void FieldValueBase<ADC1_CR2_DDS_Values<ADC1::CR2, (unsigned int)9, (unsigned int)1, ReadWriteMode, ADC1::ADC1CR2Base>, ADC1::ADC1CR2Base, (unsigned int)1>::Set<ReadWriteMode, void>()
                         0x800'22b1   0x14  Code  Wk  AdcDmaDataProvider.o [3]
void FieldValueBase<ADC1_CR2_DMA_Values<ADC1::CR2, (unsigned int)8, (unsigned int)1, ReadWriteMode, ADC1::ADC1CR2Base>, ADC1::ADC1CR2Base, (unsigned int)1>::Set<ReadWriteMode, void>()
                         0x800'229d   0x14  Code  Wk  AdcDmaDataProvider.o [3]
void FieldValueBase<ADC1_CR2_SWSTART_Values<ADC1::CR2, (unsigned int)30, (unsigned int)1, ReadWriteMode, ADC1::ADC1CR2Base>, ADC1::ADC1CR2Base, (unsigned int)1>::Set<ReadWriteMode, void>()
                         0x800'22d9   0x14  Code  Wk  AdcDmaDataProvider.o [3]
void FieldValueBase<DMA2_S0CR_CHSEL_Values<DMA2::S0CR, (unsigned int)25, (unsigned int)3, ReadWriteMode, DMA2::DMA2S0CRBase>, DMA2::DMA2S0CRBase, (unsigned int)0>::Set<ReadWriteMode, void>()
                         0x800'21a1   0x10  Code  Wk  AdcDmaDataProvider.o [3]
void FieldValueBase<DMA2_S0CR_CIRC_Values<DMA2::S0CR, (unsigned int)8, (unsigned int)1, ReadWriteMode, DMA2::DMA2S0CRBase>, DMA2::DMA2S0CRBase, (unsigned int)1>::Set<ReadWriteMode, void>()
                         0x800'21f9   0x14  Code  Wk  AdcDmaDataProvider.o [3]
void FieldValueBase<DMA2_S0CR_CT_Values<DMA2::S0CR, (unsigned int)19, (unsigned int)1, ReadWriteMode, DMA2::DMA2S0CRBase>, DMA2::DMA2S0CRBase, (unsigned int)0>::Set<ReadWriteMode, void>()
                         0x800'21b1   0x10  Code  Wk  AdcDmaDataProvider.o [3]
void FieldValueBase<DMA2_S0CR_DBM_Values<DMA2::S0CR, (unsigned int)18, (unsigned int)1, ReadWriteMode, DMA2::DMA2S0CRBase>, DMA2::DMA2S0CRBase, (unsigned int)0>::Set<ReadWriteMode, void>()
                         0x800'21c1   0x10  Code  Wk  AdcDmaDataProvider.o [3]
void FieldValueBase<DMA2_S0CR_DIR_Values<DMA2::S0CR, (unsigned int)6, (unsigned int)2, ReadWriteMode, DMA2::DMA2S0CRBase>, DMA2::DMA2S0CRBase, (unsigned int)0>::Set<ReadWriteMode, void>()
                         0x800'220d   0x10  Code  Wk  AdcDmaDataProvider.o [3]
void FieldValueBase<DMA2_S0CR_EN_Values<DMA2::S0CR, (unsigned int)0, (unsigned int)1, ReadWriteMode, DMA2::DMA2S0CRBase>, DMA2::DMA2S0CRBase, (unsigned int)0>::Set<ReadWriteMode, void>()
                         0x800'2191   0x10  Code  Wk  AdcDmaDataProvider.o [3]
void FieldValueBase<DMA2_S0CR_EN_Values<DMA2::S0CR, (unsigned int)0, (unsigned int)1, ReadWriteMode, DMA2::DMA2S0CRBase>, DMA2::DMA2S0CRBase, (unsigned int)1>::Set<ReadWriteMode, void>()
                         0x800'2251   0x14  Code  Wk  AdcDmaDataProvider.o [3]
void FieldValueBase<DMA2_S0CR_MSIZE_Values<DMA2::S0CR, (unsigned int)13, (unsigned int)2, ReadWriteMode, DMA2::DMA2S0CRBase>, DMA2::DMA2S0CRBase, (unsigned int)2>::Set<ReadWriteMode, void>()
                         0x800'21d1   0x14  Code  Wk  AdcDmaDataProvider.o [3]
void FieldValueBase<DMA2_S0CR_PFCTRL_Values<DMA2::S0CR, (unsigned int)5, (unsigned int)1, ReadWriteMode, DMA2::DMA2S0CRBase>, DMA2::DMA2S0CRBase, (unsigned int)0>::Set<ReadWriteMode, void>()
                         0x800'221d   0x10  Code  Wk  AdcDmaDataProvider.o [3]
void FieldValueBase<DMA2_S0CR_PSIZE_Values<DMA2::S0CR, (unsigned int)11, (unsigned int)2, ReadWriteMode, DMA2::DMA2S0CRBase>, DMA2::DMA2S0CRBase, (unsigned int)2>::Set<ReadWriteMode, void>()
                         0x800'21e5   0x14  Code  Wk  AdcDmaDataProvider.o [3]
void FieldValueBase<GPIOA_MODER_MODER15_Values<GPIOA::MODER, (unsigned int)0, (unsigned int)2, ReadWriteMode, GPIOA::GPIOAMODERBase>, GPIOA::GPIOAMODERBase, (unsigned int)3>::Set<ReadWriteMode, void>()
                         0x800'20e1   0x14  Code  Wk  main.o [1]
void FieldValueBase<GPIOA_MODER_MODER15_Values<GPIOA::MODER, (unsigned int)10, (unsigned int)2, ReadWriteMode, GPIOA::GPIOAMODERBase>, GPIOA::GPIOAMODERBase, (unsigned int)1>::Set<ReadWriteMode, void>()
                         0x800'20b1   0x14  Code  Wk  main.o [1]
void FieldValueBase<RCC_AHB1ENR_DMA2EN_Values<RCC::AHB1ENR, (unsigned int)22, (unsigned int)1, ReadWriteMode, RCC::RCCAHB1ENRBase>, RCC::RCCAHB1ENRBase, (unsigned int)1>::Set<ReadWriteMode, void>()
                         0x800'2109   0x14  Code  Wk  main.o [1]
void FieldValueBase<RCC_AHB1ENR_DMA2EN_Values<RCC::APB1ENR, (unsigned int)17, (unsigned int)1, ReadWriteMode, RCC::RCCAPB1ENRBase>, RCC::RCCAPB1ENRBase, (unsigned int)1>::Set<ReadWriteMode, void>()
                         0x800'211d   0x14  Code  Wk  main.o [1]
void FieldValueBase<RCC_AHB1ENR_DMA2EN_Values<RCC::APB2ENR, (unsigned int)14, (unsigned int)1, ReadWriteMode, RCC::RCCAPB2ENRBase>, RCC::RCCAPB2ENRBase, (unsigned int)1>::Set<ReadWriteMode, void>()
                         0x800'209d   0x14  Code  Wk  main.o [1]
void FieldValueBase<RCC_AHB1ENR_DMA2EN_Values<RCC::APB2ENR, (unsigned int)8, (unsigned int)1, ReadWriteMode, RCC::RCCAPB2ENRBase>, RCC::RCCAPB2ENRBase, (unsigned int)1>::Set<ReadWriteMode, void>()
                         0x800'20f5   0x14  Code  Wk  main.o [1]
void FieldValueBase<RCC_CFGR_SW_Values<RCC::CFGR, (unsigned int)0, (unsigned int)2, ReadWriteMode, RCC::RCCCFGRBase>, RCC::RCCCFGRBase, (unsigned int)1>::Set<ReadWriteMode, void>()
                         0x800'2059   0x14  Code  Wk  main.o [1]
void FieldValueBase<RCC_CR_HSEON_Values<RCC::CR, (unsigned int)16, (unsigned int)1, ReadWriteMode, RCC::RCCCRBase>, RCC::RCCCRBase, (unsigned int)1>::Set<ReadWriteMode, void>()
                         0x800'202d   0x14  Code  Wk  main.o [1]
void FieldValueBase<USART2_CR1_TE_Values<USART2::CR1, (unsigned int)3, (unsigned int)1, ReadWriteMode, USART2::USART2CR1Base>, USART2::USART2CR1Base, (unsigned int)1>::Set<ReadWriteMode, void>()
                         0x800'2145   0x14  Code  Wk  main.o [1]
void FieldValueBase<USART2_CR1_UE_Values<USART2::CR1, (unsigned int)13, (unsigned int)1, ReadWriteMode, USART2::USART2CR1Base>, USART2::USART2CR1Base, (unsigned int)1>::Set<ReadWriteMode, void>()
                         0x800'2131   0x14  Code  Wk  main.o [1]
void OsWrapper::Rtos::CreateThread<MeasurementTask>(MeasurementTask &, char const *, OsWrapper::ThreadPriority)
                         0x800'2159   0x24  Code  Wk  main.o [1]
void OsWrapper::RtosWrapper::wCreateThread<OsWrapper::Rtos, MeasurementTask>(MeasurementTask &, char const *, OsWrapper::ThreadPriority, unsigned short, unsigned int *)
                         0x800'24c1   0x38  Code  Wk  main.o [1]
void Register<(unsigned int)1073874944, (unsigned int)32, ReadWriteMode, GPIOC::GPIOCMODERBase, FieldValue<GPIOC_MODER_MODER15_Values<GPIOC::MODER, (unsigned int)10, (unsigned int)2, ReadWriteMode, GPIOC::GPIOCMODERBase>, GPIOC::GPIOCMODERBase, (unsigned int)1, void>, FieldValue<GPIOC_MODER_MODER15_Values<GPIOC::MODER, (unsigned int)16, (unsigned int)2, ReadWriteMode, GPIOC::GPIOCMODERBase>, GPIOC::GPIOCMODERBase, (unsigned int)1, void>, FieldValue<GPIOC_MODER_MODER15_Values<GPIOC::MODER, (unsigned int)18, (unsigned int)2, ReadWriteMode, GPIOC::GPIOCMODERBase>, GPIOC::GPIOCMODERBase, (unsigned int)1, void>>::Set<ReadWriteMode, void>()
                         0x800'20c5   0x1c  Code  Wk  main.o [1]
void Register<(unsigned int)1073887280, (unsigned int)32, ReadWriteMode, RCC::RCCAHB1ENRBase, FieldValue<RCC_AHB1ENR_GPIOCEN_Values<RCC::AHB1ENR, (unsigned int)2, (unsigned int)1, ReadWriteMode, RCC::RCCAHB1ENRBase>, RCC::RCCAHB1ENRBase, (unsigned int)1, void>, FieldValue<RCC_AHB1ENR_GPIOAEN_Values<RCC::AHB1ENR, (unsigned int)0, (unsigned int)1, ReadWriteMode, RCC::RCCAHB1ENRBase>, RCC::RCCAHB1ENRBase, (unsigned int)1, void>>::Set<ReadWriteMode, void>()
                         0x800'2089   0x14  Code  Wk  main.o [1]
void RegisterBase<(unsigned int)1073872916, (unsigned int)32, ReadWriteMode>::Set<ReadWriteMode, void>(unsigned int)
                         0x800'2359   0x10  Code  Wk  LedController.o [6]
void RegisterBase<(unsigned int)1073872916, (unsigned int)32, ReadWriteMode>::Write<ReadWriteMode, void>(unsigned int)
                         0x800'239d    0xc  Code  Wk  LedController.o [6]
void RegisterBase<(unsigned int)1073874964, (unsigned int)32, ReadWriteMode>::Set<ReadWriteMode, void>(unsigned int)
                         0x800'2381   0x10  Code  Wk  LedController.o [6]
void RegisterBase<(unsigned int)1073874964, (unsigned int)32, ReadWriteMode>::Write<ReadWriteMode, void>(unsigned int)
                         0x800'2375    0xc  Code  Wk  LedController.o [6]
void RegisterBase<(unsigned int)1073898516, (unsigned int)32, ReadWriteMode>::Write<ReadWriteMode, void>(unsigned int)
                         0x800'2245    0xc  Code  Wk  AdcDmaDataProvider.o [3]
void RegisterBase<(unsigned int)1073898520, (unsigned int)32, ReadWriteMode>::Write<ReadWriteMode, void>(unsigned int)
                         0x800'222d    0xc  Code  Wk  AdcDmaDataProvider.o [3]
void RegisterBase<(unsigned int)1073898524, (unsigned int)32, ReadWriteMode>::Write<ReadWriteMode, void>(unsigned int)
                         0x800'2239    0xc  Code  Wk  AdcDmaDataProvider.o [3]
voltage                 0x2000'1168    0x8  Data  Gb  main.o [1]
xActiveTimerList1       0x2000'10fc   0x14  Data  Lc  timers.o [8]
xActiveTimerList2       0x2000'1110   0x14  Data  Lc  timers.o [8]
xDelayedTaskList1       0x2000'10ac   0x14  Data  Lc  tasks.o [8]
xDelayedTaskList2       0x2000'10c0   0x14  Data  Lc  tasks.o [8]
xIdleTaskHandle         0x2000'11ac    0x4  Data  Lc  tasks.o [8]
xNextTaskUnblockTime    0x2000'11a8    0x4  Data  Lc  tasks.o [8]
xNumOfOverflows         0x2000'11a0    0x4  Data  Lc  tasks.o [8]
xPendingReadyList       0x2000'10d4   0x14  Data  Lc  tasks.o [8]
xPortPendSVHandler       0x800'108d         Code  Gb  portasm.o [9]
xPortStartScheduler      0x800'0b55   0x88  Code  Gb  port.o [9]
xPortSysTickHandler      0x800'0c15   0x28  Code  Gb  port.o [9]
xQueueGenericCreateStatic
                         0x800'11b5   0x4c  Code  Gb  queue.o [8]
xQueueGenericReceive     0x800'1433  0x194  Code  Gb  queue.o [8]
xQueueGenericReset       0x800'1135   0x80  Code  Gb  queue.o [8]
xQueueGenericSend        0x800'1233  0x15a  Code  Gb  queue.o [8]
xQueueGenericSendFromISR
                         0x800'138d   0xa6  Code  Gb  queue.o [8]
xQueueRegistry          0x2000'106c   0x40  Data  Gb  queue.o [8]
xSchedulerRunning       0x2000'1194    0x4  Data  Lc  tasks.o [8]
xSuspendedTaskList      0x2000'10e8   0x14  Data  Lc  tasks.o [8]
xTaskCheckForTimeOut     0x800'06fd   0x5a  Code  Gb  tasks.o [8]
xTaskCreateStatic        0x800'0199   0x50  Code  Gb  tasks.o [8]
xTaskGetSchedulerState   0x800'07e5   0x1e  Code  Gb  tasks.o [8]
xTaskGetTickCount        0x800'04cf    0x8  Code  Gb  tasks.o [8]
xTaskIncrementTick       0x800'04d7  0x100  Code  Gb  tasks.o [8]
xTaskPriorityDisinherit
                         0x800'089d   0x82  Code  Gb  tasks.o [8]
xTaskRemoveFromEventList
                         0x800'067b   0x70  Code  Gb  tasks.o [8]
xTaskResumeAll           0x800'03fb   0xd4  Code  Gb  tasks.o [8]
xTickCount              0x2000'118c    0x4  Data  Lc  tasks.o [8]
xTimerCreateTimerTask    0x800'0c81   0x58  Code  Gb  timers.o [8]
xTimerGenericCommand     0x800'0cd9   0x6e  Code  Gb  timers.o [8]
xTimerQueue             0x2000'11bc    0x4  Data  Lc  timers.o [8]
xTimerTaskHandle        0x2000'11c0    0x4  Data  Lc  timers.o [8]
xYieldPending           0x2000'119c    0x4  Data  Lc  tasks.o [8]


[1] = D:\Documents\Other\Homework\Kolodiy\CoursePaper\source\RtosWrapper\Debug\Obj
[2] = D:\Documents\Other\Homework\Kolodiy\CoursePaper\source\RtosWrapper\Debug\Obj\AHardware\IrqController
[3] = D:\Documents\Other\Homework\Kolodiy\CoursePaper\source\RtosWrapper\Debug\Obj\Application\AdcDmaDataProvider
[4] = D:\Documents\Other\Homework\Kolodiy\CoursePaper\source\RtosWrapper\Debug\Obj\Application\DataRepository
[5] = D:\Documents\Other\Homework\Kolodiy\CoursePaper\source\RtosWrapper\Debug\Obj\Application\Formatter
[6] = D:\Documents\Other\Homework\Kolodiy\CoursePaper\source\RtosWrapper\Debug\Obj\Application\Leds
[7] = D:\Documents\Other\Homework\Kolodiy\CoursePaper\source\RtosWrapper\Debug\Obj\Application\Usart
[8] = D:\Documents\Other\Homework\Kolodiy\CoursePaper\source\RtosWrapper\Debug\Obj\Rtos\FreeRtos
[9] = D:\Documents\Other\Homework\Kolodiy\CoursePaper\source\RtosWrapper\Debug\Obj\Rtos\FreeRtos\portable\IAR\ARM_CM4F
[10] = D:\Documents\Other\Homework\Kolodiy\CoursePaper\source\RtosWrapper\Debug\Obj\Tasks
[11] = dl7M_tln.a
[12] = dlpp7M_tls_nc.a
[13] = dlpprt7M_tl_nc.a
[14] = m7M_tls.a
[15] = rt7M_tl.a
[16] = shb_l.a

   9'531 bytes of readonly  code memory
     721 bytes of readonly  data memory
  12'742 bytes of readwrite data memory

Errors: none
Warnings: none
