###############################################################################
#
# IAR ANSI C/C++ Compiler V9.30.1.335/W64 for ARM         01/May/2025  23:14:08
# Copyright 1999-2022 IAR Systems AB.
#
#    Cpu mode                     =  thumb
#    Endian                       =  little
#    Source file                  =
#        D:\Documents\Other\Homework\Kolodiy\CoursePaper\source\RtosWrapper\startupF411RE.cpp
#        [UTF-8]
#    Command line                 =
#        -f
#        D:\Documents\Other\Homework\Kolodiy\CoursePaper\source\RtosWrapper\Debug\Obj\startupF411RE.o.rsp
#        (D:\Documents\Other\Homework\Kolodiy\CoursePaper\source\RtosWrapper\startupF411RE.cpp
#        -lC
#        D:\Documents\Other\Homework\Kolodiy\CoursePaper\source\RtosWrapper\Debug\List\
#        -lA
#        D:\Documents\Other\Homework\Kolodiy\CoursePaper\source\RtosWrapper\Debug\List\
#        -o
#        D:\Documents\Other\Homework\Kolodiy\CoursePaper\source\RtosWrapper\Debug\Obj\
#        --no_cse --no_unroll --no_inline --no_code_motion --no_tbaa
#        --no_clustering --no_scheduling --debug --endian=little
#        --cpu=Cortex-M4 -e --fpu=VFPv4_sp --dlib_config
#        D:\Games\Programs\IAR\arm\inc\c\DLib_Config_Normal.h -I
#        D:\Documents\Other\Homework\Kolodiy\CoursePaper\source\RtosWrapper\Rtos\
#        -I
#        D:\Documents\Other\Homework\Kolodiy\CoursePaper\source\RtosWrapper\Rtos\wrapper\
#        -I
#        D:\Documents\Other\Homework\Kolodiy\CoursePaper\source\RtosWrapper\Rtos\wrapper\FreeRtos\
#        -I
#        D:\Documents\Other\Homework\Kolodiy\CoursePaper\source\RtosWrapper\Rtos\FreeRtos\
#        -I
#        D:\Documents\Other\Homework\Kolodiy\CoursePaper\source\RtosWrapper\Rtos\FreeRtos\include\
#        -I
#        D:\Documents\Other\Homework\Kolodiy\CoursePaper\source\RtosWrapper\Rtos\FreeRtos\portable\
#        -I
#        D:\Documents\Other\Homework\Kolodiy\CoursePaper\source\RtosWrapper\Rtos\FreeRtos\portable\Common\
#        -I
#        D:\Documents\Other\Homework\Kolodiy\CoursePaper\source\RtosWrapper\Rtos\FreeRtos\portable\IAR\
#        -I
#        D:\Documents\Other\Homework\Kolodiy\CoursePaper\source\RtosWrapper\Rtos\FreeRtos\portable\IAR\ARM_CM4F\
#        -I
#        D:\Documents\Other\Homework\Kolodiy\CoursePaper\source\RtosWrapper\Rtos\FreeRtos\portable\MemMang\
#        -I
#        D:\Documents\Other\Homework\Kolodiy\CoursePaper\source\RtosWrapper\MyTasks\
#        -I
#        D:\Documents\Other\Homework\Kolodiy\CoursePaper\source\RtosWrapper\Common\
#        -I
#        D:\Documents\Other\Homework\Kolodiy\CoursePaper\source\RtosWrapper\CMSIS\
#        -I
#        D:\Documents\Other\Homework\Kolodiy\CoursePaper\source\RtosWrapper\Application\
#        -I
#        D:\Documents\Other\Homework\Kolodiy\CoursePaper\source\RtosWrapper\Application\Diagnostic\
#        -I
#        D:\Documents\Other\Homework\Kolodiy\CoursePaper\source\RtosWrapper\AHardware\
#        -I
#        D:\Documents\Other\Homework\Kolodiy\CoursePaper\source\RtosWrapper\AHardware\GpioPort\
#        -I
#        D:\Documents\Other\Homework\Kolodiy\CoursePaper\source\RtosWrapper\AHardware\IrqController\
#        -I
#        D:\Documents\Other\Homework\Kolodiy\CoursePaper\source\RtosWrapper\..\CortexLib\AbstractHardware\Pin\
#        -I
#        D:\Documents\Other\Homework\Kolodiy\CoursePaper\source\RtosWrapper\..\CortexLib\AbstractHardware\Registers\STM32F411\FieldValues\
#        -I
#        D:\Documents\Other\Homework\Kolodiy\CoursePaper\source\RtosWrapper\..\CortexLib\AbstractHardware\Registers\STM32F411\
#        -I
#        D:\Documents\Other\Homework\Kolodiy\CoursePaper\source\RtosWrapper\..\CortexLib\AbstractHardware\Registers\
#        -I
#        D:\Documents\Other\Homework\Kolodiy\CoursePaper\source\RtosWrapper\..\CortexLib\AbstractHardware\Port\
#        -I
#        D:\Documents\Other\Homework\Kolodiy\CoursePaper\source\RtosWrapper\..\CortexLib\AbstractHardware\Atomic\
#        -I
#        D:\Documents\Other\Homework\Kolodiy\CoursePaper\source\RtosWrapper\..\CortexLib\Common\
#        -I
#        D:\Documents\Other\Homework\Kolodiy\CoursePaper\source\RtosWrapper\..\CortexLib\Common\Singleton\
#        -I
#        D:\Documents\Other\Homework\Kolodiy\CoursePaper\source\RtosWrapper\..\CortexLib\Common\RomObject\
#        -I
#        D:\Documents\Other\Homework\Kolodiy\CoursePaper\source\RtosWrapper\Application\AdcDmaDataProvider\
#        -I
#        D:\Documents\Other\Homework\Kolodiy\CoursePaper\source\RtosWrapper\Application\AdcDmaDataProvider\Contracts\
#        -I
#        D:\Documents\Other\Homework\Kolodiy\CoursePaper\source\RtosWrapper\Application\DataRepository\
#        -I
#        D:\Documents\Other\Homework\Kolodiy\CoursePaper\source\RtosWrapper\Application\DataRepository\Contracts\
#        -I
#        D:\Documents\Other\Homework\Kolodiy\CoursePaper\source\RtosWrapper\Application\DigitalFilter\
#        -I
#        D:\Documents\Other\Homework\Kolodiy\CoursePaper\source\RtosWrapper\Application\DigitalFilter\Contracts\
#        -I
#        D:\Documents\Other\Homework\Kolodiy\CoursePaper\source\RtosWrapper\Application\Formatter\
#        -I
#        D:\Documents\Other\Homework\Kolodiy\CoursePaper\source\RtosWrapper\Application\Formatter\Contracts\
#        -I
#        D:\Documents\Other\Homework\Kolodiy\CoursePaper\source\RtosWrapper\Application\Leds\
#        -I
#        D:\Documents\Other\Homework\Kolodiy\CoursePaper\source\RtosWrapper\Application\Leds\Contracts\
#        -I
#        D:\Documents\Other\Homework\Kolodiy\CoursePaper\source\RtosWrapper\Application\Usart\
#        -I
#        D:\Documents\Other\Homework\Kolodiy\CoursePaper\source\RtosWrapper\Application\Usart\Contracts\
#        -I
#        D:\Documents\Other\Homework\Kolodiy\CoursePaper\source\RtosWrapper\Application\Voltage\
#        -I
#        D:\Documents\Other\Homework\Kolodiy\CoursePaper\source\RtosWrapper\Application\Voltage\Contracts\
#        -I
#        D:\Documents\Other\Homework\Kolodiy\CoursePaper\source\RtosWrapper\Tasks\
#        -I
#        D:\Documents\Other\Homework\Kolodiy\CoursePaper\source\RtosWrapper\Tasks\Contracts\
#        -I
#        D:\Documents\Other\Homework\Kolodiy\CoursePaper\source\RtosWrapper\..\CortexLib\AbstractHardware\Registers\CortexM4\
#        -I
#        D:\Documents\Other\Homework\Kolodiy\CoursePaper\source\RtosWrapper\..\CortexLib\AbstractHardware\Registers\CortexM4\FieldValues\
#        -On --c++ --no_exceptions --no_rtti --source_encoding utf8 --text_out
#        utf8 --utf8_text_in) --dependencies=n
#        D:\Documents\Other\Homework\Kolodiy\CoursePaper\source\RtosWrapper\Debug\Obj\startupF411RE.o.d
#    Locale                       =  C
#    List file                    =
#        D:\Documents\Other\Homework\Kolodiy\CoursePaper\source\RtosWrapper\Debug\List\startupF411RE.lst
#    Object file                  =
#        D:\Documents\Other\Homework\Kolodiy\CoursePaper\source\RtosWrapper\Debug\Obj\startupF411RE.o
#    Runtime model:                  
#      __CPP_Exceptions           =  Disabled
#      __CPP_Language             =  C++14
#      __CPP_Library              =  DLib
#      __CPP_Runtime              =  1
#      __SystemLibrary            =  DLib
#      __dlib_file_descriptor     =  0
#      __dlib_full_locale_support =  0
#      __dlib_version             =  6
#
###############################################################################

D:\Documents\Other\Homework\Kolodiy\CoursePaper\source\RtosWrapper\startupF411RE.cpp
      1          /******************************************************************************
      2           *  FILENAME: startupF411RE.cpp
      3           *  
      4           * DESCRIPTION: Файл с векторами прерывания для Cortex-M. для С++.
      5           * Поскольку почему-то в Cortex-M все обработчики должны по имени точно 
      6           *  совпадать с имена в таблице векторов, а название метода из С++ класса 
      7           * совпасть с такой таблицей со стандратными стартап файлами никак не может
      8           * то вот приходиться такой же писать на С++. 
      9           * Внимание!!!!!! Имена классов точно должны совпадать с именами у вас в проекте
     10           * Можно изменить и сократить количество классов, если есть желание, например
     11           *
     12           * Copyright (c) 2018 by South Ural State University
     13           * Author: Сергей Колодий
     14           ******************************************************************************/
     15          
     16          #pragma language = extended
     17          #pragma segment = "CSTACK"
     18          #include "AHardware/IrqController/irqcontroller.hpp"
     19          #include "Rtos/wrapper/rtos.hpp"

   \                                 In section .text, align 2
   \   __vfp void OsWrapper::RtosWrapper::wHandleSvcInterrupt()
   \                     _ZN9OsWrapper11RtosWrapper19wHandleSvcInterruptEv: (+1)
   \        0x0   0xB580             PUSH     {R7,LR}
   \        0x2   0x.... 0x....      BL       vPortSVCHandler
   \        0x6   0xBD01             POP      {R0,PC}

   \                                 In section .text, align 2
   \   __vfp void OsWrapper::RtosWrapper::wHandleSysTickInterrupt()
   \                     _ZN9OsWrapper11RtosWrapper23wHandleSysTickInterruptEv: (+1)
   \        0x0   0xB580             PUSH     {R7,LR}
   \        0x2   0x.... 0x....      BL       xPortSysTickHandler
   \        0x6   0xBD01             POP      {R0,PC}

   \                                 In section .text, align 2
   \   __vfp void OsWrapper::Rtos::HandleSvcInterrupt()
   \                     _ZN9OsWrapper4Rtos18HandleSvcInterruptEv: (+1)
   \        0x0   0xB580             PUSH     {R7,LR}
   \        0x2   0x.... 0x....      BL       _ZN9OsWrapper11RtosWrapper19wHandleSvcInterruptEv
   \        0x6   0xBD01             POP      {R0,PC}

   \                                 In section .text, align 2
   \   __vfp void OsWrapper::Rtos::HandleSysTickInterrupt()
   \                     _ZN9OsWrapper4Rtos22HandleSysTickInterruptEv: (+1)
   \        0x0   0xB580             PUSH     {R7,LR}
   \        0x2   0x.... 0x....      BL       _ZN9OsWrapper11RtosWrapper23wHandleSysTickInterruptEv
   \        0x6   0xBD01             POP      {R0,PC}
     20          #include "Usart.hpp" // for Usart
     21          
     22          extern "C" void __iar_program_start( void );
     23          extern "C" void xPortPendSVHandler(void);
     24          

   \                                 In section .text, align 2, keep-with-next
     25          extern "C" void UsartInterruptHandler(void)
     26          {
   \                     UsartInterruptHandler: (+1)
   \        0x0   0xB580             PUSH     {R7,LR}
     27            Usart::Instance().HandleInterrupt();
   \        0x2   0x.... 0x....      BL       _ZN5Usart8InstanceEv
   \        0x6   0x.... 0x....      BL       _ZN5Usart15HandleInterruptEv
     28          }
   \        0xA   0xBD01             POP      {R0,PC}
     29          
     30          class DummyModule
     31          {
     32            public:
     33              static void handler();
     34          };
     35          
     36          using tIntFunct = void(*)();
     37          //cstat !MISRAC++2008-9-5-1
     38          using tIntVectItem = union {tIntFunct __fun; void * __ptr;};
     39          
     40          // The vector table is normally located at address 0.
     41          // When debugging in RAM, it can be located in RAM, aligned to at least 2^6.
     42          // If you need to define interrupt service routines,
     43          // make a copy of this file and include it in your project.
     44          // The name "__vector_table" has special meaning for C-SPY:
     45          // it is where the SP start value is found, and the NVIC vector
     46          // table register (VTOR) is initialized to this address if != 0.
     47          
     48          #pragma location = ".intvec"
     49          //cstat !MISRAC++2008-0-1-4_b !MISRAC++2008-9-5-1

   \                                 In section .intvec, align 4
     50          extern "C" const tIntVectItem __vector_table[] =
   \                     __vector_table:
   \        0x0   0x....'....        DC32 SFE(CSTACK), __iar_program_start, _ZN11DummyModule7handlerEv

   \              0x....'....  

   \              0x....'....
   \        0xC   0x....'....        DC32 _ZN11DummyModule7handlerEv, _ZN11DummyModule7handlerEv

   \              0x....'....
   \       0x14   0x....'....        DC32 _ZN11DummyModule7handlerEv, _ZN11DummyModule7handlerEv, 0x0, 0x0

   \              0x....'....  

   \              0x0000'0000  

   \              0x0000'0000
   \       0x24   0x0000'0000        DC32 0x0, 0x0, _ZN9OsWrapper4Rtos18HandleSvcInterruptEv

   \              0x0000'0000  

   \              0x....'....
   \       0x30   0x....'....        DC32 _ZN11DummyModule7handlerEv, 0x0, xPortPendSVHandler

   \              0x0000'0000  

   \              0x....'....
   \       0x3C   0x....'....        DC32 _ZN9OsWrapper4Rtos22HandleSysTickInterruptEv
   \       0x40   0x....'....        DC32 _ZN11DummyModule7handlerEv, _ZN11DummyModule7handlerEv

   \              0x....'....
   \       0x48   0x....'....        DC32 _ZN11DummyModule7handlerEv, _ZN11DummyModule7handlerEv

   \              0x....'....
   \       0x50   0x....'....        DC32 _ZN11DummyModule7handlerEv, _ZN11DummyModule7handlerEv

   \              0x....'....
   \       0x58   0x....'....        DC32 _ZN11DummyModule7handlerEv, _ZN11DummyModule7handlerEv

   \              0x....'....
   \       0x60   0x....'....        DC32 _ZN11DummyModule7handlerEv, _ZN11DummyModule7handlerEv

   \              0x....'....
   \       0x68   0x....'....        DC32 _ZN11DummyModule7handlerEv, _ZN11DummyModule7handlerEv

   \              0x....'....
   \       0x70   0x....'....        DC32 _ZN11DummyModule7handlerEv, _ZN11DummyModule7handlerEv

   \              0x....'....
   \       0x78   0x....'....        DC32 _ZN11DummyModule7handlerEv, _ZN11DummyModule7handlerEv

   \              0x....'....
   \       0x80   0x....'....        DC32 _ZN11DummyModule7handlerEv, _ZN11DummyModule7handlerEv

   \              0x....'....
   \       0x88   0x....'....        DC32 _ZN11DummyModule7handlerEv, 0x0, 0x0, 0x0, 0x0

   \              0x0000'0000  

   \              0x0000'0000  

   \              0x0000'0000  

   \              0x0000'0000
   \       0x9C   0x....'....        DC32 _ZN11DummyModule7handlerEv, _ZN11DummyModule7handlerEv

   \              0x....'....
   \       0xA4   0x....'....        DC32 _ZN11DummyModule7handlerEv, _ZN11DummyModule7handlerEv

   \              0x....'....
   \       0xAC   0x....'....        DC32 _ZN11DummyModule7handlerEv, _ZN11DummyModule7handlerEv

   \              0x....'....
   \       0xB4   0x....'....        DC32 _ZN11DummyModule7handlerEv, _ZN11DummyModule7handlerEv

   \              0x....'....
   \       0xBC   0x....'....        DC32 _ZN11DummyModule7handlerEv, _ZN11DummyModule7handlerEv

   \              0x....'....
   \       0xC4   0x....'....        DC32 _ZN11DummyModule7handlerEv, _ZN11DummyModule7handlerEv

   \              0x....'....
   \       0xCC   0x....'....        DC32 _ZN11DummyModule7handlerEv, _ZN11DummyModule7handlerEv

   \              0x....'....
   \       0xD4   0x....'....        DC32 _ZN11DummyModule7handlerEv, UsartInterruptHandler, 0x0

   \              0x....'....  

   \              0x0000'0000
   \       0xE0   0x....'....        DC32 _ZN13IrqController22HandleIrqExtiLine15_10Ev
   \       0xE4   0x....'....        DC32 _ZN11DummyModule7handlerEv, _ZN11DummyModule7handlerEv, 0x0, 0x0

   \              0x....'....  

   \              0x0000'0000  

   \              0x0000'0000
   \       0xF4   0x0000'0000        DC32 0x0, 0x0, _ZN11DummyModule7handlerEv, 0x0

   \              0x0000'0000  

   \              0x....'....  

   \              0x0000'0000
   \      0x104   0x....'....        DC32 _ZN11DummyModule7handlerEv, _ZN11DummyModule7handlerEv

   \              0x....'....
   \      0x10C   0x....'....        DC32 _ZN11DummyModule7handlerEv, 0x0, 0x0, 0x0, 0x0

   \              0x0000'0000  

   \              0x0000'0000  

   \              0x0000'0000  

   \              0x0000'0000
   \      0x120   0x....'....        DC32 _ZN11DummyModule7handlerEv, _ZN11DummyModule7handlerEv

   \              0x....'....
   \      0x128   0x....'....        DC32 _ZN11DummyModule7handlerEv, _ZN11DummyModule7handlerEv

   \              0x....'....
   \      0x130   0x....'....        DC32 _ZN11DummyModule7handlerEv, 0x0, 0x0, 0x0, 0x0, 0x0, 0x0

   \              0x0000'0000  

   \              0x0000'0000  

   \              0x0000'0000  

   \              0x0000'0000  

   \              0x0000'0000  

   \              0x0000'0000
   \      0x14C   0x....'....        DC32 _ZN11DummyModule7handlerEv, _ZN11DummyModule7handlerEv

   \              0x....'....
   \      0x154   0x....'....        DC32 _ZN11DummyModule7handlerEv, _ZN11DummyModule7handlerEv

   \              0x....'....
   \      0x15C   0x....'....        DC32 _ZN11DummyModule7handlerEv, _ZN11DummyModule7handlerEv

   \              0x....'....
   \      0x164   0x....'....        DC32 _ZN11DummyModule7handlerEv, 0x0, 0x0, 0x0, 0x0, 0x0, 0x0, 0x0

   \              0x0000'0000  

   \              0x0000'0000  

   \              0x0000'0000  

   \              0x0000'0000  

   \              0x0000'0000  

   \              0x0000'0000  

   \              0x0000'0000
   \      0x184   0x....'....        DC32 _ZN11DummyModule7handlerEv, 0x0, 0x0, _ZN11DummyModule7handlerEv

   \              0x0000'0000  

   \              0x0000'0000  

   \              0x....'....
   \      0x194   0x....'....        DC32 _ZN11DummyModule7handlerEv
     51          {
     52            { .__ptr = __sfe( "CSTACK" ) },
     53            __iar_program_start,
     54          
     55            DummyModule::handler,
     56            DummyModule::handler,
     57            DummyModule::handler,
     58            DummyModule::handler,
     59            DummyModule::handler,
     60            0,
     61            0,
     62            0,
     63            0,
     64            OsWrapper::Rtos::HandleSvcInterrupt,
     65            DummyModule::handler,
     66            0,
     67            xPortPendSVHandler,
     68            OsWrapper::Rtos::HandleSysTickInterrupt,
     69            //External Interrupts
     70            DummyModule::handler,         //Window Watchdog
     71            DummyModule::handler,         //PVD through EXTI Line detect/EXTI16
     72            DummyModule::handler,         //Tamper and Time Stamp/EXTI21 
     73            DummyModule::handler,         //RTC Wakeup/EXTI22 
     74            DummyModule::handler,         //FLASH
     75            DummyModule::handler,         //RCC
     76            DummyModule::handler,         //EXTI Line 0
     77            DummyModule::handler,         //EXTI Line 1
     78            DummyModule::handler,         //EXTI Line 2
     79            DummyModule::handler,         //EXTI Line 3
     80            DummyModule::handler,         //EXTI Line 4
     81            DummyModule::handler,         //DMA1 Stream 0
     82            DummyModule::handler,         //DMA1 Stream 1
     83            DummyModule::handler,         //DMA1 Stream 2
     84            DummyModule::handler,         //DMA1 Stream 3
     85            DummyModule::handler,         //DMA1 Stream 4
     86            DummyModule::handler,         //DMA1 Stream 5
     87            DummyModule::handler,         //DMA1 Stream 6
     88            DummyModule::handler,         //ADC1
     89            0,                            //USB High Priority
     90            0,                            //USB Low  Priority
     91            0,                            //DAC
     92            0,                            //COMP through EXTI Line
     93            DummyModule::handler,         //EXTI Line 9..5
     94            DummyModule::handler,         //TIM9/TIM1 Break interrupt 
     95            DummyModule::handler,         //TIM10/TIM1 Update interrupt
     96            DummyModule::handler,         //TIM11/TIM1 Trigger/Commutation interrupts
     97            DummyModule::handler,		//TIM1 Capture Compare interrupt
     98            DummyModule::handler,         //TIM2  	
     99            DummyModule::handler,         //TIM3
    100            DummyModule::handler,         //TIM4
    101            DummyModule::handler,         //I2C1 Event
    102            DummyModule::handler,         //I2C1 Error
    103            DummyModule::handler,         //I2C2 Event
    104            DummyModule::handler,         //I2C2 Error
    105            DummyModule::handler,         //SPI1
    106            DummyModule::handler,         //SPI2
    107            DummyModule::handler,         //USART1
    108            UsartInterruptHandler,         //USART2
    109            0,
    110            IrqController::HandleIrqExtiLine15_10,         //EXTI Line 15..10
    111            DummyModule::handler,         //EXTI Line 17 interrupt / RTC Alarms (A and B) through EXTI line interrupt
    112            DummyModule::handler,         //EXTI Line 18 interrupt / USB On-The-Go  FS Wakeup through EXTI line interrupt
    113            0,				//TIM6
    114            0,				//TIM7  f0
    115            0,
    116            0,
    117            DummyModule::handler,         //DMA1 Stream 7 global interrupt fc
    118            0,
    119            DummyModule::handler,	        //SDIO global interrupt
    120            DummyModule::handler,	        //TIM5 global interrupt
    121            DummyModule::handler,	        //SPI3 global interrupt
    122            0,			        // 110
    123            0,
    124            0,
    125            0,
    126            DummyModule::handler,		//DMA2 Stream0 global interrupt 120
    127            DummyModule::handler,		//DMA2 Stream1 global interrupt
    128            DummyModule::handler,		//DMA2 Stream2 global interrupt
    129            DummyModule::handler,		//DMA2 Stream3 global interrupt
    130            DummyModule::handler,		//DMA2 Stream4 global interrupt 130
    131            0,
    132            0,
    133            0,
    134            0,
    135            0,
    136            0,
    137            DummyModule::handler,		//USB On The Go FS global interrupt, 14C
    138            DummyModule::handler,		//DMA2 Stream5 global interrupt
    139            DummyModule::handler,		//DMA2 Stream6 global interrupt
    140            DummyModule::handler,		//DMA2 Stream7 global interrupt
    141            DummyModule::handler,				//USART6 15C
    142            DummyModule::handler,         //I2C3 Event
    143            DummyModule::handler,         //I2C3 Error 164
    144            0,
    145            0,
    146            0,
    147            0,
    148            0,
    149            0,
    150            0,
    151            DummyModule::handler,		//FPU 184
    152            0,
    153            0,
    154            DummyModule::handler,		//SPI 4 global interrupt
    155            DummyModule::handler		//SPI 5 global interrupt
    156          };

   \                                 In section .text, align 2, keep-with-next
    157          void DummyModule::handler()   { for(;;) {} } ;
   \                     _ZN11DummyModule7handlerEv: (+1)
   \                     ??handler_0: (+1)
   \        0x0   0xE7FE             B.N      ??handler_0
    158          
    159          extern "C" void __cmain( void );
    160          extern "C" __weak void __iar_init_core( void );
    161          extern "C" __weak void __iar_init_vfp( void );
    162          
    163          #pragma required=__vector_table

   \                                 In section .text, align 2, keep-with-next
    164          void __iar_program_start( void )
    165          {
   \                     __iar_program_start: (+1)
   \        0x0   0xB580             PUSH     {R7,LR}
    166            __iar_init_core();
   \        0x2   0x.... 0x....      BL       __iar_init_core
    167            __iar_init_vfp();
   \        0x6   0x.... 0x....      BL       __iar_init_vfp
    168            __cmain();
   \        0xA   0x.... 0x....      BL       __cmain
    169          }
   \        0xE   0xBD01             POP      {R0,PC}
   \       0x10                      REQUIRE __vector_table
    170          

   Maximum stack usage in bytes:

   .cstack Function
   ------- --------
       0   DummyModule::handler()
       8   OsWrapper::Rtos::HandleSvcInterrupt()
         8   -> OsWrapper::RtosWrapper::wHandleSvcInterrupt()
       8   OsWrapper::Rtos::HandleSysTickInterrupt()
         8   -> OsWrapper::RtosWrapper::wHandleSysTickInterrupt()
       8   OsWrapper::RtosWrapper::wHandleSvcInterrupt()
         8   -> OsWrapper::vPortSVCHandler
       8   OsWrapper::RtosWrapper::wHandleSysTickInterrupt()
         8   -> OsWrapper::xPortSysTickHandler
       8   UsartInterruptHandler
         8   -> Usart::HandleInterrupt()
         8   -> Usart::Instance()
       8   __iar_program_start
         8   -> __cmain
         8   -> __iar_init_core
         8   -> __iar_init_vfp


   Section sizes:

   Bytes  Function/Label
   -----  --------------
       2  DummyModule::handler()
       8  OsWrapper::Rtos::HandleSvcInterrupt()
       8  OsWrapper::Rtos::HandleSysTickInterrupt()
       8  OsWrapper::RtosWrapper::wHandleSvcInterrupt()
       8  OsWrapper::RtosWrapper::wHandleSysTickInterrupt()
      12  UsartInterruptHandler
      16  __iar_program_start
     408  __vector_table
      24  -- Other

 
 408 bytes in section .intvec
  24 bytes in section .rodata
  62 bytes in section .text
 
  30 bytes of CODE  memory (+ 32 bytes shared)
 408 bytes of CONST memory (+ 24 bytes shared)

Errors: none
Warnings: none
