###############################################################################
#
# IAR ANSI C/C++ Compiler V9.30.1.335/W64 for ARM         27/Apr/2025  00:21:26
# Copyright 1999-2022 IAR Systems AB.
#
#    Cpu mode           =  thumb
#    Endian             =  little
#    Source file        =
#        D:\Documents\Other\Homework\Kolodiy\CoursePaper\source\RtosWrapper\Application\DataRepository\DataRepository.cpp
#    Command line       =
#        -f
#        D:\Documents\Other\Homework\Kolodiy\CoursePaper\source\RtosWrapper\Debug\Obj\Application\DataRepository\DataRepository.o.rsp
#        (D:\Documents\Other\Homework\Kolodiy\CoursePaper\source\RtosWrapper\Application\DataRepository\DataRepository.cpp
#        -lC
#        D:\Documents\Other\Homework\Kolodiy\CoursePaper\source\RtosWrapper\Debug\List\Application\DataRepository
#        -lA
#        D:\Documents\Other\Homework\Kolodiy\CoursePaper\source\RtosWrapper\Debug\List\Application\DataRepository
#        -o
#        D:\Documents\Other\Homework\Kolodiy\CoursePaper\source\RtosWrapper\Debug\Obj\Application\DataRepository
#        --no_cse --no_unroll --no_inline --no_code_motion --no_tbaa
#        --no_clustering --no_scheduling --debug --endian=little
#        --cpu=Cortex-M4 -e --fpu=VFPv4_sp --dlib_config
#        D:\Games\Programs\IAR\arm\inc\c\DLib_Config_Normal.h -I
#        D:\Documents\Other\Homework\Kolodiy\CoursePaper\source\RtosWrapper\Rtos\
#        -I
#        D:\Documents\Other\Homework\Kolodiy\CoursePaper\source\RtosWrapper\Rtos\wrapper\
#        -I
#        D:\Documents\Other\Homework\Kolodiy\CoursePaper\source\RtosWrapper\Rtos\wrapper\FreeRtos\
#        -I
#        D:\Documents\Other\Homework\Kolodiy\CoursePaper\source\RtosWrapper\Rtos\FreeRtos\
#        -I
#        D:\Documents\Other\Homework\Kolodiy\CoursePaper\source\RtosWrapper\Rtos\FreeRtos\include\
#        -I
#        D:\Documents\Other\Homework\Kolodiy\CoursePaper\source\RtosWrapper\Rtos\FreeRtos\portable\
#        -I
#        D:\Documents\Other\Homework\Kolodiy\CoursePaper\source\RtosWrapper\Rtos\FreeRtos\portable\Common\
#        -I
#        D:\Documents\Other\Homework\Kolodiy\CoursePaper\source\RtosWrapper\Rtos\FreeRtos\portable\IAR\
#        -I
#        D:\Documents\Other\Homework\Kolodiy\CoursePaper\source\RtosWrapper\Rtos\FreeRtos\portable\IAR\ARM_CM4F\
#        -I
#        D:\Documents\Other\Homework\Kolodiy\CoursePaper\source\RtosWrapper\Rtos\FreeRtos\portable\MemMang\
#        -I
#        D:\Documents\Other\Homework\Kolodiy\CoursePaper\source\RtosWrapper\MyTasks\
#        -I
#        D:\Documents\Other\Homework\Kolodiy\CoursePaper\source\RtosWrapper\Common\
#        -I
#        D:\Documents\Other\Homework\Kolodiy\CoursePaper\source\RtosWrapper\CMSIS\
#        -I
#        D:\Documents\Other\Homework\Kolodiy\CoursePaper\source\RtosWrapper\Application\
#        -I
#        D:\Documents\Other\Homework\Kolodiy\CoursePaper\source\RtosWrapper\Application\Diagnostic\
#        -I
#        D:\Documents\Other\Homework\Kolodiy\CoursePaper\source\RtosWrapper\AHardware\
#        -I
#        D:\Documents\Other\Homework\Kolodiy\CoursePaper\source\RtosWrapper\AHardware\GpioPort\
#        -I
#        D:\Documents\Other\Homework\Kolodiy\CoursePaper\source\RtosWrapper\AHardware\IrqController\
#        -I
#        D:\Documents\Other\Homework\Kolodiy\CoursePaper\source\RtosWrapper\..\CortexLib\AbstractHardware\Pin\
#        -I
#        D:\Documents\Other\Homework\Kolodiy\CoursePaper\source\RtosWrapper\..\CortexLib\AbstractHardware\Registers\STM32F411\FieldValues\
#        -I
#        D:\Documents\Other\Homework\Kolodiy\CoursePaper\source\RtosWrapper\..\CortexLib\AbstractHardware\Registers\STM32F411\
#        -I
#        D:\Documents\Other\Homework\Kolodiy\CoursePaper\source\RtosWrapper\..\CortexLib\AbstractHardware\Registers\
#        -I
#        D:\Documents\Other\Homework\Kolodiy\CoursePaper\source\RtosWrapper\..\CortexLib\AbstractHardware\Port\
#        -I
#        D:\Documents\Other\Homework\Kolodiy\CoursePaper\source\RtosWrapper\..\CortexLib\AbstractHardware\Atomic\
#        -I
#        D:\Documents\Other\Homework\Kolodiy\CoursePaper\source\RtosWrapper\..\CortexLib\Common\
#        -I
#        D:\Documents\Other\Homework\Kolodiy\CoursePaper\source\RtosWrapper\..\CortexLib\Common\Singleton\
#        -I
#        D:\Documents\Other\Homework\Kolodiy\CoursePaper\source\RtosWrapper\..\CortexLib\Common\RomObject\
#        -I
#        D:\Documents\Other\Homework\Kolodiy\CoursePaper\source\RtosWrapper\Application\AdcDmaDataProvider\
#        -I
#        D:\Documents\Other\Homework\Kolodiy\CoursePaper\source\RtosWrapper\Application\AdcDmaDataProvider\Contracts\
#        -I
#        D:\Documents\Other\Homework\Kolodiy\CoursePaper\source\RtosWrapper\Application\DataRepository\
#        -I
#        D:\Documents\Other\Homework\Kolodiy\CoursePaper\source\RtosWrapper\Application\DataRepository\Contracts\
#        -I
#        D:\Documents\Other\Homework\Kolodiy\CoursePaper\source\RtosWrapper\Application\DigitalFilter\
#        -I
#        D:\Documents\Other\Homework\Kolodiy\CoursePaper\source\RtosWrapper\Application\DigitalFilter\Contracts\
#        -I
#        D:\Documents\Other\Homework\Kolodiy\CoursePaper\source\RtosWrapper\Application\Formatter\
#        -I
#        D:\Documents\Other\Homework\Kolodiy\CoursePaper\source\RtosWrapper\Application\Formatter\Contracts\
#        -I
#        D:\Documents\Other\Homework\Kolodiy\CoursePaper\source\RtosWrapper\Application\Leds\
#        -I
#        D:\Documents\Other\Homework\Kolodiy\CoursePaper\source\RtosWrapper\Application\Leds\Contracts\
#        -I
#        D:\Documents\Other\Homework\Kolodiy\CoursePaper\source\RtosWrapper\Application\Usart\
#        -I
#        D:\Documents\Other\Homework\Kolodiy\CoursePaper\source\RtosWrapper\Application\Usart\Contracts\
#        -I
#        D:\Documents\Other\Homework\Kolodiy\CoursePaper\source\RtosWrapper\Application\Voltage\
#        -I
#        D:\Documents\Other\Homework\Kolodiy\CoursePaper\source\RtosWrapper\Application\Voltage\Contracts\
#        -I
#        D:\Documents\Other\Homework\Kolodiy\CoursePaper\source\RtosWrapper\Tasks\
#        -I
#        D:\Documents\Other\Homework\Kolodiy\CoursePaper\source\RtosWrapper\Tasks\Contracts\
#        -On --c++ --no_exceptions --no_rtti) --dependencies=n
#        D:\Documents\Other\Homework\Kolodiy\CoursePaper\source\RtosWrapper\Debug\Obj\Application\DataRepository\DataRepository.o.d
#    Locale             =  C
#    List file          =
#        D:\Documents\Other\Homework\Kolodiy\CoursePaper\source\RtosWrapper\Debug\List\Application\DataRepository\DataRepository.lst
#    Object file        =
#        D:\Documents\Other\Homework\Kolodiy\CoursePaper\source\RtosWrapper\Debug\Obj\Application\DataRepository\DataRepository.o
#    Runtime model:        
#      __CPP_Exceptions =  Disabled
#      __CPP_Language   =  C++14
#      __CPP_Library    =  DLib
#      __CPP_Runtime    =  1
#      __SystemLibrary  =  DLib
#
###############################################################################

D:\Documents\Other\Homework\Kolodiy\CoursePaper\source\RtosWrapper\Application\DataRepository\DataRepository.cpp
      1          #include "DataRepository.hpp"   // for DataRepository

   \                                 In section .text, align 2
   \   __vfp IDataRepositoryProvider::subobject IDataRepositoryProvider() noexcept
   \                     _ZN23IDataRepositoryProviderC2Ev: (+1)
   \        0x0   0xB510             PUSH     {R4,LR}
   \        0x2   0x0004             MOVS     R4,R0
   \        0x4   0x0020             MOVS     R0,R4
   \        0x6   0x.... 0x....      BL       _ZN23IDataRepositoryProviderC1Ev
   \        0xA   0xBD10             POP      {R4,PC}

   \                                 In section .text, align 2
   \   __vfp IDataRepositoryProvider::IDataRepositoryProvider() noexcept
   \                     _ZN23IDataRepositoryProviderC1Ev: (+1)
   \        0x0   0x4770             BX       LR

   \                                 In section .text, align 2
   \   __vfp IDataRepositoryUpdater::subobject IDataRepositoryUpdater() noexcept
   \                     _ZN22IDataRepositoryUpdaterC2Ev: (+1)
   \        0x0   0xB510             PUSH     {R4,LR}
   \        0x2   0x0004             MOVS     R4,R0
   \        0x4   0x0020             MOVS     R0,R4
   \        0x6   0x.... 0x....      BL       _ZN22IDataRepositoryUpdaterC1Ev
   \        0xA   0xBD10             POP      {R4,PC}

   \                                 In section .text, align 2
   \   __vfp IDataRepositoryUpdater::IDataRepositoryUpdater() noexcept
   \                     _ZN22IDataRepositoryUpdaterC1Ev: (+1)
   \        0x0   0x4770             BX       LR
      2          

   \                                 In section .text, align 2, keep-with-next
   \   __vfp DataRepository::subobject DataRepository()
   \                     _ZN14DataRepositoryC2Ev: (+1)
   \        0x0   0xB510             PUSH     {R4,LR}
   \        0x2   0x0004             MOVS     R4,R0
   \        0x4   0x0020             MOVS     R0,R4
   \        0x6   0x.... 0x....      BL       _ZN14DataRepositoryC1Ev
   \        0xA   0xBD10             POP      {R4,PC}

   \                                 In section .text, align 2, keep-with-next
      3          DataRepository :: DataRepository()
      4          {
   \                     _ZN14DataRepositoryC1Ev: (+1)
   \        0x0   0xB510             PUSH     {R4,LR}
   \        0x2   0x0004             MOVS     R4,R0
   \        0x4   0x0020             MOVS     R0,R4
   \        0x6   0x.... 0x....      BL       _ZN23IDataRepositoryProviderC2Ev
   \        0xA   0x1D20             ADDS     R0,R4,#+4
   \        0xC   0x.... 0x....      BL       _ZN22IDataRepositoryUpdaterC2Ev
   \       0x10   0x....             LDR.N    R0,??DataTable1
   \       0x12   0xF110 0x0108      ADDS     R1,R0,#+8
   \       0x16   0x6021             STR      R1,[R4, #+0]
   \       0x18   0x3020             ADDS     R0,R0,#+32
   \       0x1A   0x6060             STR      R0,[R4, #+4]
      5          }
   \       0x1C   0x0020             MOVS     R0,R4
   \       0x1E   0xBD10             POP      {R4,PC}
      6          

   \                                 In section .text, align 2, keep-with-next
      7          float DataRepository :: GetValue() const
      8          {
      9            return mValue;
   \                     _ZNK14DataRepository8GetValueEv: (+1)
   \        0x0   0xED90 0x0A02      VLDR     S0,[R0, #+8]
   \        0x4   0x4770             BX       LR
     10          }
     11          

   \                                 In section .text, align 2, keep-with-next
     12          float DataRepository :: GetFilteredValue() const
     13          {
     14            return mFilteredValue;
   \                     _ZNK14DataRepository16GetFilteredValueEv: (+1)
   \        0x0   0xED90 0x0A03      VLDR     S0,[R0, #+12]
   \        0x4   0x4770             BX       LR
     15          }
     16          

   \                                 In section .text, align 2, keep-with-next
     17          float DataRepository :: UpdateValue(float value)
     18          {
     19            return mValue = value;
   \                     _ZN14DataRepository11UpdateValueEf: (+1)
   \        0x0   0xED80 0x0A02      VSTR     S0,[R0, #+8]
   \        0x4   0xED90 0x0A02      VLDR     S0,[R0, #+8]
   \        0x8   0x4770             BX       LR
     20          }
     21          

   \                                 In section .text, align 2, keep-with-next
     22          float DataRepository :: UpdateFilteredValue(float filteredValue)
     23          {
     24            return mFilteredValue = filteredValue;
   \                     _ZN14DataRepository19UpdateFilteredValueEf: (+1)
   \        0x0   0xED80 0x0A03      VSTR     S0,[R0, #+12]
   \        0x4   0xED90 0x0A03      VLDR     S0,[R0, #+12]
   \        0x8   0x4770             BX       LR
     25          }

   \                                 In section .text, align 4, keep-with-next
   \                     ??DataTable1:
   \        0x0   0x....'....        DC32     _ZTV14DataRepository

   \                                 In section .text, align 2, keep-with-next
   \   __vfp float DataRepository::UpdateValue for IDataRepositoryUpdater/-4/(float)
   \                     _ZThn4_N14DataRepository11UpdateValueEf: (+1)
   \        0x0   0x1F00             SUBS     R0,R0,#+4
   \        0x2                      REQUIRE _ZN14DataRepository11UpdateValueEf
   \        0x2                      ;; // Fall through to label DataRepository::UpdateValue(float)

   \                                 In section .text, align 2, keep-with-next
   \   __vfp float DataRepository::UpdateFilteredValue for IDataRepositoryUpdater/-4/(float)
   \                     _ZThn4_N14DataRepository19UpdateFilteredValueEf: (+1)
   \        0x0   0x1F00             SUBS     R0,R0,#+4
   \        0x2                      REQUIRE _ZN14DataRepository19UpdateFilteredValueEf
   \        0x2                      ;; // Fall through to label DataRepository::UpdateFilteredValue(float)

   Maximum stack usage in bytes:

   .cstack Function
   ------- --------
       8   DataRepository::DataRepository()
         8   -> IDataRepositoryProvider::subobject IDataRepositoryProvider() noexcept
         8   -> IDataRepositoryUpdater::subobject IDataRepositoryUpdater() noexcept
       0   DataRepository::GetFilteredValue() const
       0   DataRepository::GetValue() const
       0   DataRepository::UpdateFilteredValue for IDataRepositoryUpdater/-4/(float)
         0   -> DataRepository::UpdateFilteredValue(float)
       0   DataRepository::UpdateFilteredValue(float)
       0   DataRepository::UpdateValue for IDataRepositoryUpdater/-4/(float)
         0   -> DataRepository::UpdateValue(float)
       0   DataRepository::UpdateValue(float)
       8   DataRepository::subobject DataRepository()
         8   -> DataRepository::DataRepository()
       0   IDataRepositoryProvider::IDataRepositoryProvider() noexcept
       8   IDataRepositoryProvider::subobject IDataRepositoryProvider() noexcept
         8   -> IDataRepositoryProvider::IDataRepositoryProvider() noexcept
       0   IDataRepositoryUpdater::IDataRepositoryUpdater() noexcept
       8   IDataRepositoryUpdater::subobject IDataRepositoryUpdater() noexcept
         8   -> IDataRepositoryUpdater::IDataRepositoryUpdater() noexcept


   Section sizes:

   Bytes  Function/Label
   -----  --------------
       4  ??DataTable1
      32  DataRepository::DataRepository()
       6  DataRepository::GetFilteredValue() const
       6  DataRepository::GetValue() const
       2  DataRepository::UpdateFilteredValue for IDataRepositoryUpdater/-4/(float)
      10  DataRepository::UpdateFilteredValue(float)
       2  DataRepository::UpdateValue for IDataRepositoryUpdater/-4/(float)
      10  DataRepository::UpdateValue(float)
      12  DataRepository::subobject DataRepository()
       2  IDataRepositoryProvider::IDataRepositoryProvider() noexcept
      12  IDataRepositoryProvider::subobject IDataRepositoryProvider() noexcept
       2  IDataRepositoryUpdater::IDataRepositoryUpdater() noexcept
      12  IDataRepositoryUpdater::subobject IDataRepositoryUpdater() noexcept
     164  -- Other

 
 164 bytes in section .rodata
 112 bytes in section .text
 
 84 bytes of CODE  memory (+  28 bytes shared)
  0 bytes of CONST memory (+ 164 bytes shared)

Errors: none
Warnings: none
