###############################################################################
#
# IAR ANSI C/C++ Compiler V9.30.1.335/W64 for ARM         01/May/2025  23:35:56
# Copyright 1999-2022 IAR Systems AB.
#
#    Cpu mode                     =  thumb
#    Endian                       =  little
#    Source file                  =
#        D:\Documents\Other\Homework\Kolodiy\CoursePaper\source\RtosWrapper\Application\DigitalFilter\DigitalFilter.cpp
#        [UTF-8]
#    Command line                 =
#        -f
#        D:\Documents\Other\Homework\Kolodiy\CoursePaper\source\RtosWrapper\Debug\Obj\Application\DigitalFilter\DigitalFilter.o.rsp
#        (D:\Documents\Other\Homework\Kolodiy\CoursePaper\source\RtosWrapper\Application\DigitalFilter\DigitalFilter.cpp
#        -lC
#        D:\Documents\Other\Homework\Kolodiy\CoursePaper\source\RtosWrapper\Debug\List\Application\DigitalFilter
#        -lA
#        D:\Documents\Other\Homework\Kolodiy\CoursePaper\source\RtosWrapper\Debug\List\Application\DigitalFilter
#        -o
#        D:\Documents\Other\Homework\Kolodiy\CoursePaper\source\RtosWrapper\Debug\Obj\Application\DigitalFilter
#        --no_cse --no_unroll --no_inline --no_code_motion --no_tbaa
#        --no_clustering --no_scheduling --debug --endian=little
#        --cpu=Cortex-M4 -e --fpu=VFPv4_sp --dlib_config
#        D:\Games\Programs\IAR\arm\inc\c\DLib_Config_Normal.h -I
#        D:\Documents\Other\Homework\Kolodiy\CoursePaper\source\RtosWrapper\Rtos\
#        -I
#        D:\Documents\Other\Homework\Kolodiy\CoursePaper\source\RtosWrapper\Rtos\wrapper\
#        -I
#        D:\Documents\Other\Homework\Kolodiy\CoursePaper\source\RtosWrapper\Rtos\wrapper\FreeRtos\
#        -I
#        D:\Documents\Other\Homework\Kolodiy\CoursePaper\source\RtosWrapper\Rtos\FreeRtos\
#        -I
#        D:\Documents\Other\Homework\Kolodiy\CoursePaper\source\RtosWrapper\Rtos\FreeRtos\include\
#        -I
#        D:\Documents\Other\Homework\Kolodiy\CoursePaper\source\RtosWrapper\Rtos\FreeRtos\portable\
#        -I
#        D:\Documents\Other\Homework\Kolodiy\CoursePaper\source\RtosWrapper\Rtos\FreeRtos\portable\Common\
#        -I
#        D:\Documents\Other\Homework\Kolodiy\CoursePaper\source\RtosWrapper\Rtos\FreeRtos\portable\IAR\
#        -I
#        D:\Documents\Other\Homework\Kolodiy\CoursePaper\source\RtosWrapper\Rtos\FreeRtos\portable\IAR\ARM_CM4F\
#        -I
#        D:\Documents\Other\Homework\Kolodiy\CoursePaper\source\RtosWrapper\Rtos\FreeRtos\portable\MemMang\
#        -I
#        D:\Documents\Other\Homework\Kolodiy\CoursePaper\source\RtosWrapper\MyTasks\
#        -I
#        D:\Documents\Other\Homework\Kolodiy\CoursePaper\source\RtosWrapper\Common\
#        -I
#        D:\Documents\Other\Homework\Kolodiy\CoursePaper\source\RtosWrapper\CMSIS\
#        -I
#        D:\Documents\Other\Homework\Kolodiy\CoursePaper\source\RtosWrapper\Application\
#        -I
#        D:\Documents\Other\Homework\Kolodiy\CoursePaper\source\RtosWrapper\Application\Diagnostic\
#        -I
#        D:\Documents\Other\Homework\Kolodiy\CoursePaper\source\RtosWrapper\AHardware\
#        -I
#        D:\Documents\Other\Homework\Kolodiy\CoursePaper\source\RtosWrapper\AHardware\GpioPort\
#        -I
#        D:\Documents\Other\Homework\Kolodiy\CoursePaper\source\RtosWrapper\AHardware\IrqController\
#        -I
#        D:\Documents\Other\Homework\Kolodiy\CoursePaper\source\RtosWrapper\..\CortexLib\AbstractHardware\Pin\
#        -I
#        D:\Documents\Other\Homework\Kolodiy\CoursePaper\source\RtosWrapper\..\CortexLib\AbstractHardware\Registers\STM32F411\FieldValues\
#        -I
#        D:\Documents\Other\Homework\Kolodiy\CoursePaper\source\RtosWrapper\..\CortexLib\AbstractHardware\Registers\STM32F411\
#        -I
#        D:\Documents\Other\Homework\Kolodiy\CoursePaper\source\RtosWrapper\..\CortexLib\AbstractHardware\Registers\
#        -I
#        D:\Documents\Other\Homework\Kolodiy\CoursePaper\source\RtosWrapper\..\CortexLib\AbstractHardware\Port\
#        -I
#        D:\Documents\Other\Homework\Kolodiy\CoursePaper\source\RtosWrapper\..\CortexLib\AbstractHardware\Atomic\
#        -I
#        D:\Documents\Other\Homework\Kolodiy\CoursePaper\source\RtosWrapper\..\CortexLib\Common\
#        -I
#        D:\Documents\Other\Homework\Kolodiy\CoursePaper\source\RtosWrapper\..\CortexLib\Common\Singleton\
#        -I
#        D:\Documents\Other\Homework\Kolodiy\CoursePaper\source\RtosWrapper\..\CortexLib\Common\RomObject\
#        -I
#        D:\Documents\Other\Homework\Kolodiy\CoursePaper\source\RtosWrapper\Application\AdcDmaDataProvider\
#        -I
#        D:\Documents\Other\Homework\Kolodiy\CoursePaper\source\RtosWrapper\Application\AdcDmaDataProvider\Contracts\
#        -I
#        D:\Documents\Other\Homework\Kolodiy\CoursePaper\source\RtosWrapper\Application\DataRepository\
#        -I
#        D:\Documents\Other\Homework\Kolodiy\CoursePaper\source\RtosWrapper\Application\DataRepository\Contracts\
#        -I
#        D:\Documents\Other\Homework\Kolodiy\CoursePaper\source\RtosWrapper\Application\DigitalFilter\
#        -I
#        D:\Documents\Other\Homework\Kolodiy\CoursePaper\source\RtosWrapper\Application\DigitalFilter\Contracts\
#        -I
#        D:\Documents\Other\Homework\Kolodiy\CoursePaper\source\RtosWrapper\Application\Formatter\
#        -I
#        D:\Documents\Other\Homework\Kolodiy\CoursePaper\source\RtosWrapper\Application\Formatter\Contracts\
#        -I
#        D:\Documents\Other\Homework\Kolodiy\CoursePaper\source\RtosWrapper\Application\Leds\
#        -I
#        D:\Documents\Other\Homework\Kolodiy\CoursePaper\source\RtosWrapper\Application\Leds\Contracts\
#        -I
#        D:\Documents\Other\Homework\Kolodiy\CoursePaper\source\RtosWrapper\Application\Usart\
#        -I
#        D:\Documents\Other\Homework\Kolodiy\CoursePaper\source\RtosWrapper\Application\Usart\Contracts\
#        -I
#        D:\Documents\Other\Homework\Kolodiy\CoursePaper\source\RtosWrapper\Application\Voltage\
#        -I
#        D:\Documents\Other\Homework\Kolodiy\CoursePaper\source\RtosWrapper\Application\Voltage\Contracts\
#        -I
#        D:\Documents\Other\Homework\Kolodiy\CoursePaper\source\RtosWrapper\Tasks\
#        -I
#        D:\Documents\Other\Homework\Kolodiy\CoursePaper\source\RtosWrapper\Tasks\Contracts\
#        -I
#        D:\Documents\Other\Homework\Kolodiy\CoursePaper\source\RtosWrapper\..\CortexLib\AbstractHardware\Registers\CortexM4\
#        -I
#        D:\Documents\Other\Homework\Kolodiy\CoursePaper\source\RtosWrapper\..\CortexLib\AbstractHardware\Registers\CortexM4\FieldValues\
#        -On --c++ --no_exceptions --no_rtti --source_encoding utf8 --text_out
#        utf8 --utf8_text_in) --dependencies=n
#        D:\Documents\Other\Homework\Kolodiy\CoursePaper\source\RtosWrapper\Debug\Obj\Application\DigitalFilter\DigitalFilter.o.d
#    Locale                       =  C
#    List file                    =
#        D:\Documents\Other\Homework\Kolodiy\CoursePaper\source\RtosWrapper\Debug\List\Application\DigitalFilter\DigitalFilter.lst
#    Object file                  =
#        D:\Documents\Other\Homework\Kolodiy\CoursePaper\source\RtosWrapper\Debug\Obj\Application\DigitalFilter\DigitalFilter.o
#    Runtime model:                  
#      __CPP_Exceptions           =  Disabled
#      __CPP_Language             =  C++14
#      __CPP_Library              =  DLib
#      __CPP_Runtime              =  1
#      __SystemLibrary            =  DLib
#      __dlib_full_locale_support =  0
#      __dlib_version             =  6
#
###############################################################################

D:\Documents\Other\Homework\Kolodiy\CoursePaper\source\RtosWrapper\Application\DigitalFilter\DigitalFilter.cpp
      1          #include "DigitalFilter.hpp" // for DigitalFilter

   \                                 In section .text, align 2
   \   __vfp IDigitalFilter::subobject IDigitalFilter() noexcept
   \                     _ZN14IDigitalFilterC2Ev: (+1)
   \        0x0   0xB510             PUSH     {R4,LR}
   \        0x2   0x0004             MOVS     R4,R0
   \        0x4   0x0020             MOVS     R0,R4
   \        0x6   0x.... 0x....      BL       _ZN14IDigitalFilterC1Ev
   \        0xA   0xBD10             POP      {R4,PC}

   \                                 In section .text, align 2
   \   __vfp IDigitalFilter::IDigitalFilter() noexcept
   \                     _ZN14IDigitalFilterC1Ev: (+1)
   \        0x0   0x4770             BX       LR
      2          #include <cmath> // for std::exp
      3          

   \                                 In section .text, align 2, keep-with-next
   \   __vfp DigitalFilter::subobject DigitalFilter(float const &, float const &)
   \                     _ZN13DigitalFilterC2ERKfS1_: (+1)
   \        0x0   0xB510             PUSH     {R4,LR}
   \        0x2   0x0004             MOVS     R4,R0
   \        0x4   0x0020             MOVS     R0,R4
   \        0x6   0x.... 0x....      BL       _ZN13DigitalFilterC1ERKfS1_
   \        0xA   0xBD10             POP      {R4,PC}

   \                                 In section .text, align 2, keep-with-next
      4          DigitalFilter::DigitalFilter(const float& dt, const float& rc)
      5          : dt(dt), rc(rc), oldValue(0.0f), isFirstTime(true) {}
   \                     _ZN13DigitalFilterC1ERKfS1_: (+1)
   \        0x0   0xB570             PUSH     {R4-R6,LR}
   \        0x2   0x0004             MOVS     R4,R0
   \        0x4   0x000D             MOVS     R5,R1
   \        0x6   0x0016             MOVS     R6,R2
   \        0x8   0x0020             MOVS     R0,R4
   \        0xA   0x.... 0x....      BL       _ZN14IDigitalFilterC2Ev
   \        0xE   0x....             LDR.N    R0,??DataTable1
   \       0x10   0x6020             STR      R0,[R4, #+0]
   \       0x12   0x6065             STR      R5,[R4, #+4]
   \       0x14   0x60A6             STR      R6,[R4, #+8]
   \       0x16   0x2000             MOVS     R0,#+0
   \       0x18   0x60E0             STR      R0,[R4, #+12]
   \       0x1A   0x2001             MOVS     R0,#+1
   \       0x1C   0x7420             STRB     R0,[R4, #+16]
   \       0x1E   0x0020             MOVS     R0,R4
   \       0x20   0xBD70             POP      {R4-R6,PC}
      6          

   \                                 In section .text, align 2, keep-with-next
      7          float DigitalFilter::FilterValue(float value)
      8          {
   \                     _ZN13DigitalFilter11FilterValueEf: (+1)
   \        0x0   0xB510             PUSH     {R4,LR}
   \        0x2   0xED2D 0x8B02      VPUSH    {D8}
   \        0x6   0x0004             MOVS     R4,R0
   \        0x8   0xEEB0 0x8A40      VMOV.F32 S16,S0
      9            if (isFirstTime)
   \        0xC   0x7C20             LDRB     R0,[R4, #+16]
   \        0xE   0x2800             CMP      R0,#+0
   \       0x10   0xD006             BEQ.N    ??FilterValue_0
     10            {
     11              oldValue = value;
   \       0x12   0xED84 0x8A03      VSTR     S16,[R4, #+12]
     12              isFirstTime = false;
   \       0x16   0x2000             MOVS     R0,#+0
   \       0x18   0x7420             STRB     R0,[R4, #+16]
     13              return value;
   \       0x1A   0xEEB0 0x0A48      VMOV.F32 S0,S16
   \       0x1E   0xE01B             B.N      ??FilterValue_1
     14            }
     15            
     16            float tau = 1.0f - std::exp(-dt / rc);
   \                     ??FilterValue_0: (+1)
   \       0x20   0x6860             LDR      R0,[R4, #+4]
   \       0x22   0xED90 0x0A00      VLDR     S0,[R0, #0]
   \       0x26   0x68A0             LDR      R0,[R4, #+8]
   \       0x28   0xEDD0 0x0A00      VLDR     S1,[R0, #0]
   \       0x2C   0xEE80 0x0A20      VDIV.F32 S0,S0,S1
   \       0x30   0xEEF1 0x8A40      VNEG.F32 S17,S0
   \       0x34   0xEEB0 0x0A68      VMOV.F32 S0,S17
   \       0x38   0x.... 0x....      BL       expf
   \       0x3C   0xEEF7 0x0A00      VMOV.F32 S1,#1.0
   \       0x40   0xEE70 0x0AC0      VSUB.F32 S1,S1,S0
     17            float filteredValue = oldValue + (value - oldValue) * tau;
   \       0x44   0xED94 0x0A03      VLDR     S0,[R4, #+12]
   \       0x48   0xEE38 0x1A40      VSUB.F32 S2,S16,S0
   \       0x4C   0xED94 0x0A03      VLDR     S0,[R4, #+12]
   \       0x50   0xEE01 0x0A20      VMLA.F32 S0,S2,S1
     18            oldValue = filteredValue;
   \       0x54   0xED84 0x0A03      VSTR     S0,[R4, #+12]
     19            return filteredValue;
   \                     ??FilterValue_1: (+1)
   \       0x58   0xECBD 0x8B02      VPOP     {D8}
   \       0x5C   0xBD10             POP      {R4,PC}
     20          }

   \                                 In section .text, align 4, keep-with-next
   \                     ??DataTable1:
   \        0x0   0x....'....        DC32     _ZTV13DigitalFilter+0x8

   Maximum stack usage in bytes:

   .cstack Function
   ------- --------
      16   DigitalFilter::DigitalFilter(float const &, float const &)
        16   -> IDigitalFilter::subobject IDigitalFilter() noexcept
      16   DigitalFilter::FilterValue(float)
        16   -> expf
       8   DigitalFilter::subobject DigitalFilter(float const &, float const &)
         8   -> DigitalFilter::DigitalFilter(float const &, float const &)
       0   IDigitalFilter::IDigitalFilter() noexcept
       8   IDigitalFilter::subobject IDigitalFilter() noexcept
         8   -> IDigitalFilter::IDigitalFilter() noexcept


   Section sizes:

   Bytes  Function/Label
   -----  --------------
       4  ??DataTable1
      34  DigitalFilter::DigitalFilter(float const &, float const &)
      94  DigitalFilter::FilterValue(float)
      12  DigitalFilter::subobject DigitalFilter(float const &, float const &)
       2  IDigitalFilter::IDigitalFilter() noexcept
      12  IDigitalFilter::subobject IDigitalFilter() noexcept
      68  -- Other

 
  68 bytes in section .rodata
 158 bytes in section .text
 
 144 bytes of CODE  memory (+ 14 bytes shared)
   0 bytes of CONST memory (+ 68 bytes shared)

Errors: none
Warnings: none
