###############################################################################
#
# IAR ANSI C/C++ Compiler V9.30.1.335/W64 for ARM         27/Apr/2025  00:21:27
# Copyright 1999-2022 IAR Systems AB.
#
#    Cpu mode                     =  thumb
#    Endian                       =  little
#    Source file                  =
#        D:\Documents\Other\Homework\Kolodiy\CoursePaper\source\RtosWrapper\Application\Leds\LedController.cpp
#    Command line                 =
#        -f
#        D:\Documents\Other\Homework\Kolodiy\CoursePaper\source\RtosWrapper\Debug\Obj\Application\Leds\LedController.o.rsp
#        (D:\Documents\Other\Homework\Kolodiy\CoursePaper\source\RtosWrapper\Application\Leds\LedController.cpp
#        -lC
#        D:\Documents\Other\Homework\Kolodiy\CoursePaper\source\RtosWrapper\Debug\List\Application\Leds
#        -lA
#        D:\Documents\Other\Homework\Kolodiy\CoursePaper\source\RtosWrapper\Debug\List\Application\Leds
#        -o
#        D:\Documents\Other\Homework\Kolodiy\CoursePaper\source\RtosWrapper\Debug\Obj\Application\Leds
#        --no_cse --no_unroll --no_inline --no_code_motion --no_tbaa
#        --no_clustering --no_scheduling --debug --endian=little
#        --cpu=Cortex-M4 -e --fpu=VFPv4_sp --dlib_config
#        D:\Games\Programs\IAR\arm\inc\c\DLib_Config_Normal.h -I
#        D:\Documents\Other\Homework\Kolodiy\CoursePaper\source\RtosWrapper\Rtos\
#        -I
#        D:\Documents\Other\Homework\Kolodiy\CoursePaper\source\RtosWrapper\Rtos\wrapper\
#        -I
#        D:\Documents\Other\Homework\Kolodiy\CoursePaper\source\RtosWrapper\Rtos\wrapper\FreeRtos\
#        -I
#        D:\Documents\Other\Homework\Kolodiy\CoursePaper\source\RtosWrapper\Rtos\FreeRtos\
#        -I
#        D:\Documents\Other\Homework\Kolodiy\CoursePaper\source\RtosWrapper\Rtos\FreeRtos\include\
#        -I
#        D:\Documents\Other\Homework\Kolodiy\CoursePaper\source\RtosWrapper\Rtos\FreeRtos\portable\
#        -I
#        D:\Documents\Other\Homework\Kolodiy\CoursePaper\source\RtosWrapper\Rtos\FreeRtos\portable\Common\
#        -I
#        D:\Documents\Other\Homework\Kolodiy\CoursePaper\source\RtosWrapper\Rtos\FreeRtos\portable\IAR\
#        -I
#        D:\Documents\Other\Homework\Kolodiy\CoursePaper\source\RtosWrapper\Rtos\FreeRtos\portable\IAR\ARM_CM4F\
#        -I
#        D:\Documents\Other\Homework\Kolodiy\CoursePaper\source\RtosWrapper\Rtos\FreeRtos\portable\MemMang\
#        -I
#        D:\Documents\Other\Homework\Kolodiy\CoursePaper\source\RtosWrapper\MyTasks\
#        -I
#        D:\Documents\Other\Homework\Kolodiy\CoursePaper\source\RtosWrapper\Common\
#        -I
#        D:\Documents\Other\Homework\Kolodiy\CoursePaper\source\RtosWrapper\CMSIS\
#        -I
#        D:\Documents\Other\Homework\Kolodiy\CoursePaper\source\RtosWrapper\Application\
#        -I
#        D:\Documents\Other\Homework\Kolodiy\CoursePaper\source\RtosWrapper\Application\Diagnostic\
#        -I
#        D:\Documents\Other\Homework\Kolodiy\CoursePaper\source\RtosWrapper\AHardware\
#        -I
#        D:\Documents\Other\Homework\Kolodiy\CoursePaper\source\RtosWrapper\AHardware\GpioPort\
#        -I
#        D:\Documents\Other\Homework\Kolodiy\CoursePaper\source\RtosWrapper\AHardware\IrqController\
#        -I
#        D:\Documents\Other\Homework\Kolodiy\CoursePaper\source\RtosWrapper\..\CortexLib\AbstractHardware\Pin\
#        -I
#        D:\Documents\Other\Homework\Kolodiy\CoursePaper\source\RtosWrapper\..\CortexLib\AbstractHardware\Registers\STM32F411\FieldValues\
#        -I
#        D:\Documents\Other\Homework\Kolodiy\CoursePaper\source\RtosWrapper\..\CortexLib\AbstractHardware\Registers\STM32F411\
#        -I
#        D:\Documents\Other\Homework\Kolodiy\CoursePaper\source\RtosWrapper\..\CortexLib\AbstractHardware\Registers\
#        -I
#        D:\Documents\Other\Homework\Kolodiy\CoursePaper\source\RtosWrapper\..\CortexLib\AbstractHardware\Port\
#        -I
#        D:\Documents\Other\Homework\Kolodiy\CoursePaper\source\RtosWrapper\..\CortexLib\AbstractHardware\Atomic\
#        -I
#        D:\Documents\Other\Homework\Kolodiy\CoursePaper\source\RtosWrapper\..\CortexLib\Common\
#        -I
#        D:\Documents\Other\Homework\Kolodiy\CoursePaper\source\RtosWrapper\..\CortexLib\Common\Singleton\
#        -I
#        D:\Documents\Other\Homework\Kolodiy\CoursePaper\source\RtosWrapper\..\CortexLib\Common\RomObject\
#        -I
#        D:\Documents\Other\Homework\Kolodiy\CoursePaper\source\RtosWrapper\Application\AdcDmaDataProvider\
#        -I
#        D:\Documents\Other\Homework\Kolodiy\CoursePaper\source\RtosWrapper\Application\AdcDmaDataProvider\Contracts\
#        -I
#        D:\Documents\Other\Homework\Kolodiy\CoursePaper\source\RtosWrapper\Application\DataRepository\
#        -I
#        D:\Documents\Other\Homework\Kolodiy\CoursePaper\source\RtosWrapper\Application\DataRepository\Contracts\
#        -I
#        D:\Documents\Other\Homework\Kolodiy\CoursePaper\source\RtosWrapper\Application\DigitalFilter\
#        -I
#        D:\Documents\Other\Homework\Kolodiy\CoursePaper\source\RtosWrapper\Application\DigitalFilter\Contracts\
#        -I
#        D:\Documents\Other\Homework\Kolodiy\CoursePaper\source\RtosWrapper\Application\Formatter\
#        -I
#        D:\Documents\Other\Homework\Kolodiy\CoursePaper\source\RtosWrapper\Application\Formatter\Contracts\
#        -I
#        D:\Documents\Other\Homework\Kolodiy\CoursePaper\source\RtosWrapper\Application\Leds\
#        -I
#        D:\Documents\Other\Homework\Kolodiy\CoursePaper\source\RtosWrapper\Application\Leds\Contracts\
#        -I
#        D:\Documents\Other\Homework\Kolodiy\CoursePaper\source\RtosWrapper\Application\Usart\
#        -I
#        D:\Documents\Other\Homework\Kolodiy\CoursePaper\source\RtosWrapper\Application\Usart\Contracts\
#        -I
#        D:\Documents\Other\Homework\Kolodiy\CoursePaper\source\RtosWrapper\Application\Voltage\
#        -I
#        D:\Documents\Other\Homework\Kolodiy\CoursePaper\source\RtosWrapper\Application\Voltage\Contracts\
#        -I
#        D:\Documents\Other\Homework\Kolodiy\CoursePaper\source\RtosWrapper\Tasks\
#        -I
#        D:\Documents\Other\Homework\Kolodiy\CoursePaper\source\RtosWrapper\Tasks\Contracts\
#        -On --c++ --no_exceptions --no_rtti) --dependencies=n
#        D:\Documents\Other\Homework\Kolodiy\CoursePaper\source\RtosWrapper\Debug\Obj\Application\Leds\LedController.o.d
#    Locale                       =  C
#    List file                    =
#        D:\Documents\Other\Homework\Kolodiy\CoursePaper\source\RtosWrapper\Debug\List\Application\Leds\LedController.lst
#    Object file                  =
#        D:\Documents\Other\Homework\Kolodiy\CoursePaper\source\RtosWrapper\Debug\Obj\Application\Leds\LedController.o
#    Runtime model:                  
#      __CPP_Exceptions           =  Disabled
#      __CPP_Language             =  C++14
#      __CPP_Library              =  DLib
#      __CPP_Runtime              =  1
#      __SystemLibrary            =  DLib
#      __dlib_file_descriptor     =  0
#      __dlib_full_locale_support =  0
#      __dlib_version             =  6
#
###############################################################################

D:\Documents\Other\Homework\Kolodiy\CoursePaper\source\RtosWrapper\Application\Leds\LedController.cpp
      1          #include "LedController.hpp" // for LedCalculator

   \                                 In section .text, align 2
   \   __vfp ILedController::subobject ILedController() noexcept
   \                     _ZN14ILedControllerC2Ev: (+1)
   \        0x0   0xB510             PUSH     {R4,LR}
   \        0x2   0x0004             MOVS     R4,R0
   \        0x4   0x0020             MOVS     R0,R4
   \        0x6   0x.... 0x....      BL       _ZN14ILedControllerC1Ev
   \        0xA   0xBD10             POP      {R4,PC}

   \                                 In section .text, align 2
   \   __vfp ILedController::ILedController() noexcept
   \                     _ZN14ILedControllerC1Ev: (+1)
   \        0x0   0x4770             BX       LR
      2          #include "gpioaregisters.hpp" // for GPIOA

   \                                 In section .text, align 4
   \   __vfp void RegisterBase<1'073'872'916U, 32U, ReadWriteMode>::Write<ReadWriteMode, void>(uint32_t)
   \                     _ZN12RegisterBaseILj1073872916ELj32E13ReadWriteModeE5WriteIS0_vEEvj: (+1)
   \        0x0   0x4901             LDR.N    R1,??Write_0
   \        0x2   0x6008             STR      R0,[R1, #+0]
   \        0x4   0x4770             BX       LR
   \        0x6   0xBF00             Nop
   \                     ??Write_0:
   \        0x8   0x4002'0014        DC32     0x40020014

   \                                 In section .text, align 4
   \   __vfp void RegisterBase<1'073'874'964U, 32U, ReadWriteMode>::Write<ReadWriteMode, void>(uint32_t)
   \                     _ZN12RegisterBaseILj1073874964ELj32E13ReadWriteModeE5WriteIS0_vEEvj: (+1)
   \        0x0   0x4901             LDR.N    R1,??Write_1
   \        0x2   0x6008             STR      R0,[R1, #+0]
   \        0x4   0x4770             BX       LR
   \        0x6   0xBF00             Nop
   \                     ??Write_1:
   \        0x8   0x4002'0814        DC32     0x40020814

   \                                 In section .text, align 4
   \   __vfp void RegisterBase<1'073'872'916U, 32U, ReadWriteMode>::Set<ReadWriteMode, void>(uint32_t)
   \                     _ZN12RegisterBaseILj1073872916ELj32E13ReadWriteModeE3SetIS0_vEEvj: (+1)
   \        0x0   0x4A02             LDR.N    R2,??Set_0
   \        0x2   0x6811             LDR      R1,[R2, #+0]
   \        0x4   0xEA50 0x0301      ORRS     R3,R0,R1
   \        0x8   0x6013             STR      R3,[R2, #+0]
   \        0xA   0x4770             BX       LR
   \                     ??Set_0:
   \        0xC   0x4002'0014        DC32     0x40020014

   \                                 In section .text, align 4
   \   __vfp void RegisterBase<1'073'874'964U, 32U, ReadWriteMode>::Set<ReadWriteMode, void>(uint32_t)
   \                     _ZN12RegisterBaseILj1073874964ELj32E13ReadWriteModeE3SetIS0_vEEvj: (+1)
   \        0x0   0x4A02             LDR.N    R2,??Set_1
   \        0x2   0x6811             LDR      R1,[R2, #+0]
   \        0x4   0xEA50 0x0301      ORRS     R3,R0,R1
   \        0x8   0x6013             STR      R3,[R2, #+0]
   \        0xA   0x4770             BX       LR
   \                     ??Set_1:
   \        0xC   0x4002'0814        DC32     0x40020814

   \                                 In section .text, align 4
   \   __vfp uint32_t RegisterBase<1'073'872'916U, 32U, ReadWriteMode>::Get<ReadWriteMode, void>()
   \                     _ZN12RegisterBaseILj1073872916ELj32E13ReadWriteModeE3GetIS0_vEEjv: (+1)
   \        0x0   0x4801             LDR.N    R0,??Get_0
   \        0x2   0x6800             LDR      R0,[R0, #+0]
   \        0x4   0x4770             BX       LR
   \        0x6   0xBF00             Nop
   \                     ??Get_0:
   \        0x8   0x4002'0014        DC32     0x40020014

   \                                 In section .text, align 4
   \   __vfp uint32_t RegisterBase<1'073'874'964U, 32U, ReadWriteMode>::Get<ReadWriteMode, void>()
   \                     _ZN12RegisterBaseILj1073874964ELj32E13ReadWriteModeE3GetIS0_vEEjv: (+1)
   \        0x0   0x4801             LDR.N    R0,??Get_1
   \        0x2   0x6800             LDR      R0,[R0, #+0]
   \        0x4   0x4770             BX       LR
   \        0x6   0xBF00             Nop
   \                     ??Get_1:
   \        0x8   0x4002'0814        DC32     0x40020814
      3          #include "gpiocregisters.hpp" // for GPIOC
      4          

   \                                 In section .text, align 2, keep-with-next
   \   __vfp LedController::subobject LedController()
   \                     _ZN13LedControllerC2Ev: (+1)
   \        0x0   0xB510             PUSH     {R4,LR}
   \        0x2   0x0004             MOVS     R4,R0
   \        0x4   0x0020             MOVS     R0,R4
   \        0x6   0x.... 0x....      BL       _ZN13LedControllerC1Ev
   \        0xA   0xBD10             POP      {R4,PC}

   \                                 In section .text, align 2, keep-with-next
      5          LedController::LedController()
      6          {}
   \                     _ZN13LedControllerC1Ev: (+1)
   \        0x0   0xB510             PUSH     {R4,LR}
   \        0x2   0x0004             MOVS     R4,R0
   \        0x4   0x0020             MOVS     R0,R4
   \        0x6   0x.... 0x....      BL       _ZN14ILedControllerC2Ev
   \        0xA   0x....             LDR.N    R0,??DataTable1
   \        0xC   0x6020             STR      R0,[R4, #+0]
   \        0xE   0x0020             MOVS     R0,R4
   \       0x10   0xBD10             POP      {R4,PC}
      7          

   \                                 In section .text, align 2, keep-with-next
      8          void LedController::Indicate(uint8_t ledAmount)
      9          {
   \                     _ZN13LedController8IndicateEh: (+1)
   \        0x0   0xB538             PUSH     {R3-R5,LR}
   \        0x2   0x0004             MOVS     R4,R0
   \        0x4   0x000D             MOVS     R5,R1
     10            switch(ledAmount)
   \        0x6   0x0028             MOVS     R0,R5
   \        0x8   0xB2C0             UXTB     R0,R0
   \        0xA   0x2801             CMP      R0,#+1
   \        0xC   0xD006             BEQ.N    ??Indicate_0
   \        0xE   0xD350             BCC.N    ??Indicate_1
   \       0x10   0x2803             CMP      R0,#+3
   \       0x12   0xD02D             BEQ.N    ??Indicate_2
   \       0x14   0xD318             BCC.N    ??Indicate_3
   \       0x16   0x2804             CMP      R0,#+4
   \       0x18   0xD03C             BEQ.N    ??Indicate_4
   \       0x1A   0xE04A             B.N      ??Indicate_1
     11            {
     12            case 1U:
     13              GPIOA::ODR::Set(1 << 5); // on led1
   \                     ??Indicate_0: (+1)
   \       0x1C   0x2020             MOVS     R0,#+32
   \       0x1E   0x.... 0x....      BL       _ZN12RegisterBaseILj1073872916ELj32E13ReadWriteModeE3SetIS0_vEEvj
     14              GPIOC::ODR::Write(GPIOC::ODR::Get() &~ (1 << 9)); // off led2
   \       0x22   0x.... 0x....      BL       _ZN12RegisterBaseILj1073874964ELj32E13ReadWriteModeE3GetIS0_vEEjv
   \       0x26   0xF430 0x7000      BICS     R0,R0,#0x200
   \       0x2A   0x.... 0x....      BL       _ZN12RegisterBaseILj1073874964ELj32E13ReadWriteModeE5WriteIS0_vEEvj
     15              GPIOC::ODR::Write(GPIOC::ODR::Get() &~ (1 << 8)); // off led3
   \       0x2E   0x.... 0x....      BL       _ZN12RegisterBaseILj1073874964ELj32E13ReadWriteModeE3GetIS0_vEEjv
   \       0x32   0xF430 0x7080      BICS     R0,R0,#0x100
   \       0x36   0x.... 0x....      BL       _ZN12RegisterBaseILj1073874964ELj32E13ReadWriteModeE5WriteIS0_vEEvj
     16              GPIOC::ODR::Write(GPIOC::ODR::Get() &~ (1 << 5)); // off led4
   \       0x3A   0x.... 0x....      BL       _ZN12RegisterBaseILj1073874964ELj32E13ReadWriteModeE3GetIS0_vEEjv
   \       0x3E   0xF030 0x0020      BICS     R0,R0,#0x20
   \       0x42   0x.... 0x....      BL       _ZN12RegisterBaseILj1073874964ELj32E13ReadWriteModeE5WriteIS0_vEEvj
     17              break;
   \       0x46   0xE04C             B.N      ??Indicate_5
     18            case 2U:
     19              GPIOA::ODR::Set(1 << 5); // on led1
   \                     ??Indicate_3: (+1)
   \       0x48   0x2020             MOVS     R0,#+32
   \       0x4A   0x.... 0x....      BL       _ZN12RegisterBaseILj1073872916ELj32E13ReadWriteModeE3SetIS0_vEEvj
     20              GPIOC::ODR::Set(1 << 9); // on led2
   \       0x4E   0xF44F 0x7000      MOV      R0,#+512
   \       0x52   0x.... 0x....      BL       _ZN12RegisterBaseILj1073874964ELj32E13ReadWriteModeE3SetIS0_vEEvj
     21              GPIOC::ODR::Write(GPIOC::ODR::Get() &~ (1 << 8)); // off led3
   \       0x56   0x.... 0x....      BL       _ZN12RegisterBaseILj1073874964ELj32E13ReadWriteModeE3GetIS0_vEEjv
   \       0x5A   0xF430 0x7080      BICS     R0,R0,#0x100
   \       0x5E   0x.... 0x....      BL       _ZN12RegisterBaseILj1073874964ELj32E13ReadWriteModeE5WriteIS0_vEEvj
     22              GPIOC::ODR::Write(GPIOC::ODR::Get() &~ (1 << 5)); // off led4
   \       0x62   0x.... 0x....      BL       _ZN12RegisterBaseILj1073874964ELj32E13ReadWriteModeE3GetIS0_vEEjv
   \       0x66   0xF030 0x0020      BICS     R0,R0,#0x20
   \       0x6A   0x.... 0x....      BL       _ZN12RegisterBaseILj1073874964ELj32E13ReadWriteModeE5WriteIS0_vEEvj
     23              break;
   \       0x6E   0xE038             B.N      ??Indicate_5
     24            case 3U:
     25              GPIOA::ODR::Set(1 << 5); // on led1
   \                     ??Indicate_2: (+1)
   \       0x70   0x2020             MOVS     R0,#+32
   \       0x72   0x.... 0x....      BL       _ZN12RegisterBaseILj1073872916ELj32E13ReadWriteModeE3SetIS0_vEEvj
     26              GPIOC::ODR::Set(1 << 9); // on led2
   \       0x76   0xF44F 0x7000      MOV      R0,#+512
   \       0x7A   0x.... 0x....      BL       _ZN12RegisterBaseILj1073874964ELj32E13ReadWriteModeE3SetIS0_vEEvj
     27              GPIOC::ODR::Set(1 << 8); // on led3
   \       0x7E   0xF44F 0x7080      MOV      R0,#+256
   \       0x82   0x.... 0x....      BL       _ZN12RegisterBaseILj1073874964ELj32E13ReadWriteModeE3SetIS0_vEEvj
     28              GPIOC::ODR::Write(GPIOC::ODR::Get() &~ (1 << 5)); // off led4
   \       0x86   0x.... 0x....      BL       _ZN12RegisterBaseILj1073874964ELj32E13ReadWriteModeE3GetIS0_vEEjv
   \       0x8A   0xF030 0x0020      BICS     R0,R0,#0x20
   \       0x8E   0x.... 0x....      BL       _ZN12RegisterBaseILj1073874964ELj32E13ReadWriteModeE5WriteIS0_vEEvj
     29              break;
   \       0x92   0xE026             B.N      ??Indicate_5
     30            case 4U:
     31              GPIOA::ODR::Set(1 << 5); // on led1
   \                     ??Indicate_4: (+1)
   \       0x94   0x2020             MOVS     R0,#+32
   \       0x96   0x.... 0x....      BL       _ZN12RegisterBaseILj1073872916ELj32E13ReadWriteModeE3SetIS0_vEEvj
     32              GPIOC::ODR::Set(1 << 9); // on led2
   \       0x9A   0xF44F 0x7000      MOV      R0,#+512
   \       0x9E   0x.... 0x....      BL       _ZN12RegisterBaseILj1073874964ELj32E13ReadWriteModeE3SetIS0_vEEvj
     33              GPIOC::ODR::Set(1 << 8); // on led3
   \       0xA2   0xF44F 0x7080      MOV      R0,#+256
   \       0xA6   0x.... 0x....      BL       _ZN12RegisterBaseILj1073874964ELj32E13ReadWriteModeE3SetIS0_vEEvj
     34              GPIOC::ODR::Set(1 << 5); // on led4
   \       0xAA   0x2020             MOVS     R0,#+32
   \       0xAC   0x.... 0x....      BL       _ZN12RegisterBaseILj1073874964ELj32E13ReadWriteModeE3SetIS0_vEEvj
     35              break;
   \       0xB0   0xE017             B.N      ??Indicate_5
     36            default:
     37              GPIOA::ODR::Write(GPIOA::ODR::Get() &~ (1 << 5)); // off led1
   \                     ??Indicate_1: (+1)
   \       0xB2   0x.... 0x....      BL       _ZN12RegisterBaseILj1073872916ELj32E13ReadWriteModeE3GetIS0_vEEjv
   \       0xB6   0xF030 0x0020      BICS     R0,R0,#0x20
   \       0xBA   0x.... 0x....      BL       _ZN12RegisterBaseILj1073872916ELj32E13ReadWriteModeE5WriteIS0_vEEvj
     38              GPIOC::ODR::Write(GPIOC::ODR::Get() &~ (1 << 9)); // off led2
   \       0xBE   0x.... 0x....      BL       _ZN12RegisterBaseILj1073874964ELj32E13ReadWriteModeE3GetIS0_vEEjv
   \       0xC2   0xF430 0x7000      BICS     R0,R0,#0x200
   \       0xC6   0x.... 0x....      BL       _ZN12RegisterBaseILj1073874964ELj32E13ReadWriteModeE5WriteIS0_vEEvj
     39              GPIOC::ODR::Write(GPIOC::ODR::Get() &~ (1 << 8)); // off led3
   \       0xCA   0x.... 0x....      BL       _ZN12RegisterBaseILj1073874964ELj32E13ReadWriteModeE3GetIS0_vEEjv
   \       0xCE   0xF430 0x7080      BICS     R0,R0,#0x100
   \       0xD2   0x.... 0x....      BL       _ZN12RegisterBaseILj1073874964ELj32E13ReadWriteModeE5WriteIS0_vEEvj
     40              GPIOC::ODR::Write(GPIOC::ODR::Get() &~ (1 << 5)); // off led4
   \       0xD6   0x.... 0x....      BL       _ZN12RegisterBaseILj1073874964ELj32E13ReadWriteModeE3GetIS0_vEEjv
   \       0xDA   0xF030 0x0020      BICS     R0,R0,#0x20
   \       0xDE   0x.... 0x....      BL       _ZN12RegisterBaseILj1073874964ELj32E13ReadWriteModeE5WriteIS0_vEEvj
     41              break;
     42            }
     43          }
   \                     ??Indicate_5: (+1)
   \       0xE2   0xBD31             POP      {R0,R4,R5,PC}

   \                                 In section .text, align 4, keep-with-next
   \                     ??DataTable1:
   \        0x0   0x....'....        DC32     _ZTV13LedController+0x8

   Maximum stack usage in bytes:

   .cstack Function
   ------- --------
       0   ILedController::ILedController() noexcept
       8   ILedController::subobject ILedController() noexcept
         8   -> ILedController::ILedController() noexcept
      16   LedController::Indicate(uint8_t)
        16   -> RegisterBase<1'073'872'916U, 32U, ReadWriteMode>::Get<ReadWriteMode, void>()
        16   -> RegisterBase<1'073'872'916U, 32U, ReadWriteMode>::Set<ReadWriteMode, void>(uint32_t)
        16   -> RegisterBase<1'073'872'916U, 32U, ReadWriteMode>::Write<ReadWriteMode, void>(uint32_t)
        16   -> RegisterBase<1'073'874'964U, 32U, ReadWriteMode>::Get<ReadWriteMode, void>()
        16   -> RegisterBase<1'073'874'964U, 32U, ReadWriteMode>::Set<ReadWriteMode, void>(uint32_t)
        16   -> RegisterBase<1'073'874'964U, 32U, ReadWriteMode>::Write<ReadWriteMode, void>(uint32_t)
       8   LedController::LedController()
         8   -> ILedController::subobject ILedController() noexcept
       8   LedController::subobject LedController()
         8   -> LedController::LedController()
       0   RegisterBase<1'073'872'916U, 32U, ReadWriteMode>::Get<ReadWriteMode, void>()
       0   RegisterBase<1'073'872'916U, 32U, ReadWriteMode>::Set<ReadWriteMode, void>(uint32_t)
       0   RegisterBase<1'073'872'916U, 32U, ReadWriteMode>::Write<ReadWriteMode, void>(uint32_t)
       0   RegisterBase<1'073'874'964U, 32U, ReadWriteMode>::Get<ReadWriteMode, void>()
       0   RegisterBase<1'073'874'964U, 32U, ReadWriteMode>::Set<ReadWriteMode, void>(uint32_t)
       0   RegisterBase<1'073'874'964U, 32U, ReadWriteMode>::Write<ReadWriteMode, void>(uint32_t)


   Section sizes:

   Bytes  Function/Label
   -----  --------------
       4  ??DataTable1
       2  ILedController::ILedController() noexcept
      12  ILedController::subobject ILedController() noexcept
     228  LedController::Indicate(uint8_t)
      18  LedController::LedController()
      12  LedController::subobject LedController()
      12  RegisterBase<1'073'872'916U, 32U, ReadWriteMode>::Get<ReadWriteMode, void>()
      16  RegisterBase<1'073'872'916U, 32U, ReadWriteMode>::Set<ReadWriteMode, void>(uint32_t)
      12  RegisterBase<1'073'872'916U, 32U, ReadWriteMode>::Write<ReadWriteMode, void>(uint32_t)
      12  RegisterBase<1'073'874'964U, 32U, ReadWriteMode>::Get<ReadWriteMode, void>()
      16  RegisterBase<1'073'874'964U, 32U, ReadWriteMode>::Set<ReadWriteMode, void>(uint32_t)
      12  RegisterBase<1'073'874'964U, 32U, ReadWriteMode>::Write<ReadWriteMode, void>(uint32_t)
      68  -- Other

 
  68 bytes in section .rodata
 356 bytes in section .text
 
 262 bytes of CODE  memory (+ 94 bytes shared)
   0 bytes of CONST memory (+ 68 bytes shared)

Errors: none
Warnings: none
