###############################################################################
#
# IAR ANSI C/C++ Compiler V9.30.1.335/W64 for ARM         01/May/2025  20:41:17
# Copyright 1999-2022 IAR Systems AB.
#
#    Cpu mode                     =  thumb
#    Endian                       =  little
#    Source file                  =
#        D:\Documents\Other\Homework\Kolodiy\CoursePaper\source\RtosWrapper\Application\Formatter\Formatter.cpp
#        [UTF-8]
#    Command line                 =
#        -f
#        D:\Documents\Other\Homework\Kolodiy\CoursePaper\source\RtosWrapper\Debug\Obj\Application\Formatter\Formatter.o.rsp
#        (D:\Documents\Other\Homework\Kolodiy\CoursePaper\source\RtosWrapper\Application\Formatter\Formatter.cpp
#        -lC
#        D:\Documents\Other\Homework\Kolodiy\CoursePaper\source\RtosWrapper\Debug\List\Application\Formatter
#        -lA
#        D:\Documents\Other\Homework\Kolodiy\CoursePaper\source\RtosWrapper\Debug\List\Application\Formatter
#        -o
#        D:\Documents\Other\Homework\Kolodiy\CoursePaper\source\RtosWrapper\Debug\Obj\Application\Formatter
#        --no_cse --no_unroll --no_inline --no_code_motion --no_tbaa
#        --no_clustering --no_scheduling --debug --endian=little
#        --cpu=Cortex-M4 -e --fpu=VFPv4_sp --dlib_config
#        D:\Games\Programs\IAR\arm\inc\c\DLib_Config_Normal.h -I
#        D:\Documents\Other\Homework\Kolodiy\CoursePaper\source\RtosWrapper\Rtos\
#        -I
#        D:\Documents\Other\Homework\Kolodiy\CoursePaper\source\RtosWrapper\Rtos\wrapper\
#        -I
#        D:\Documents\Other\Homework\Kolodiy\CoursePaper\source\RtosWrapper\Rtos\wrapper\FreeRtos\
#        -I
#        D:\Documents\Other\Homework\Kolodiy\CoursePaper\source\RtosWrapper\Rtos\FreeRtos\
#        -I
#        D:\Documents\Other\Homework\Kolodiy\CoursePaper\source\RtosWrapper\Rtos\FreeRtos\include\
#        -I
#        D:\Documents\Other\Homework\Kolodiy\CoursePaper\source\RtosWrapper\Rtos\FreeRtos\portable\
#        -I
#        D:\Documents\Other\Homework\Kolodiy\CoursePaper\source\RtosWrapper\Rtos\FreeRtos\portable\Common\
#        -I
#        D:\Documents\Other\Homework\Kolodiy\CoursePaper\source\RtosWrapper\Rtos\FreeRtos\portable\IAR\
#        -I
#        D:\Documents\Other\Homework\Kolodiy\CoursePaper\source\RtosWrapper\Rtos\FreeRtos\portable\IAR\ARM_CM4F\
#        -I
#        D:\Documents\Other\Homework\Kolodiy\CoursePaper\source\RtosWrapper\Rtos\FreeRtos\portable\MemMang\
#        -I
#        D:\Documents\Other\Homework\Kolodiy\CoursePaper\source\RtosWrapper\MyTasks\
#        -I
#        D:\Documents\Other\Homework\Kolodiy\CoursePaper\source\RtosWrapper\Common\
#        -I
#        D:\Documents\Other\Homework\Kolodiy\CoursePaper\source\RtosWrapper\CMSIS\
#        -I
#        D:\Documents\Other\Homework\Kolodiy\CoursePaper\source\RtosWrapper\Application\
#        -I
#        D:\Documents\Other\Homework\Kolodiy\CoursePaper\source\RtosWrapper\Application\Diagnostic\
#        -I
#        D:\Documents\Other\Homework\Kolodiy\CoursePaper\source\RtosWrapper\AHardware\
#        -I
#        D:\Documents\Other\Homework\Kolodiy\CoursePaper\source\RtosWrapper\AHardware\GpioPort\
#        -I
#        D:\Documents\Other\Homework\Kolodiy\CoursePaper\source\RtosWrapper\AHardware\IrqController\
#        -I
#        D:\Documents\Other\Homework\Kolodiy\CoursePaper\source\RtosWrapper\..\CortexLib\AbstractHardware\Pin\
#        -I
#        D:\Documents\Other\Homework\Kolodiy\CoursePaper\source\RtosWrapper\..\CortexLib\AbstractHardware\Registers\STM32F411\FieldValues\
#        -I
#        D:\Documents\Other\Homework\Kolodiy\CoursePaper\source\RtosWrapper\..\CortexLib\AbstractHardware\Registers\STM32F411\
#        -I
#        D:\Documents\Other\Homework\Kolodiy\CoursePaper\source\RtosWrapper\..\CortexLib\AbstractHardware\Registers\
#        -I
#        D:\Documents\Other\Homework\Kolodiy\CoursePaper\source\RtosWrapper\..\CortexLib\AbstractHardware\Port\
#        -I
#        D:\Documents\Other\Homework\Kolodiy\CoursePaper\source\RtosWrapper\..\CortexLib\AbstractHardware\Atomic\
#        -I
#        D:\Documents\Other\Homework\Kolodiy\CoursePaper\source\RtosWrapper\..\CortexLib\Common\
#        -I
#        D:\Documents\Other\Homework\Kolodiy\CoursePaper\source\RtosWrapper\..\CortexLib\Common\Singleton\
#        -I
#        D:\Documents\Other\Homework\Kolodiy\CoursePaper\source\RtosWrapper\..\CortexLib\Common\RomObject\
#        -I
#        D:\Documents\Other\Homework\Kolodiy\CoursePaper\source\RtosWrapper\Application\AdcDmaDataProvider\
#        -I
#        D:\Documents\Other\Homework\Kolodiy\CoursePaper\source\RtosWrapper\Application\AdcDmaDataProvider\Contracts\
#        -I
#        D:\Documents\Other\Homework\Kolodiy\CoursePaper\source\RtosWrapper\Application\DataRepository\
#        -I
#        D:\Documents\Other\Homework\Kolodiy\CoursePaper\source\RtosWrapper\Application\DataRepository\Contracts\
#        -I
#        D:\Documents\Other\Homework\Kolodiy\CoursePaper\source\RtosWrapper\Application\DigitalFilter\
#        -I
#        D:\Documents\Other\Homework\Kolodiy\CoursePaper\source\RtosWrapper\Application\DigitalFilter\Contracts\
#        -I
#        D:\Documents\Other\Homework\Kolodiy\CoursePaper\source\RtosWrapper\Application\Formatter\
#        -I
#        D:\Documents\Other\Homework\Kolodiy\CoursePaper\source\RtosWrapper\Application\Formatter\Contracts\
#        -I
#        D:\Documents\Other\Homework\Kolodiy\CoursePaper\source\RtosWrapper\Application\Leds\
#        -I
#        D:\Documents\Other\Homework\Kolodiy\CoursePaper\source\RtosWrapper\Application\Leds\Contracts\
#        -I
#        D:\Documents\Other\Homework\Kolodiy\CoursePaper\source\RtosWrapper\Application\Usart\
#        -I
#        D:\Documents\Other\Homework\Kolodiy\CoursePaper\source\RtosWrapper\Application\Usart\Contracts\
#        -I
#        D:\Documents\Other\Homework\Kolodiy\CoursePaper\source\RtosWrapper\Application\Voltage\
#        -I
#        D:\Documents\Other\Homework\Kolodiy\CoursePaper\source\RtosWrapper\Application\Voltage\Contracts\
#        -I
#        D:\Documents\Other\Homework\Kolodiy\CoursePaper\source\RtosWrapper\Tasks\
#        -I
#        D:\Documents\Other\Homework\Kolodiy\CoursePaper\source\RtosWrapper\Tasks\Contracts\
#        -I
#        D:\Documents\Other\Homework\Kolodiy\CoursePaper\source\RtosWrapper\..\CortexLib\AbstractHardware\Registers\CortexM4\
#        -I
#        D:\Documents\Other\Homework\Kolodiy\CoursePaper\source\RtosWrapper\..\CortexLib\AbstractHardware\Registers\CortexM4\FieldValues\
#        -On --c++ --no_exceptions --no_rtti --source_encoding utf8 --text_out
#        utf8 --utf8_text_in) --dependencies=n
#        D:\Documents\Other\Homework\Kolodiy\CoursePaper\source\RtosWrapper\Debug\Obj\Application\Formatter\Formatter.o.d
#    Locale                       =  C
#    List file                    =
#        D:\Documents\Other\Homework\Kolodiy\CoursePaper\source\RtosWrapper\Debug\List\Application\Formatter\Formatter.lst
#    Object file                  =
#        D:\Documents\Other\Homework\Kolodiy\CoursePaper\source\RtosWrapper\Debug\Obj\Application\Formatter\Formatter.o
#    Runtime model:                  
#      __CPP_Exceptions           =  Disabled
#      __CPP_Language             =  C++14
#      __CPP_Library              =  DLib
#      __CPP_Runtime              =  1
#      __SystemLibrary            =  DLib
#      __dlib_file_descriptor     =  0
#      __dlib_full_locale_support =  0
#      __dlib_version             =  6
#      __iar_require _Printf      =  floats,widths
#
###############################################################################

D:\Documents\Other\Homework\Kolodiy\CoursePaper\source\RtosWrapper\Application\Formatter\Formatter.cpp
      1          #include "Formatter.hpp" // for Formatter

   \                                 In section .text, align 2
   \   __vfp IFormatter::subobject IFormatter() noexcept
   \                     _ZN10IFormatterC2Ev: (+1)
   \        0x0   0xB510             PUSH     {R4,LR}
   \        0x2   0x0004             MOVS     R4,R0
   \        0x4   0x0020             MOVS     R0,R4
   \        0x6   0x.... 0x....      BL       _ZN10IFormatterC1Ev
   \        0xA   0xBD10             POP      {R4,PC}

   \                                 In section .text, align 2
   \   __vfp IFormatter::IFormatter() noexcept
   \                     _ZN10IFormatterC1Ev: (+1)
   \        0x0   0x4770             BX       LR
      2          #include <sstream> // for std::ostringstream
      3          

   \                                 In section .text, align 2, keep-with-next
   \   __vfp Formatter::subobject Formatter()
   \                     _ZN9FormatterC2Ev: (+1)
   \        0x0   0xB510             PUSH     {R4,LR}
   \        0x2   0x0004             MOVS     R4,R0
   \        0x4   0x0020             MOVS     R0,R4
   \        0x6   0x.... 0x....      BL       _ZN9FormatterC1Ev
   \        0xA   0xBD10             POP      {R4,PC}

   \                                 In section .text, align 2, keep-with-next
      4          Formatter :: Formatter() : mPrefix(nullptr)
      5          {}
   \                     _ZN9FormatterC1Ev: (+1)
   \        0x0   0xB510             PUSH     {R4,LR}
   \        0x2   0x0004             MOVS     R4,R0
   \        0x4   0x0020             MOVS     R0,R4
   \        0x6   0x.... 0x....      BL       _ZN10IFormatterC2Ev
   \        0xA   0x....             LDR.N    R0,??DataTable2
   \        0xC   0x6020             STR      R0,[R4, #+0]
   \        0xE   0x2000             MOVS     R0,#+0
   \       0x10   0xF8C4 0x0100      STR      R0,[R4, #+256]
   \       0x14   0x0020             MOVS     R0,R4
   \       0x16   0xBD10             POP      {R4,PC}
      6          

   \                                 In section .text, align 2, keep-with-next
      7          char* Formatter :: FormatString(const float value, const uint8_t precision, const char* unit, bool isFilteredValue)
      8          {
   \                     _ZN9Formatter12FormatStringEfhPKcb: (+1)
   \        0x0   0xB5F8             PUSH     {R3-R7,LR}
   \        0x2   0xED2D 0x8B02      VPUSH    {D8}
   \        0x6   0xB086             SUB      SP,SP,#+24
   \        0x8   0x0004             MOVS     R4,R0
   \        0xA   0xEEB0 0x8A40      VMOV.F32 S16,S0
   \        0xE   0x000F             MOVS     R7,R1
   \       0x10   0x0015             MOVS     R5,R2
   \       0x12   0x001E             MOVS     R6,R3
      9            mPrefix = isFilteredValue
     10              ? "Напряжение: "
     11                : "Неотфильтрованное напряжение: ";
   \       0x14   0x0030             MOVS     R0,R6
   \       0x16   0xB2C0             UXTB     R0,R0
   \       0x18   0x2800             CMP      R0,#+0
   \       0x1A   0xD001             BEQ.N    ??FormatString_0
   \       0x1C   0x....             LDR.N    R0,??DataTable2_1
   \       0x1E   0xE000             B.N      ??FormatString_1
   \                     ??FormatString_0: (+1)
   \       0x20   0x....             LDR.N    R0,??DataTable2_2
   \                     ??FormatString_1: (+1)
   \       0x22   0xF8C4 0x0100      STR      R0,[R4, #+256]
     12            
     13            std::snprintf(mBuffer, sizeof(mBuffer), "%s%.*f%s\r\n", mPrefix, precision, static_cast<double>(value), unit);
   \       0x26   0x9504             STR      R5,[SP, #+16]
   \       0x28   0xEE18 0x0A10      VMOV     R0,S16
   \       0x2C   0x.... 0x....      BL       __aeabi_f2d
   \       0x30   0xE9CD 0x0102      STRD     R0,R1,[SP, #+8]
   \       0x34   0x0038             MOVS     R0,R7
   \       0x36   0xB2C0             UXTB     R0,R0
   \       0x38   0x9000             STR      R0,[SP, #+0]
   \       0x3A   0xF8D4 0x3100      LDR      R3,[R4, #+256]
   \       0x3E   0x....             LDR.N    R2,??DataTable2_3
   \       0x40   0x21FA             MOVS     R1,#+250
   \       0x42   0x1D20             ADDS     R0,R4,#+4
   \       0x44   0x.... 0x....      BL       snprintf
     14                
     15            return mBuffer;
   \       0x48   0x1D20             ADDS     R0,R4,#+4
   \       0x4A   0xB006             ADD      SP,SP,#+24
   \       0x4C   0xECBD 0x8B02      VPOP     {D8}
   \       0x50   0xBDF2             POP      {R1,R4-R7,PC}
     16          }

   \                                 In section .text, align 4, keep-with-next
   \                     ??DataTable2:
   \        0x0   0x....'....        DC32     _ZTV9Formatter+0x8

   \                                 In section .text, align 4, keep-with-next
   \                     ??DataTable2_1:
   \        0x0   0x....'....        DC32     ?_0

   \                                 In section .text, align 4, keep-with-next
   \                     ??DataTable2_2:
   \        0x0   0x....'....        DC32     ?_1

   \                                 In section .text, align 4, keep-with-next
   \                     ??DataTable2_3:
   \        0x0   0x....'....        DC32     ?_2

   \                                 In section .rodata, align 4
   \                     ?_0:
   \        0x0   0xD0 0x9D          DC8 "\320\235\320\260\320\277\321\200\321\217\320\266\320\265\320\275\320\270\320\265: "

   \              0xD0 0xB0    

   \              0xD0 0xBF    

   \              0xD1 0x80    

   \              0xD1 0x8F    

   \              0xD0 0xB6    

   \              0xD0 0xB5    

   \              0xD0 0xBD    

   \              0xD0 0xB8    

   \              0xD0 0xB5    

   \              0x3A 0x20    

   \              0x00
   \       0x17                      DS8 1

   \                                 In section .rodata, align 4
   \                     ?_1:
   \        0x0   0xD0 0x9D          DC8 0xD0, 0x9D, 0xD0, 0xB5, 0xD0, 0xBE, 0xD1, 0x82

   \              0xD0 0xB5    

   \              0xD0 0xBE    

   \              0xD1 0x82
   \        0x8   0xD1 0x84          DC8 0xD1, 0x84, 0xD0, 0xB8, 0xD0, 0xBB, 0xD1, 0x8C

   \              0xD0 0xB8    

   \              0xD0 0xBB    

   \              0xD1 0x8C
   \       0x10   0xD1 0x82          DC8 0xD1, 0x82, 0xD1, 0x80, 0xD0, 0xBE, 0xD0, 0xB2

   \              0xD1 0x80    

   \              0xD0 0xBE    

   \              0xD0 0xB2
   \       0x18   0xD0 0xB0          DC8 0xD0, 0xB0, 0xD0, 0xBD, 0xD0, 0xBD, 0xD0, 0xBE

   \              0xD0 0xBD    

   \              0xD0 0xBD    

   \              0xD0 0xBE
   \       0x20   0xD0 0xB5          DC8 0xD0, 0xB5, 0x20, 0xD0, 0xBD, 0xD0, 0xB0, 0xD0

   \              0x20 0xD0    

   \              0xBD 0xD0    

   \              0xB0 0xD0
   \       0x28   0xBF 0xD1          DC8 0xBF, 0xD1, 0x80, 0xD1, 0x8F, 0xD0, 0xB6, 0xD0

   \              0x80 0xD1    

   \              0x8F 0xD0    

   \              0xB6 0xD0
   \       0x30   0xB5 0xD0          DC8 0xB5, 0xD0, 0xBD, 0xD0, 0xB8, 0xD0, 0xB5, 0x3A

   \              0xBD 0xD0    

   \              0xB8 0xD0    

   \              0xB5 0x3A
   \       0x38   0x20 0x00          DC8 0x20, 0
   \       0x3A                      DS8 2

   \                                 In section .rodata, align 4
   \                     ?_2:
   \        0x0   0x25 0x73          DC8 "%s%.*f%s\015\012"

   \              0x25 0x2E    

   \              0x2A 0x66    

   \              0x25 0x73    

   \              0x0D 0x0A    

   \              0x00
   \        0xB                      DS8 1

   Maximum stack usage in bytes:

   .cstack Function
   ------- --------
      56   Formatter::FormatString(float, uint8_t, char const *, bool)
        56   -> __aeabi_f2d
        56   -> snprintf
       8   Formatter::Formatter()
         8   -> IFormatter::subobject IFormatter() noexcept
       8   Formatter::subobject Formatter()
         8   -> Formatter::Formatter()
       0   IFormatter::IFormatter() noexcept
       8   IFormatter::subobject IFormatter() noexcept
         8   -> IFormatter::IFormatter() noexcept


   Section sizes:

   Bytes  Function/Label
   -----  --------------
       4  ??DataTable2
       4  ??DataTable2_1
       4  ??DataTable2_2
       4  ??DataTable2_3
      24  ?_0
      60  ?_1
      12  ?_2
      82  Formatter::FormatString(float, uint8_t, char const *, bool)
      24  Formatter::Formatter()
      12  Formatter::subobject Formatter()
       2  IFormatter::IFormatter() noexcept
      12  IFormatter::subobject IFormatter() noexcept
      84  -- Other

 
 180 bytes in section .rodata
 148 bytes in section .text
 
 134 bytes of CODE  memory (+ 14 bytes shared)
  96 bytes of CONST memory (+ 84 bytes shared)

Errors: none
Warnings: none
